---
http_interactions:
- request:
    method: post
    uri: https://api.stripe.com/v1/customers
    body:
      encoding: UTF-8
      string: email=stripe%40example.org&name=Stripe+User
    headers:
      User-Agent:
      - Stripe/v1 RubyBindings/5.52.0 PayRails/3.0.24 (https://github.com/pay-rails/pay)
      Authorization:
      - Bearer <STRIPE_PRIVATE_KEY>
      Content-Type:
      - application/x-www-form-urlencoded
      Idempotency-Key:
      - 45733868-420a-4c07-9df1-af5f580e30f6
      Stripe-Version:
      - '2020-08-27'
      X-Stripe-Client-User-Agent:
      - '{"application":{"name":"PayRails","partner_id":"pp_partner_IqhY0UExnJYLxg","url":"https://github.com/pay-rails/pay","version":"3.0.24"},"bindings_version":"5.52.0","lang":"ruby","lang_version":"3.1.2
        p20 (2022-04-12)","platform":"x86_64-darwin21","engine":"ruby","publisher":"stripe","uname":"Darwin
        Chriss-iMac.local 21.4.0 Darwin Kernel Version 21.4.0: Fri Mar 18 00:45:05
        PDT 2022; root:xnu-8020.101.4~15/RELEASE_X86_64 x86_64","hostname":"Chriss-iMac.local"}'
      Accept-Encoding:
      - gzip;q=1.0,deflate;q=0.6,identity;q=0.3
      Accept:
      - "*/*"
  response:
    status:
      code: 200
      message: OK
    headers:
      Server:
      - nginx
      Date:
      - Tue, 19 Apr 2022 19:12:28 GMT
      Content-Type:
      - application/json
      Content-Length:
      - '616'
      Connection:
      - keep-alive
      Access-Control-Allow-Credentials:
      - 'true'
      Access-Control-Allow-Methods:
      - GET, POST, HEAD, OPTIONS, DELETE
      Access-Control-Allow-Origin:
      - "*"
      Access-Control-Expose-Headers:
      - Request-Id, Stripe-Manage-Version, X-Stripe-External-Auth-Required, X-Stripe-Privileged-Session-Required
      Access-Control-Max-Age:
      - '300'
      Cache-Control:
      - no-cache, no-store
      Idempotency-Key:
      - 45733868-420a-4c07-9df1-af5f580e30f6
      Original-Request:
      - req_ZuWy8SQIeBlMjA
      Request-Id:
      - req_ZuWy8SQIeBlMjA
      Stripe-Should-Retry:
      - 'false'
      Stripe-Version:
      - '2020-08-27'
      Strict-Transport-Security:
      - max-age=31556926; includeSubDomains; preload
    body:
      encoding: UTF-8
      string: |
        {
          "id": "cus_LXRMv43xaWQPmg",
          "object": "customer",
          "address": null,
          "balance": 0,
          "created": 1650395548,
          "currency": null,
          "default_source": null,
          "delinquent": false,
          "description": null,
          "discount": null,
          "email": "stripe@example.org",
          "invoice_prefix": "34915342",
          "invoice_settings": {
            "custom_fields": null,
            "default_payment_method": null,
            "footer": null
          },
          "livemode": false,
          "metadata": {
          },
          "name": "Stripe User",
          "next_invoice_sequence": 1,
          "phone": null,
          "preferred_locales": [

          ],
          "shipping": null,
          "tax_exempt": "none",
          "test_clock": null
        }
  recorded_at: Tue, 19 Apr 2022 19:12:28 GMT
- request:
    method: post
    uri: https://api.stripe.com/v1/payment_methods/pm_card_visa/attach
    body:
      encoding: UTF-8
      string: customer=cus_LXRMv43xaWQPmg
    headers:
      User-Agent:
      - Stripe/v1 RubyBindings/5.52.0 PayRails/3.0.24 (https://github.com/pay-rails/pay)
      Authorization:
      - Bearer <STRIPE_PRIVATE_KEY>
      Content-Type:
      - application/x-www-form-urlencoded
      X-Stripe-Client-Telemetry:
      - '{"last_request_metrics":{"request_id":"req_ZuWy8SQIeBlMjA","request_duration_ms":562}}'
      Idempotency-Key:
      - 798226d7-5bfa-43b2-b720-3e668cc547ee
      Stripe-Version:
      - '2020-08-27'
      X-Stripe-Client-User-Agent:
      - '{"application":{"name":"PayRails","partner_id":"pp_partner_IqhY0UExnJYLxg","url":"https://github.com/pay-rails/pay","version":"3.0.24"},"bindings_version":"5.52.0","lang":"ruby","lang_version":"3.1.2
        p20 (2022-04-12)","platform":"x86_64-darwin21","engine":"ruby","publisher":"stripe","uname":"Darwin
        Chriss-iMac.local 21.4.0 Darwin Kernel Version 21.4.0: Fri Mar 18 00:45:05
        PDT 2022; root:xnu-8020.101.4~15/RELEASE_X86_64 x86_64","hostname":"Chriss-iMac.local"}'
      Accept-Encoding:
      - gzip;q=1.0,deflate;q=0.6,identity;q=0.3
      Accept:
      - "*/*"
  response:
    status:
      code: 200
      message: OK
    headers:
      Server:
      - nginx
      Date:
      - Tue, 19 Apr 2022 19:12:29 GMT
      Content-Type:
      - application/json
      Content-Length:
      - '943'
      Connection:
      - keep-alive
      Access-Control-Allow-Credentials:
      - 'true'
      Access-Control-Allow-Methods:
      - GET, POST, HEAD, OPTIONS, DELETE
      Access-Control-Allow-Origin:
      - "*"
      Access-Control-Expose-Headers:
      - Request-Id, Stripe-Manage-Version, X-Stripe-External-Auth-Required, X-Stripe-Privileged-Session-Required
      Access-Control-Max-Age:
      - '300'
      Cache-Control:
      - no-cache, no-store
      Idempotency-Key:
      - 798226d7-5bfa-43b2-b720-3e668cc547ee
      Original-Request:
      - req_PP2UZxjyVyCU9B
      Request-Id:
      - req_PP2UZxjyVyCU9B
      Stripe-Should-Retry:
      - 'false'
      Stripe-Version:
      - '2020-08-27'
      Strict-Transport-Security:
      - max-age=31556926; includeSubDomains; preload
    body:
      encoding: UTF-8
      string: |
        {
          "id": "pm_1KqMTRKXBGcbgpbZViRWkcTh",
          "object": "payment_method",
          "billing_details": {
            "address": {
              "city": null,
              "country": null,
              "line1": null,
              "line2": null,
              "postal_code": null,
              "state": null
            },
            "email": null,
            "name": null,
            "phone": null
          },
          "card": {
            "brand": "visa",
            "checks": {
              "address_line1_check": null,
              "address_postal_code_check": null,
              "cvc_check": null
            },
            "country": "US",
            "exp_month": 4,
            "exp_year": 2023,
            "fingerprint": "w4XDzQOFakih5EZM",
            "funding": "credit",
            "generated_from": null,
            "last4": "4242",
            "networks": {
              "available": [
                "visa"
              ],
              "preferred": null
            },
            "three_d_secure_usage": {
              "supported": true
            },
            "wallet": null
          },
          "created": 1650395549,
          "customer": "cus_LXRMv43xaWQPmg",
          "livemode": false,
          "metadata": {
          },
          "type": "card"
        }
  recorded_at: Tue, 19 Apr 2022 19:12:29 GMT
- request:
    method: post
    uri: https://api.stripe.com/v1/customers/cus_LXRMv43xaWQPmg
    body:
      encoding: UTF-8
      string: invoice_settings[default_payment_method]=pm_1KqMTRKXBGcbgpbZViRWkcTh
    headers:
      User-Agent:
      - Stripe/v1 RubyBindings/5.52.0 PayRails/3.0.24 (https://github.com/pay-rails/pay)
      Authorization:
      - Bearer <STRIPE_PRIVATE_KEY>
      Content-Type:
      - application/x-www-form-urlencoded
      X-Stripe-Client-Telemetry:
      - '{"last_request_metrics":{"request_id":"req_PP2UZxjyVyCU9B","request_duration_ms":967}}'
      Idempotency-Key:
      - 10a04b5d-4235-4d24-9311-b2f32151ac19
      Stripe-Version:
      - '2020-08-27'
      X-Stripe-Client-User-Agent:
      - '{"application":{"name":"PayRails","partner_id":"pp_partner_IqhY0UExnJYLxg","url":"https://github.com/pay-rails/pay","version":"3.0.24"},"bindings_version":"5.52.0","lang":"ruby","lang_version":"3.1.2
        p20 (2022-04-12)","platform":"x86_64-darwin21","engine":"ruby","publisher":"stripe","uname":"Darwin
        Chriss-iMac.local 21.4.0 Darwin Kernel Version 21.4.0: Fri Mar 18 00:45:05
        PDT 2022; root:xnu-8020.101.4~15/RELEASE_X86_64 x86_64","hostname":"Chriss-iMac.local"}'
      Accept-Encoding:
      - gzip;q=1.0,deflate;q=0.6,identity;q=0.3
      Accept:
      - "*/*"
  response:
    status:
      code: 200
      message: OK
    headers:
      Server:
      - nginx
      Date:
      - Tue, 19 Apr 2022 19:12:30 GMT
      Content-Type:
      - application/json
      Content-Length:
      - '641'
      Connection:
      - keep-alive
      Access-Control-Allow-Credentials:
      - 'true'
      Access-Control-Allow-Methods:
      - GET, POST, HEAD, OPTIONS, DELETE
      Access-Control-Allow-Origin:
      - "*"
      Access-Control-Expose-Headers:
      - Request-Id, Stripe-Manage-Version, X-Stripe-External-Auth-Required, X-Stripe-Privileged-Session-Required
      Access-Control-Max-Age:
      - '300'
      Cache-Control:
      - no-cache, no-store
      Idempotency-Key:
      - 10a04b5d-4235-4d24-9311-b2f32151ac19
      Original-Request:
      - req_arAuqGxIwA127N
      Request-Id:
      - req_arAuqGxIwA127N
      Stripe-Should-Retry:
      - 'false'
      Stripe-Version:
      - '2020-08-27'
      Strict-Transport-Security:
      - max-age=31556926; includeSubDomains; preload
    body:
      encoding: UTF-8
      string: |
        {
          "id": "cus_LXRMv43xaWQPmg",
          "object": "customer",
          "address": null,
          "balance": 0,
          "created": 1650395548,
          "currency": null,
          "default_source": null,
          "delinquent": false,
          "description": null,
          "discount": null,
          "email": "stripe@example.org",
          "invoice_prefix": "34915342",
          "invoice_settings": {
            "custom_fields": null,
            "default_payment_method": "pm_1KqMTRKXBGcbgpbZViRWkcTh",
            "footer": null
          },
          "livemode": false,
          "metadata": {
          },
          "name": "Stripe User",
          "next_invoice_sequence": 1,
          "phone": null,
          "preferred_locales": [

          ],
          "shipping": null,
          "tax_exempt": "none",
          "test_clock": null
        }
  recorded_at: Tue, 19 Apr 2022 19:12:30 GMT
- request:
    method: post
    uri: https://api.stripe.com/v1/payment_methods/pm_card_visa/attach
    body:
      encoding: UTF-8
      string: customer=cus_LXRMv43xaWQPmg
    headers:
      User-Agent:
      - Stripe/v1 RubyBindings/5.52.0 PayRails/3.0.24 (https://github.com/pay-rails/pay)
      Authorization:
      - Bearer <STRIPE_PRIVATE_KEY>
      Content-Type:
      - application/x-www-form-urlencoded
      X-Stripe-Client-Telemetry:
      - '{"last_request_metrics":{"request_id":"req_arAuqGxIwA127N","request_duration_ms":418}}'
      Idempotency-Key:
      - dc775383-d03f-4c57-be97-7f3762c71d47
      Stripe-Version:
      - '2020-08-27'
      X-Stripe-Client-User-Agent:
      - '{"application":{"name":"PayRails","partner_id":"pp_partner_IqhY0UExnJYLxg","url":"https://github.com/pay-rails/pay","version":"3.0.24"},"bindings_version":"5.52.0","lang":"ruby","lang_version":"3.1.2
        p20 (2022-04-12)","platform":"x86_64-darwin21","engine":"ruby","publisher":"stripe","uname":"Darwin
        Chriss-iMac.local 21.4.0 Darwin Kernel Version 21.4.0: Fri Mar 18 00:45:05
        PDT 2022; root:xnu-8020.101.4~15/RELEASE_X86_64 x86_64","hostname":"Chriss-iMac.local"}'
      Accept-Encoding:
      - gzip;q=1.0,deflate;q=0.6,identity;q=0.3
      Accept:
      - "*/*"
  response:
    status:
      code: 200
      message: OK
    headers:
      Server:
      - nginx
      Date:
      - Tue, 19 Apr 2022 19:12:31 GMT
      Content-Type:
      - application/json
      Content-Length:
      - '943'
      Connection:
      - keep-alive
      Access-Control-Allow-Credentials:
      - 'true'
      Access-Control-Allow-Methods:
      - GET, POST, HEAD, OPTIONS, DELETE
      Access-Control-Allow-Origin:
      - "*"
      Access-Control-Expose-Headers:
      - Request-Id, Stripe-Manage-Version, X-Stripe-External-Auth-Required, X-Stripe-Privileged-Session-Required
      Access-Control-Max-Age:
      - '300'
      Cache-Control:
      - no-cache, no-store
      Idempotency-Key:
      - dc775383-d03f-4c57-be97-7f3762c71d47
      Original-Request:
      - req_o7CeWW56tPgMFT
      Request-Id:
      - req_o7CeWW56tPgMFT
      Stripe-Should-Retry:
      - 'false'
      Stripe-Version:
      - '2020-08-27'
      Strict-Transport-Security:
      - max-age=31556926; includeSubDomains; preload
    body:
      encoding: UTF-8
      string: |
        {
          "id": "pm_1KqMTSKXBGcbgpbZRTyf8aoU",
          "object": "payment_method",
          "billing_details": {
            "address": {
              "city": null,
              "country": null,
              "line1": null,
              "line2": null,
              "postal_code": null,
              "state": null
            },
            "email": null,
            "name": null,
            "phone": null
          },
          "card": {
            "brand": "visa",
            "checks": {
              "address_line1_check": null,
              "address_postal_code_check": null,
              "cvc_check": null
            },
            "country": "US",
            "exp_month": 4,
            "exp_year": 2023,
            "fingerprint": "w4XDzQOFakih5EZM",
            "funding": "credit",
            "generated_from": null,
            "last4": "4242",
            "networks": {
              "available": [
                "visa"
              ],
              "preferred": null
            },
            "three_d_secure_usage": {
              "supported": true
            },
            "wallet": null
          },
          "created": 1650395550,
          "customer": "cus_LXRMv43xaWQPmg",
          "livemode": false,
          "metadata": {
          },
          "type": "card"
        }
  recorded_at: Tue, 19 Apr 2022 19:12:31 GMT
- request:
    method: post
    uri: https://api.stripe.com/v1/customers/cus_LXRMv43xaWQPmg
    body:
      encoding: UTF-8
      string: invoice_settings[default_payment_method]=pm_1KqMTSKXBGcbgpbZRTyf8aoU
    headers:
      User-Agent:
      - Stripe/v1 RubyBindings/5.52.0 PayRails/3.0.24 (https://github.com/pay-rails/pay)
      Authorization:
      - Bearer <STRIPE_PRIVATE_KEY>
      Content-Type:
      - application/x-www-form-urlencoded
      X-Stripe-Client-Telemetry:
      - '{"last_request_metrics":{"request_id":"req_o7CeWW56tPgMFT","request_duration_ms":1025}}'
      Idempotency-Key:
      - '09d95173-0d9a-41f0-b43c-8ec103e26827'
      Stripe-Version:
      - '2020-08-27'
      X-Stripe-Client-User-Agent:
      - '{"application":{"name":"PayRails","partner_id":"pp_partner_IqhY0UExnJYLxg","url":"https://github.com/pay-rails/pay","version":"3.0.24"},"bindings_version":"5.52.0","lang":"ruby","lang_version":"3.1.2
        p20 (2022-04-12)","platform":"x86_64-darwin21","engine":"ruby","publisher":"stripe","uname":"Darwin
        Chriss-iMac.local 21.4.0 Darwin Kernel Version 21.4.0: Fri Mar 18 00:45:05
        PDT 2022; root:xnu-8020.101.4~15/RELEASE_X86_64 x86_64","hostname":"Chriss-iMac.local"}'
      Accept-Encoding:
      - gzip;q=1.0,deflate;q=0.6,identity;q=0.3
      Accept:
      - "*/*"
  response:
    status:
      code: 200
      message: OK
    headers:
      Server:
      - nginx
      Date:
      - Tue, 19 Apr 2022 19:12:31 GMT
      Content-Type:
      - application/json
      Content-Length:
      - '641'
      Connection:
      - keep-alive
      Access-Control-Allow-Credentials:
      - 'true'
      Access-Control-Allow-Methods:
      - GET, POST, HEAD, OPTIONS, DELETE
      Access-Control-Allow-Origin:
      - "*"
      Access-Control-Expose-Headers:
      - Request-Id, Stripe-Manage-Version, X-Stripe-External-Auth-Required, X-Stripe-Privileged-Session-Required
      Access-Control-Max-Age:
      - '300'
      Cache-Control:
      - no-cache, no-store
      Idempotency-Key:
      - '09d95173-0d9a-41f0-b43c-8ec103e26827'
      Original-Request:
      - req_fk6stLTN0SR3ER
      Request-Id:
      - req_fk6stLTN0SR3ER
      Stripe-Should-Retry:
      - 'false'
      Stripe-Version:
      - '2020-08-27'
      Strict-Transport-Security:
      - max-age=31556926; includeSubDomains; preload
    body:
      encoding: UTF-8
      string: |
        {
          "id": "cus_LXRMv43xaWQPmg",
          "object": "customer",
          "address": null,
          "balance": 0,
          "created": 1650395548,
          "currency": null,
          "default_source": null,
          "delinquent": false,
          "description": null,
          "discount": null,
          "email": "stripe@example.org",
          "invoice_prefix": "34915342",
          "invoice_settings": {
            "custom_fields": null,
            "default_payment_method": "pm_1KqMTSKXBGcbgpbZRTyf8aoU",
            "footer": null
          },
          "livemode": false,
          "metadata": {
          },
          "name": "Stripe User",
          "next_invoice_sequence": 1,
          "phone": null,
          "preferred_locales": [

          ],
          "shipping": null,
          "tax_exempt": "none",
          "test_clock": null
        }
  recorded_at: Tue, 19 Apr 2022 19:12:31 GMT
- request:
    method: post
    uri: https://api.stripe.com/v1/payment_intents
    body:
      encoding: UTF-8
      string: amount=2900&confirm=true&currency=usd&customer=cus_LXRMv43xaWQPmg&payment_method=pm_1KqMTSKXBGcbgpbZRTyf8aoU&capture_method=manual
    headers:
      User-Agent:
      - Stripe/v1 RubyBindings/5.52.0 PayRails/3.0.24 (https://github.com/pay-rails/pay)
      Authorization:
      - Bearer <STRIPE_PRIVATE_KEY>
      Content-Type:
      - application/x-www-form-urlencoded
      X-Stripe-Client-Telemetry:
      - '{"last_request_metrics":{"request_id":"req_fk6stLTN0SR3ER","request_duration_ms":613}}'
      Idempotency-Key:
      - 581f63c5-95ae-4401-8060-438029012081
      Stripe-Version:
      - '2020-08-27'
      X-Stripe-Client-User-Agent:
      - '{"application":{"name":"PayRails","partner_id":"pp_partner_IqhY0UExnJYLxg","url":"https://github.com/pay-rails/pay","version":"3.0.24"},"bindings_version":"5.52.0","lang":"ruby","lang_version":"3.1.2
        p20 (2022-04-12)","platform":"x86_64-darwin21","engine":"ruby","publisher":"stripe","uname":"Darwin
        Chriss-iMac.local 21.4.0 Darwin Kernel Version 21.4.0: Fri Mar 18 00:45:05
        PDT 2022; root:xnu-8020.101.4~15/RELEASE_X86_64 x86_64","hostname":"Chriss-iMac.local"}'
      Accept-Encoding:
      - gzip;q=1.0,deflate;q=0.6,identity;q=0.3
      Accept:
      - "*/*"
  response:
    status:
      code: 200
      message: OK
    headers:
      Server:
      - nginx
      Date:
      - Tue, 19 Apr 2022 19:12:33 GMT
      Content-Type:
      - application/json
      Content-Length:
      - '4470'
      Connection:
      - keep-alive
      Access-Control-Allow-Credentials:
      - 'true'
      Access-Control-Allow-Methods:
      - GET, POST, HEAD, OPTIONS, DELETE
      Access-Control-Allow-Origin:
      - "*"
      Access-Control-Expose-Headers:
      - Request-Id, Stripe-Manage-Version, X-Stripe-External-Auth-Required, X-Stripe-Privileged-Session-Required
      Access-Control-Max-Age:
      - '300'
      Cache-Control:
      - no-cache, no-store
      Idempotency-Key:
      - 581f63c5-95ae-4401-8060-438029012081
      Original-Request:
      - req_JafGtdWBsH8BzY
      Request-Id:
      - req_JafGtdWBsH8BzY
      Stripe-Should-Retry:
      - 'false'
      Stripe-Version:
      - '2020-08-27'
      Strict-Transport-Security:
      - max-age=31556926; includeSubDomains; preload
    body:
      encoding: UTF-8
      string: |
        {
          "id": "pi_3KqMTUKXBGcbgpbZ19UN9kzU",
          "object": "payment_intent",
          "amount": 2900,
          "amount_capturable": 2900,
          "amount_details": {
            "tip": {
              "amount": null
            }
          },
          "amount_received": 0,
          "application": null,
          "application_fee_amount": null,
          "automatic_payment_methods": null,
          "canceled_at": null,
          "cancellation_reason": null,
          "capture_method": "manual",
          "charges": {
            "object": "list",
            "data": [
              {
                "id": "ch_3KqMTUKXBGcbgpbZ1eVhvBfB",
                "object": "charge",
                "amount": 2900,
                "amount_captured": 0,
                "amount_refunded": 0,
                "application": null,
                "application_fee": null,
                "application_fee_amount": null,
                "balance_transaction": null,
                "billing_details": {
                  "address": {
                    "city": null,
                    "country": null,
                    "line1": null,
                    "line2": null,
                    "postal_code": null,
                    "state": null
                  },
                  "email": null,
                  "name": null,
                  "phone": null
                },
                "calculated_statement_descriptor": "PAY RAILS",
                "captured": false,
                "created": 1650395552,
                "currency": "usd",
                "customer": "cus_LXRMv43xaWQPmg",
                "description": null,
                "destination": null,
                "dispute": null,
                "disputed": false,
                "failure_balance_transaction": null,
                "failure_code": null,
                "failure_message": null,
                "fraud_details": {
                },
                "invoice": null,
                "livemode": false,
                "metadata": {
                },
                "on_behalf_of": null,
                "order": null,
                "outcome": {
                  "network_status": "approved_by_network",
                  "reason": null,
                  "risk_level": "normal",
                  "risk_score": 10,
                  "seller_message": "Payment complete.",
                  "type": "authorized"
                },
                "paid": true,
                "payment_intent": "pi_3KqMTUKXBGcbgpbZ19UN9kzU",
                "payment_method": "pm_1KqMTSKXBGcbgpbZRTyf8aoU",
                "payment_method_details": {
                  "card": {
                    "brand": "visa",
                    "checks": {
                      "address_line1_check": null,
                      "address_postal_code_check": null,
                      "cvc_check": null
                    },
                    "country": "US",
                    "exp_month": 4,
                    "exp_year": 2023,
                    "fingerprint": "w4XDzQOFakih5EZM",
                    "funding": "credit",
                    "installments": null,
                    "last4": "4242",
                    "mandate": null,
                    "network": "visa",
                    "three_d_secure": null,
                    "wallet": null
                  },
                  "type": "card"
                },
                "receipt_email": null,
                "receipt_number": null,
                "receipt_url": "https://pay.stripe.com/receipts/acct_1E4bfnKXBGcbgpbZ/ch_3KqMTUKXBGcbgpbZ1eVhvBfB/rcpt_LXRMH72bPo7hMrbROsNW0Dz1J2M52Ac",
                "refunded": false,
                "refunds": {
                  "object": "list",
                  "data": [

                  ],
                  "has_more": false,
                  "total_count": 0,
                  "url": "/v1/charges/ch_3KqMTUKXBGcbgpbZ1eVhvBfB/refunds"
                },
                "review": null,
                "shipping": null,
                "source": null,
                "source_transfer": null,
                "statement_descriptor": null,
                "statement_descriptor_suffix": null,
                "status": "succeeded",
                "transfer_data": null,
                "transfer_group": null
              }
            ],
            "has_more": false,
            "total_count": 1,
            "url": "/v1/charges?payment_intent=pi_3KqMTUKXBGcbgpbZ19UN9kzU"
          },
          "client_secret": "pi_3KqMTUKXBGcbgpbZ19UN9kzU_secret_hcwbqf9sFkY7jdKmhPjqnZpVT",
          "confirmation_method": "automatic",
          "created": 1650395552,
          "currency": "usd",
          "customer": "cus_LXRMv43xaWQPmg",
          "description": null,
          "invoice": null,
          "last_payment_error": null,
          "livemode": false,
          "metadata": {
          },
          "next_action": null,
          "on_behalf_of": null,
          "payment_method": "pm_1KqMTSKXBGcbgpbZRTyf8aoU",
          "payment_method_options": {
            "card": {
              "installments": null,
              "mandate_options": null,
              "network": null,
              "request_three_d_secure": "automatic"
            }
          },
          "payment_method_types": [
            "card"
          ],
          "processing": null,
          "receipt_email": null,
          "review": null,
          "setup_future_usage": null,
          "shipping": null,
          "source": null,
          "statement_descriptor": null,
          "statement_descriptor_suffix": null,
          "status": "requires_capture",
          "transfer_data": null,
          "transfer_group": null
        }
  recorded_at: Tue, 19 Apr 2022 19:12:33 GMT
- request:
    method: post
    uri: https://api.stripe.com/v1/payment_intents/pi_3KqMTUKXBGcbgpbZ19UN9kzU/capture
    body:
      encoding: US-ASCII
      string: ''
    headers:
      User-Agent:
      - Stripe/v1 RubyBindings/5.52.0 PayRails/3.0.24 (https://github.com/pay-rails/pay)
      Authorization:
      - Bearer <STRIPE_PRIVATE_KEY>
      Content-Type:
      - application/x-www-form-urlencoded
      X-Stripe-Client-Telemetry:
      - '{"last_request_metrics":{"request_id":"req_JafGtdWBsH8BzY","request_duration_ms":1669}}'
      Idempotency-Key:
      - 751810e3-92f3-4aa6-a0f0-7f653b06e723
      Stripe-Version:
      - '2020-08-27'
      X-Stripe-Client-User-Agent:
      - '{"application":{"name":"PayRails","partner_id":"pp_partner_IqhY0UExnJYLxg","url":"https://github.com/pay-rails/pay","version":"3.0.24"},"bindings_version":"5.52.0","lang":"ruby","lang_version":"3.1.2
        p20 (2022-04-12)","platform":"x86_64-darwin21","engine":"ruby","publisher":"stripe","uname":"Darwin
        Chriss-iMac.local 21.4.0 Darwin Kernel Version 21.4.0: Fri Mar 18 00:45:05
        PDT 2022; root:xnu-8020.101.4~15/RELEASE_X86_64 x86_64","hostname":"Chriss-iMac.local"}'
      Accept-Encoding:
      - gzip;q=1.0,deflate;q=0.6,identity;q=0.3
      Accept:
      - "*/*"
  response:
    status:
      code: 200
      message: OK
    headers:
      Server:
      - nginx
      Date:
      - Tue, 19 Apr 2022 19:12:34 GMT
      Content-Type:
      - application/json
      Content-Length:
      - '4491'
      Connection:
      - keep-alive
      Access-Control-Allow-Credentials:
      - 'true'
      Access-Control-Allow-Methods:
      - GET, POST, HEAD, OPTIONS, DELETE
      Access-Control-Allow-Origin:
      - "*"
      Access-Control-Expose-Headers:
      - Request-Id, Stripe-Manage-Version, X-Stripe-External-Auth-Required, X-Stripe-Privileged-Session-Required
      Access-Control-Max-Age:
      - '300'
      Cache-Control:
      - no-cache, no-store
      Idempotency-Key:
      - 751810e3-92f3-4aa6-a0f0-7f653b06e723
      Original-Request:
      - req_ip0bHyliKJuMnH
      Request-Id:
      - req_ip0bHyliKJuMnH
      Stripe-Should-Retry:
      - 'false'
      Stripe-Version:
      - '2020-08-27'
      Strict-Transport-Security:
      - max-age=31556926; includeSubDomains; preload
    body:
      encoding: UTF-8
      string: |
        {
          "id": "pi_3KqMTUKXBGcbgpbZ19UN9kzU",
          "object": "payment_intent",
          "amount": 2900,
          "amount_capturable": 0,
          "amount_details": {
            "tip": {
              "amount": null
            }
          },
          "amount_received": 2900,
          "application": null,
          "application_fee_amount": null,
          "automatic_payment_methods": null,
          "canceled_at": null,
          "cancellation_reason": null,
          "capture_method": "manual",
          "charges": {
            "object": "list",
            "data": [
              {
                "id": "ch_3KqMTUKXBGcbgpbZ1eVhvBfB",
                "object": "charge",
                "amount": 2900,
                "amount_captured": 2900,
                "amount_refunded": 0,
                "application": null,
                "application_fee": null,
                "application_fee_amount": null,
                "balance_transaction": "txn_3KqMTUKXBGcbgpbZ1zND9jNp",
                "billing_details": {
                  "address": {
                    "city": null,
                    "country": null,
                    "line1": null,
                    "line2": null,
                    "postal_code": null,
                    "state": null
                  },
                  "email": null,
                  "name": null,
                  "phone": null
                },
                "calculated_statement_descriptor": "PAY RAILS",
                "captured": true,
                "created": 1650395552,
                "currency": "usd",
                "customer": "cus_LXRMv43xaWQPmg",
                "description": null,
                "destination": null,
                "dispute": null,
                "disputed": false,
                "failure_balance_transaction": null,
                "failure_code": null,
                "failure_message": null,
                "fraud_details": {
                },
                "invoice": null,
                "livemode": false,
                "metadata": {
                },
                "on_behalf_of": null,
                "order": null,
                "outcome": {
                  "network_status": "approved_by_network",
                  "reason": null,
                  "risk_level": "normal",
                  "risk_score": 10,
                  "seller_message": "Payment complete.",
                  "type": "authorized"
                },
                "paid": true,
                "payment_intent": "pi_3KqMTUKXBGcbgpbZ19UN9kzU",
                "payment_method": "pm_1KqMTSKXBGcbgpbZRTyf8aoU",
                "payment_method_details": {
                  "card": {
                    "brand": "visa",
                    "checks": {
                      "address_line1_check": null,
                      "address_postal_code_check": null,
                      "cvc_check": null
                    },
                    "country": "US",
                    "exp_month": 4,
                    "exp_year": 2023,
                    "fingerprint": "w4XDzQOFakih5EZM",
                    "funding": "credit",
                    "installments": null,
                    "last4": "4242",
                    "mandate": null,
                    "network": "visa",
                    "three_d_secure": null,
                    "wallet": null
                  },
                  "type": "card"
                },
                "receipt_email": null,
                "receipt_number": null,
                "receipt_url": "https://pay.stripe.com/receipts/acct_1E4bfnKXBGcbgpbZ/ch_3KqMTUKXBGcbgpbZ1eVhvBfB/rcpt_LXRMH72bPo7hMrbROsNW0Dz1J2M52Ac",
                "refunded": false,
                "refunds": {
                  "object": "list",
                  "data": [

                  ],
                  "has_more": false,
                  "total_count": 0,
                  "url": "/v1/charges/ch_3KqMTUKXBGcbgpbZ1eVhvBfB/refunds"
                },
                "review": null,
                "shipping": null,
                "source": null,
                "source_transfer": null,
                "statement_descriptor": null,
                "statement_descriptor_suffix": null,
                "status": "succeeded",
                "transfer_data": null,
                "transfer_group": null
              }
            ],
            "has_more": false,
            "total_count": 1,
            "url": "/v1/charges?payment_intent=pi_3KqMTUKXBGcbgpbZ19UN9kzU"
          },
          "client_secret": "pi_3KqMTUKXBGcbgpbZ19UN9kzU_secret_hcwbqf9sFkY7jdKmhPjqnZpVT",
          "confirmation_method": "automatic",
          "created": 1650395552,
          "currency": "usd",
          "customer": "cus_LXRMv43xaWQPmg",
          "description": null,
          "invoice": null,
          "last_payment_error": null,
          "livemode": false,
          "metadata": {
          },
          "next_action": null,
          "on_behalf_of": null,
          "payment_method": "pm_1KqMTSKXBGcbgpbZRTyf8aoU",
          "payment_method_options": {
            "card": {
              "installments": null,
              "mandate_options": null,
              "network": null,
              "request_three_d_secure": "automatic"
            }
          },
          "payment_method_types": [
            "card"
          ],
          "processing": null,
          "receipt_email": null,
          "review": null,
          "setup_future_usage": null,
          "shipping": null,
          "source": null,
          "statement_descriptor": null,
          "statement_descriptor_suffix": null,
          "status": "succeeded",
          "transfer_data": null,
          "transfer_group": null
        }
  recorded_at: Tue, 19 Apr 2022 19:12:34 GMT
- request:
    method: get
    uri: https://api.stripe.com/v1/charges/ch_3KqMTUKXBGcbgpbZ1eVhvBfB?expand%5B%5D=invoice.total_discount_amounts.discount&expand%5B%5D=invoice.total_tax_amounts.tax_rate
    body:
      encoding: US-ASCII
      string: ''
    headers:
      User-Agent:
      - Stripe/v1 RubyBindings/5.52.0 PayRails/3.0.24 (https://github.com/pay-rails/pay)
      Authorization:
      - Bearer <STRIPE_PRIVATE_KEY>
      Content-Type:
      - application/x-www-form-urlencoded
      X-Stripe-Client-Telemetry:
      - '{"last_request_metrics":{"request_id":"req_ip0bHyliKJuMnH","request_duration_ms":1031}}'
      Stripe-Version:
      - '2020-08-27'
      X-Stripe-Client-User-Agent:
      - '{"application":{"name":"PayRails","partner_id":"pp_partner_IqhY0UExnJYLxg","url":"https://github.com/pay-rails/pay","version":"3.0.24"},"bindings_version":"5.52.0","lang":"ruby","lang_version":"3.1.2
        p20 (2022-04-12)","platform":"x86_64-darwin21","engine":"ruby","publisher":"stripe","uname":"Darwin
        Chriss-iMac.local 21.4.0 Darwin Kernel Version 21.4.0: Fri Mar 18 00:45:05
        PDT 2022; root:xnu-8020.101.4~15/RELEASE_X86_64 x86_64","hostname":"Chriss-iMac.local"}'
      Accept-Encoding:
      - gzip;q=1.0,deflate;q=0.6,identity;q=0.3
      Accept:
      - "*/*"
  response:
    status:
      code: 200
      message: OK
    headers:
      Server:
      - nginx
      Date:
      - Tue, 19 Apr 2022 19:12:34 GMT
      Content-Type:
      - application/json
      Content-Length:
      - '2419'
      Connection:
      - keep-alive
      Access-Control-Allow-Credentials:
      - 'true'
      Access-Control-Allow-Methods:
      - GET, POST, HEAD, OPTIONS, DELETE
      Access-Control-Allow-Origin:
      - "*"
      Access-Control-Expose-Headers:
      - Request-Id, Stripe-Manage-Version, X-Stripe-External-Auth-Required, X-Stripe-Privileged-Session-Required
      Access-Control-Max-Age:
      - '300'
      Cache-Control:
      - no-cache, no-store
      Request-Id:
      - req_YTVMMqaQax5tNX
      Stripe-Version:
      - '2020-08-27'
      Strict-Transport-Security:
      - max-age=31556926; includeSubDomains; preload
    body:
      encoding: UTF-8
      string: |
        {
          "id": "ch_3KqMTUKXBGcbgpbZ1eVhvBfB",
          "object": "charge",
          "amount": 2900,
          "amount_captured": 2900,
          "amount_refunded": 0,
          "application": null,
          "application_fee": null,
          "application_fee_amount": null,
          "balance_transaction": "txn_3KqMTUKXBGcbgpbZ1zND9jNp",
          "billing_details": {
            "address": {
              "city": null,
              "country": null,
              "line1": null,
              "line2": null,
              "postal_code": null,
              "state": null
            },
            "email": null,
            "name": null,
            "phone": null
          },
          "calculated_statement_descriptor": "PAY RAILS",
          "captured": true,
          "created": 1650395552,
          "currency": "usd",
          "customer": "cus_LXRMv43xaWQPmg",
          "description": null,
          "destination": null,
          "dispute": null,
          "disputed": false,
          "failure_balance_transaction": null,
          "failure_code": null,
          "failure_message": null,
          "fraud_details": {
          },
          "invoice": null,
          "livemode": false,
          "metadata": {
          },
          "on_behalf_of": null,
          "order": null,
          "outcome": {
            "network_status": "approved_by_network",
            "reason": null,
            "risk_level": "normal",
            "risk_score": 10,
            "seller_message": "Payment complete.",
            "type": "authorized"
          },
          "paid": true,
          "payment_intent": "pi_3KqMTUKXBGcbgpbZ19UN9kzU",
          "payment_method": "pm_1KqMTSKXBGcbgpbZRTyf8aoU",
          "payment_method_details": {
            "card": {
              "brand": "visa",
              "checks": {
                "address_line1_check": null,
                "address_postal_code_check": null,
                "cvc_check": null
              },
              "country": "US",
              "exp_month": 4,
              "exp_year": 2023,
              "fingerprint": "w4XDzQOFakih5EZM",
              "funding": "credit",
              "installments": null,
              "last4": "4242",
              "mandate": null,
              "network": "visa",
              "three_d_secure": null,
              "wallet": null
            },
            "type": "card"
          },
          "receipt_email": null,
          "receipt_number": null,
          "receipt_url": "https://pay.stripe.com/receipts/acct_1E4bfnKXBGcbgpbZ/ch_3KqMTUKXBGcbgpbZ1eVhvBfB/rcpt_LXRMH72bPo7hMrbROsNW0Dz1J2M52Ac",
          "refunded": false,
          "refunds": {
            "object": "list",
            "data": [

            ],
            "has_more": false,
            "total_count": 0,
            "url": "/v1/charges/ch_3KqMTUKXBGcbgpbZ1eVhvBfB/refunds"
          },
          "review": null,
          "shipping": null,
          "source": null,
          "source_transfer": null,
          "statement_descriptor": null,
          "statement_descriptor_suffix": null,
          "status": "succeeded",
          "transfer_data": null,
          "transfer_group": null
        }
  recorded_at: Tue, 19 Apr 2022 19:12:35 GMT
recorded_with: VCR 6.1.0
