---
http_interactions:
- request:
    method: post
    uri: https://api.stripe.com/v<VENDOR_ID>/customers/cus_QdZBiuUqY4Ww<VENDOR_ID>y
    body:
      encoding: UTF-8
      string: invoice_settings[default_payment_method]=pm_<VENDOR_ID>PmI3DKXBGcbgpbZre3GArdd
    headers:
      User-Agent:
      - Stripe/v<VENDOR_ID> RubyBindings/<VENDOR_ID>2.4.0 PayRails/8.0.0 (https://github.com/pay-rails/pay)
      Authorization:
      - Bearer sk_test_e<VENDOR_AUTH_CODE>0JDdQGDv6z2QmAIVQUOyE6
      Content-Type:
      - application/<VENDOR_AUTH_CODE>-www-form-urlencoded
      X-Stripe-Client-Telemetry:
      - '{"last_request_metrics":{"request_id":"req_cCaNMJCo3AnO93","request_duration_ms":526}}'
      Idempotency-Key:
      - c79bace8-3292-4c49-a5c<VENDOR_ID>-dc6<VENDOR_ID>4c2e5762
      Stripe-Version:
      - '2024-06-20'
      X-Stripe-Client-User-Agent:
      - '{"application":{"name":"PayRails","partner_id":"pp_partner_IqhY0UE<VENDOR_AUTH_CODE>nJYL<VENDOR_AUTH_CODE>g","url":"https://github.com/pay-rails/pay","version":"8.0.0"},"bindings_version":"<VENDOR_ID>2.4.0","lang":"ruby","lang_version":"3.3.2
        p78 (2024-05-30)","platform":"<VENDOR_AUTH_CODE>86_64-darwin23","engine":"ruby","publisher":"stripe","uname":"Darwin
        Chriss-iMac.local 23.5.0 Darwin Kernel Version 23.5.0: Wed May  <VENDOR_ID>
        20:09:52 PDT 2024; root:<VENDOR_AUTH_CODE>nu-<VENDOR_ID>0063.<VENDOR_ID>2<VENDOR_ID>.3~5/RELEASE_X86_64
        <VENDOR_AUTH_CODE>86_64","hostname":"Chriss-iMac.local"}'
      Accept-Encoding:
      - gzip;q=<VENDOR_ID>.0,deflate;q=0.6,identity;q=0.3
      Accept:
      - "*/*"
  response:
    status:
      code: 200
      message: OK
    headers:
      Server:
      - ngin<VENDOR_AUTH_CODE>
      Date:
      - Sat, <VENDOR_ID>0 Aug 2024 <VENDOR_ID>6:2<VENDOR_ID>:56 GMT
      Content-Type:
      - application/json
      Content-Length:
      - '664'
      Connection:
      - keep-alive
      Access-Control-Allow-Credentials:
      - 'true'
      Access-Control-Allow-Methods:
      - GET,HEAD,PUT,PATCH,POST,DELETE
      Access-Control-Allow-Origin:
      - "*"
      Cache-Control:
      - no-cache, no-store
      Content-Security-Policy:
      - report-uri https://q.stripe.com/csp-report?p=v<VENDOR_ID>%2Fcustomers%2F%3Acustomer;
        block-all-mi<VENDOR_AUTH_CODE>ed-content; default-src 'none'; base-uri 'none';
        form-action 'none'; frame-ancestors 'none'; img-src 'self'; script-src 'self'
        'report-sample'; style-src 'self'
      Cross-Origin-Opener-Policy-Report-Only:
      - same-origin; report-to="coop"
      Idempotency-Key:
      - c79bace8-3292-4c49-a5c<VENDOR_ID>-dc6<VENDOR_ID>4c2e5762
      Original-Request:
      - req_fKbW<VENDOR_AUTH_CODE>HMYSfAF0O
      Report-To:
      - '{"group":"coop","ma<VENDOR_AUTH_CODE>_age":8640,"endpoints":[{"url":"https://q.stripe.com/coop-report?s=mono-bapi-srv"}],"include_subdomains":true}'
      Reporting-Endpoints:
      - coop="https://q.stripe.com/coop-report?s=mono-bapi-srv"
      Request-Id:
      - req_fKbW<VENDOR_AUTH_CODE>HMYSfAF0O
      Stripe-Should-Retry:
      - 'false'
      Stripe-Version:
      - '2024-06-20'
      Vary:
      - Origin
      X-Content-Type-Options:
      - nosniff
      X-Stripe-Priority-Routing-Enabled:
      - 'true'
      Strict-Transport-Security:
      - ma<VENDOR_AUTH_CODE>-age=63072000; includeSubDomains; preload
      Access-Control-E<VENDOR_AUTH_CODE>pose-Headers:
      - Request-Id, Stripe-Manage-Version, Stripe-Should-Retry, X-Stripe-E<VENDOR_AUTH_CODE>ternal-Auth-Required,
        X-Stripe-Privileged-Session-Required
      Access-Control-Ma<VENDOR_AUTH_CODE>-Age:
      - '300'
      X-Stripe-Routing-Conte<VENDOR_AUTH_CODE>t-Priority-Tier:
      - api-testmode
    body:
      encoding: UTF-8
      string: |-
        {
          "id": "cus_QdZBiuUqY4Ww<VENDOR_ID>y",
          "object": "customer",
          "address": null,
          "balance": 0,
          "created": <VENDOR_ID>7233069<VENDOR_ID>5,
          "currency": null,
          "default_source": null,
          "delinquent": false,
          "description": null,
          "discount": null,
          "email": "stripe@e<VENDOR_AUTH_CODE>ample.org",
          "invoice_prefi<VENDOR_AUTH_CODE>": "8D7A02E3",
          "invoice_settings": {
            "custom_fields": null,
            "default_payment_method": "pm_<VENDOR_ID>PmI3DKXBGcbgpbZre3GArdd",
            "footer": null,
            "rendering_options": null
          },
          "livemode": false,
          "metadata": {},
          "name": "Stripe User",
          "ne<VENDOR_AUTH_CODE>t_invoice_sequence": <VENDOR_ID>,
          "phone": null,
          "preferred_locales": [],
          "shipping": null,
          "ta<VENDOR_AUTH_CODE>_e<VENDOR_AUTH_CODE>empt": "none",
          "test_clock": null
        }
  recorded_at: Sat, 10 Aug 2024 16:21:56 GMT
- request:
    method: post
    uri: https://api.stripe.com/v<VENDOR_ID>/invoices/in_<VENDOR_ID>PmI3FKXBGcbgpbZHSUvUnwY/pay
    body:
      encoding: US-ASCII
      string: ''
    headers:
      User-Agent:
      - Stripe/v<VENDOR_ID> RubyBindings/<VENDOR_ID>2.4.0 PayRails/8.0.0 (https://github.com/pay-rails/pay)
      Authorization:
      - Bearer sk_test_e<VENDOR_AUTH_CODE>0JDdQGDv6z2QmAIVQUOyE6
      Content-Type:
      - application/<VENDOR_AUTH_CODE>-www-form-urlencoded
      X-Stripe-Client-Telemetry:
      - '{"last_request_metrics":{"request_id":"req_cZcUFjIXUR<VENDOR_ID>OFJ","request_duration_ms":387}}'
      Idempotency-Key:
      - "<VENDOR_ID><VENDOR_ID>8f00ff-6bd3-49<VENDOR_ID>a-9479-0a8ac054<VENDOR_ID>2<VENDOR_ID>a"
      Stripe-Version:
      - '2024-06-20'
      X-Stripe-Client-User-Agent:
      - '{"application":{"name":"PayRails","partner_id":"pp_partner_IqhY0UE<VENDOR_AUTH_CODE>nJYL<VENDOR_AUTH_CODE>g","url":"https://github.com/pay-rails/pay","version":"8.0.0"},"bindings_version":"<VENDOR_ID>2.4.0","lang":"ruby","lang_version":"3.3.2
        p78 (2024-05-30)","platform":"<VENDOR_AUTH_CODE>86_64-darwin23","engine":"ruby","publisher":"stripe","uname":"Darwin
        Chriss-iMac.local 23.5.0 Darwin Kernel Version 23.5.0: Wed May  <VENDOR_ID>
        20:09:52 PDT 2024; root:<VENDOR_AUTH_CODE>nu-<VENDOR_ID>0063.<VENDOR_ID>2<VENDOR_ID>.3~5/RELEASE_X86_64
        <VENDOR_AUTH_CODE>86_64","hostname":"Chriss-iMac.local"}'
      Accept-Encoding:
      - gzip;q=<VENDOR_ID>.0,deflate;q=0.6,identity;q=0.3
      Accept:
      - "*/*"
  response:
    status:
      code: 200
      message: OK
    headers:
      Server:
      - ngin<VENDOR_AUTH_CODE>
      Date:
      - Sat, <VENDOR_ID>0 Aug 2024 <VENDOR_ID>6:2<VENDOR_ID>:58 GMT
      Content-Type:
      - application/json
      Content-Length:
      - '4623'
      Connection:
      - keep-alive
      Access-Control-Allow-Credentials:
      - 'true'
      Access-Control-Allow-Methods:
      - GET,HEAD,PUT,PATCH,POST,DELETE
      Access-Control-Allow-Origin:
      - "*"
      Cache-Control:
      - no-cache, no-store
      Content-Security-Policy:
      - report-uri https://q.stripe.com/csp-report?p=v<VENDOR_ID>%2Finvoices%2F%3Ainvoice%2Fpay;
        block-all-mi<VENDOR_AUTH_CODE>ed-content; default-src 'none'; base-uri 'none';
        form-action 'none'; frame-ancestors 'none'; img-src 'self'; script-src 'self'
        'report-sample'; style-src 'self'
      Cross-Origin-Opener-Policy-Report-Only:
      - same-origin; report-to="coop"
      Idempotency-Key:
      - "<VENDOR_ID><VENDOR_ID>8f00ff-6bd3-49<VENDOR_ID>a-9479-0a8ac054<VENDOR_ID>2<VENDOR_ID>a"
      Original-Request:
      - req_P574b8wKlA7Ik9
      Report-To:
      - '{"group":"coop","ma<VENDOR_AUTH_CODE>_age":8640,"endpoints":[{"url":"https://q.stripe.com/coop-report?s=billing-api-srv"}],"include_subdomains":true}'
      Reporting-Endpoints:
      - coop="https://q.stripe.com/coop-report?s=billing-api-srv"
      Request-Id:
      - req_P574b8wKlA7Ik9
      Stripe-Should-Retry:
      - 'false'
      Stripe-Version:
      - '2024-06-20'
      Vary:
      - Origin
      X-Content-Type-Options:
      - nosniff
      X-Stripe-Priority-Routing-Enabled:
      - 'true'
      Strict-Transport-Security:
      - ma<VENDOR_AUTH_CODE>-age=63072000; includeSubDomains; preload
      Access-Control-E<VENDOR_AUTH_CODE>pose-Headers:
      - Request-Id, Stripe-Manage-Version, Stripe-Should-Retry, X-Stripe-E<VENDOR_AUTH_CODE>ternal-Auth-Required,
        X-Stripe-Privileged-Session-Required
      Access-Control-Ma<VENDOR_AUTH_CODE>-Age:
      - '300'
      X-Stripe-Routing-Conte<VENDOR_AUTH_CODE>t-Priority-Tier:
      - api-testmode
    body:
      encoding: UTF-8
      string: |-
        {
          "id": "in_<VENDOR_ID>PmI3FKXBGcbgpbZHSUvUnwY",
          "object": "invoice",
          "account_country": "US",
          "account_name": "Pay",
          "account_ta<VENDOR_AUTH_CODE>_ids": null,
          "amount_due": <VENDOR_ID>000,
          "amount_paid": <VENDOR_ID>000,
          "amount_remaining": 0,
          "amount_shipping": 0,
          "application": null,
          "application_fee_amount": null,
          "attempt_count": <VENDOR_ID>,
          "attempted": true,
          "auto_advance": false,
          "automatic_ta<VENDOR_AUTH_CODE>": {
            "enabled": false,
            "liability": null,
            "status": null
          },
          "automatically_finalizes_at": null,
          "billing_reason": "manual",
          "charge": "ch_3PmI3FKXBGcbgpbZ<VENDOR_ID>iX<VENDOR_ID>Zyv<VENDOR_ID>",
          "collection_method": "charge_automatically",
          "created": <VENDOR_ID>7233069<VENDOR_ID>7,
          "currency": "usd",
          "custom_fields": null,
          "customer": "cus_QdZBiuUqY4Ww<VENDOR_ID>y",
          "customer_address": null,
          "customer_email": "stripe@e<VENDOR_AUTH_CODE>ample.org",
          "customer_name": "Stripe User",
          "customer_phone": null,
          "customer_shipping": null,
          "customer_ta<VENDOR_AUTH_CODE>_e<VENDOR_AUTH_CODE>empt": "none",
          "customer_ta<VENDOR_AUTH_CODE>_ids": [],
          "default_payment_method": null,
          "default_source": null,
          "default_ta<VENDOR_AUTH_CODE>_rates": [],
          "description": null,
          "discount": null,
          "discounts": [],
          "due_date": null,
          "effective_at": <VENDOR_ID>7233069<VENDOR_ID>7,
          "ending_balance": 0,
          "footer": null,
          "from_invoice": null,
          "hosted_invoice_url": "https://invoice.stripe.com/i/acct_<VENDOR_ID>E4bfnKXBGcbgpbZ/test_YWNjdF8<VENDOR_AUTH_CODE>RTRiZm5LWEJHY2JncGJaLF9RZFpCdzZNSjF4V0NIOXFDTGJMSlJDTENQQThGMllkLDE<VENDOR_AUTH_CODE>Mzg0Nzc<VENDOR_AUTH_CODE>OA0200bvd5SuXN?s=ap",
          "invoice_pdf": "https://pay.stripe.com/invoice/acct_<VENDOR_ID>E4bfnKXBGcbgpbZ/test_YWNjdF8<VENDOR_AUTH_CODE>RTRiZm5LWEJHY2JncGJaLF9RZFpCdzZNSjF4V0NIOXFDTGJMSlJDTENQQThGMllkLDE<VENDOR_AUTH_CODE>Mzg0Nzc<VENDOR_AUTH_CODE>OA0200bvd5SuXN/pdf?s=ap",
          "issuer": {
            "type": "self"
          },
          "last_finalization_error": null,
          "latest_revision": null,
          "lines": {
            "object": "list",
            "data": [
              {
                "id": "il_<VENDOR_ID>PmI3EKXBGcbgpbZKINbVpnO",
                "object": "line_item",
                "amount": <VENDOR_ID>000,
                "amount_e<VENDOR_AUTH_CODE>cluding_ta<VENDOR_AUTH_CODE>": <VENDOR_ID>000,
                "currency": "usd",
                "description": "One-time setup fee",
                "discount_amounts": [],
                "discountable": true,
                "discounts": [],
                "invoice": "in_<VENDOR_ID>PmI3FKXBGcbgpbZHSUvUnwY",
                "invoice_item": "ii_<VENDOR_ID>PmI3EKXBGcbgpbZzHYCiCcp",
                "livemode": false,
                "metadata": {},
                "period": {
                  "end": <VENDOR_ID>7233069<VENDOR_ID>6,
                  "start": <VENDOR_ID>7233069<VENDOR_ID>6
                },
                "plan": null,
                "price": {
                  "id": "price_<VENDOR_ID>PmHofKXBGcbgpbZCVOHQep3",
                  "object": "price",
                  "active": false,
                  "billing_scheme": "per_unit",
                  "created": <VENDOR_ID>7233060<VENDOR_ID>3,
                  "currency": "usd",
                  "custom_unit_amount": null,
                  "livemode": false,
                  "lookup_key": null,
                  "metadata": {},
                  "nickname": null,
                  "product": "prod_QdYwATBkKi2FtY",
                  "recurring": null,
                  "ta<VENDOR_AUTH_CODE>_behavior": "unspecified",
                  "tiers_mode": null,
                  "transform_quantity": null,
                  "type": "one_time",
                  "unit_amount": <VENDOR_ID>000,
                  "unit_amount_decimal": "<VENDOR_ID>000"
                },
                "proration": false,
                "proration_details": {
                  "credited_items": null
                },
                "quantity": <VENDOR_ID>,
                "subscription": null,
                "ta<VENDOR_AUTH_CODE>_amounts": [],
                "ta<VENDOR_AUTH_CODE>_rates": [],
                "type": "invoiceitem",
                "unit_amount_e<VENDOR_AUTH_CODE>cluding_ta<VENDOR_AUTH_CODE>": "<VENDOR_ID>000"
              }
            ],
            "has_more": false,
            "total_count": <VENDOR_ID>,
            "url": "/v<VENDOR_ID>/invoices/in_<VENDOR_ID>PmI3FKXBGcbgpbZHSUvUnwY/lines"
          },
          "livemode": false,
          "metadata": {},
          "ne<VENDOR_AUTH_CODE>t_payment_attempt": null,
          "number": "8D7A02E3-000<VENDOR_ID>",
          "on_behalf_of": null,
          "paid": true,
          "paid_out_of_band": false,
          "payment_intent": "pi_3PmI3FKXBGcbgpbZ<VENDOR_ID>2ft<VENDOR_AUTH_CODE>4iO",
          "payment_settings": {
            "default_mandate": null,
            "payment_method_options": null,
            "payment_method_types": null
          },
          "period_end": <VENDOR_ID>7233069<VENDOR_ID>7,
          "period_start": <VENDOR_ID>7233069<VENDOR_ID>7,
          "post_payment_credit_notes_amount": 0,
          "pre_payment_credit_notes_amount": 0,
          "quote": null,
          "receipt_number": null,
          "rendering": {
            "amount_ta<VENDOR_AUTH_CODE>_display": null,
            "pdf": {
              "page_size": "letter"
            }
          },
          "shipping_cost": null,
          "shipping_details": null,
          "starting_balance": 0,
          "statement_descriptor": null,
          "status": "paid",
          "status_transitions": {
            "finalized_at": <VENDOR_ID>7233069<VENDOR_ID>7,
            "marked_uncollectible_at": null,
            "paid_at": <VENDOR_ID>7233069<VENDOR_ID>7,
            "voided_at": null
          },
          "subscription": null,
          "subscription_details": {
            "metadata": null
          },
          "subtotal": <VENDOR_ID>000,
          "subtotal_e<VENDOR_AUTH_CODE>cluding_ta<VENDOR_AUTH_CODE>": <VENDOR_ID>000,
          "ta<VENDOR_AUTH_CODE>": null,
          "test_clock": null,
          "total": <VENDOR_ID>000,
          "total_discount_amounts": [],
          "total_e<VENDOR_AUTH_CODE>cluding_ta<VENDOR_AUTH_CODE>": <VENDOR_ID>000,
          "total_ta<VENDOR_AUTH_CODE>_amounts": [],
          "transfer_data": null,
          "webhooks_delivered_at": <VENDOR_ID>7233069<VENDOR_ID>7
        }
  recorded_at: Sat, 10 Aug 2024 16:21:58 GMT
- request:
    method: post
    uri: https://api.stripe.com/v<VENDOR_ID>/customers/cus_S<VENDOR_ID><VENDOR_ID>zjW99ySjdCr
    body:
      encoding: UTF-8
      string: invoice_settings[default_payment_method]=pm_<VENDOR_ID>R6zv9KXBGcbgpbZhFST3B5G
    headers:
      User-Agent:
      - Stripe/v<VENDOR_ID> RubyBindings/<VENDOR_ID>3.3.0 PayRails/8.3.0 (https://github.com/pay-rails/pay)
      Authorization:
      - Bearer sk_test_e<VENDOR_AUTH_CODE>0JDdQGDv6z2QmAIVQUOyE6
      X-Stripe-Client-Telemetry:
      - '{"last_request_metrics":{"request_id":"req_KQ607jhiK6DpPn","request_duration_ms":634}}'
      Idempotency-Key:
      - 9fe<VENDOR_ID>8ddf-5<VENDOR_ID>03-4045-8d<VENDOR_ID>e-734a49<VENDOR_ID>79f73
      Stripe-Version:
      - 2024-<VENDOR_ID>2-<VENDOR_ID>8.acacia
      X-Stripe-Client-User-Agent:
      - '{"application":{"name":"PayRails","partner_id":"pp_partner_IqhY0UE<VENDOR_AUTH_CODE>nJYL<VENDOR_AUTH_CODE>g","url":"https://github.com/pay-rails/pay","version":"8.3.0"},"bindings_version":"<VENDOR_ID>3.3.0","lang":"ruby","lang_version":"3.4.2
        p28 (2025-02-<VENDOR_ID>5)","platform":"arm64-darwin24","engine":"ruby","publisher":"stripe","uname":"Darwin
        Mac-Studio.localdomain 24.3.0 Darwin Kernel Version 24.3.0: Thu Jan  2 20:3<VENDOR_ID>:43
        PST 2025; root:<VENDOR_AUTH_CODE>nu-<VENDOR_ID><VENDOR_ID>2<VENDOR_ID>5.8<VENDOR_ID>.4~4/RELEASE_ARM64_T603<VENDOR_ID>
        arm64","hostname":"Mac-Studio.localdomain"}'
      Content-Type:
      - application/<VENDOR_AUTH_CODE>-www-form-urlencoded
      Accept-Encoding:
      - gzip;q=<VENDOR_ID>.0,deflate;q=0.6,identity;q=0.3
      Accept:
      - "*/*"
  response:
    status:
      code: 200
      message: OK
    headers:
      Server:
      - ngin<VENDOR_AUTH_CODE>
      Date:
      - Wed, 26 Mar 2025 <VENDOR_ID>9:47:28 GMT
      Content-Type:
      - application/json
      Content-Length:
      - '664'
      Connection:
      - keep-alive
      Access-Control-Allow-Credentials:
      - 'true'
      Access-Control-Allow-Methods:
      - GET, HEAD, PUT, PATCH, POST, DELETE
      Access-Control-Allow-Origin:
      - "*"
      Cache-Control:
      - no-cache, no-store
      Content-Security-Policy:
      - base-uri 'none'; default-src 'none'; form-action 'none'; frame-ancestors 'none';
        img-src 'self'; script-src 'self' 'report-sample'; style-src 'self'; worker-src
        'none'; upgrade-insecure-requests; report-uri https://q.stripe.com/csp-violation?q=I20eHQ2BT2NOw2gECwW3a6q5_0tSXKAOYFK8o-sBgQkVaekoiyO_c82Qw0gK_Cn9_Y2owUoI4sg7LlAH
      Cross-Origin-Opener-Policy-Report-Only:
      - same-origin; report-to="coop"
      Idempotency-Key:
      - 9fe<VENDOR_ID>8ddf-5<VENDOR_ID>03-4045-8d<VENDOR_ID>e-734a49<VENDOR_ID>79f73
      Original-Request:
      - req_VFF8Z99jGK3o2J
      Report-To:
      - '{"group":"coop","ma<VENDOR_AUTH_CODE>_age":8640,"endpoints":[{"url":"https://q.stripe.com/coop-report"}],"include_subdomains":true}'
      Reporting-Endpoints:
      - coop="https://q.stripe.com/coop-report"
      Request-Id:
      - req_VFF8Z99jGK3o2J
      Stripe-Should-Retry:
      - 'false'
      Stripe-Version:
      - 2024-<VENDOR_ID>2-<VENDOR_ID>8.acacia
      Vary:
      - Origin
      X-Stripe-Priority-Routing-Enabled:
      - 'true'
      X-Wc:
      - ABGHI
      Strict-Transport-Security:
      - ma<VENDOR_AUTH_CODE>-age=63072000; includeSubDomains; preload
      Access-Control-E<VENDOR_AUTH_CODE>pose-Headers:
      - Request-Id, Stripe-Manage-Version, Stripe-Should-Retry, X-Stripe-E<VENDOR_AUTH_CODE>ternal-Auth-Required,
        X-Stripe-Privileged-Session-Required
      Access-Control-Ma<VENDOR_AUTH_CODE>-Age:
      - '300'
      X-Stripe-Routing-Conte<VENDOR_AUTH_CODE>t-Priority-Tier:
      - api-testmode
    body:
      encoding: UTF-8
      string: |-
        {
          "id": "cus_S<VENDOR_ID><VENDOR_ID>zjW99ySjdCr",
          "object": "customer",
          "address": null,
          "balance": 0,
          "created": <VENDOR_ID>7430<VENDOR_ID>8447,
          "currency": null,
          "default_source": null,
          "delinquent": false,
          "description": null,
          "discount": null,
          "email": "stripe@e<VENDOR_AUTH_CODE>ample.org",
          "invoice_prefi<VENDOR_AUTH_CODE>": "B9AC23EE",
          "invoice_settings": {
            "custom_fields": null,
            "default_payment_method": "pm_<VENDOR_ID>R6zv9KXBGcbgpbZhFST3B5G",
            "footer": null,
            "rendering_options": null
          },
          "livemode": false,
          "metadata": {},
          "name": "Stripe User",
          "ne<VENDOR_AUTH_CODE>t_invoice_sequence": <VENDOR_ID>,
          "phone": null,
          "preferred_locales": [],
          "shipping": null,
          "ta<VENDOR_AUTH_CODE>_e<VENDOR_AUTH_CODE>empt": "none",
          "test_clock": null
        }
  recorded_at: Wed, 26 Mar 2025 19:47:28 GMT
- request:
    method: post
    uri: https://api.stripe.com/v<VENDOR_ID>/invoices/in_<VENDOR_ID>R6zvAKXBGcbgpbZ6yuY3YPe/pay
    body:
      encoding: US-ASCII
      string: ''
    headers:
      User-Agent:
      - Stripe/v<VENDOR_ID> RubyBindings/<VENDOR_ID>3.3.0 PayRails/8.3.0 (https://github.com/pay-rails/pay)
      Authorization:
      - Bearer sk_test_e<VENDOR_AUTH_CODE>0JDdQGDv6z2QmAIVQUOyE6
      X-Stripe-Client-Telemetry:
      - '{"last_request_metrics":{"request_id":"req_2DUh8p<VENDOR_AUTH_CODE>kC5OvdF","request_duration_ms":405}}'
      Idempotency-Key:
      - c6555d7c-ae4d-4e78-a6d<VENDOR_ID>-<VENDOR_ID><VENDOR_ID>3b25f94d<VENDOR_ID>6
      Stripe-Version:
      - 2024-<VENDOR_ID>2-<VENDOR_ID>8.acacia
      X-Stripe-Client-User-Agent:
      - '{"application":{"name":"PayRails","partner_id":"pp_partner_IqhY0UE<VENDOR_AUTH_CODE>nJYL<VENDOR_AUTH_CODE>g","url":"https://github.com/pay-rails/pay","version":"8.3.0"},"bindings_version":"<VENDOR_ID>3.3.0","lang":"ruby","lang_version":"3.4.2
        p28 (2025-02-<VENDOR_ID>5)","platform":"arm64-darwin24","engine":"ruby","publisher":"stripe","uname":"Darwin
        Mac-Studio.localdomain 24.3.0 Darwin Kernel Version 24.3.0: Thu Jan  2 20:3<VENDOR_ID>:43
        PST 2025; root:<VENDOR_AUTH_CODE>nu-<VENDOR_ID><VENDOR_ID>2<VENDOR_ID>5.8<VENDOR_ID>.4~4/RELEASE_ARM64_T603<VENDOR_ID>
        arm64","hostname":"Mac-Studio.localdomain"}'
      Content-Type:
      - application/<VENDOR_AUTH_CODE>-www-form-urlencoded
      Accept-Encoding:
      - gzip;q=<VENDOR_ID>.0,deflate;q=0.6,identity;q=0.3
      Accept:
      - "*/*"
  response:
    status:
      code: 200
      message: OK
    headers:
      Server:
      - ngin<VENDOR_AUTH_CODE>
      Date:
      - Wed, 26 Mar 2025 <VENDOR_ID>9:47:30 GMT
      Content-Type:
      - application/json
      Content-Length:
      - '5488'
      Connection:
      - keep-alive
      Access-Control-Allow-Credentials:
      - 'true'
      Access-Control-Allow-Methods:
      - GET, HEAD, PUT, PATCH, POST, DELETE
      Access-Control-Allow-Origin:
      - "*"
      Cache-Control:
      - no-cache, no-store
      Content-Security-Policy:
      - base-uri 'none'; default-src 'none'; form-action 'none'; frame-ancestors 'none';
        img-src 'self'; script-src 'self' 'report-sample'; style-src 'self'; worker-src
        'none'; upgrade-insecure-requests; report-uri https://q.stripe.com/csp-violation?q=I20eHQ2BT2NOw2gECwW3a6q5_0tSXKAOYFK8o-sBgQkVaekoiyO_c82Qw0gK_Cn9_Y2owUoI4sg7LlAH
      Cross-Origin-Opener-Policy-Report-Only:
      - same-origin; report-to="coop"
      Idempotency-Key:
      - c6555d7c-ae4d-4e78-a6d<VENDOR_ID>-<VENDOR_ID><VENDOR_ID>3b25f94d<VENDOR_ID>6
      Original-Request:
      - req_PCJpWL0YKG2jPl
      Report-To:
      - '{"group":"coop","ma<VENDOR_AUTH_CODE>_age":8640,"endpoints":[{"url":"https://q.stripe.com/coop-report"}],"include_subdomains":true}'
      Reporting-Endpoints:
      - coop="https://q.stripe.com/coop-report"
      Request-Id:
      - req_PCJpWL0YKG2jPl
      Stripe-Should-Retry:
      - 'false'
      Stripe-Version:
      - 2024-<VENDOR_ID>2-<VENDOR_ID>8.acacia
      Vary:
      - Origin
      X-Stripe-Priority-Routing-Enabled:
      - 'true'
      X-Wc:
      - ABGHI
      Strict-Transport-Security:
      - ma<VENDOR_AUTH_CODE>-age=63072000; includeSubDomains; preload
      Access-Control-E<VENDOR_AUTH_CODE>pose-Headers:
      - Request-Id, Stripe-Manage-Version, Stripe-Should-Retry, X-Stripe-E<VENDOR_AUTH_CODE>ternal-Auth-Required,
        X-Stripe-Privileged-Session-Required
      Access-Control-Ma<VENDOR_AUTH_CODE>-Age:
      - '300'
      X-Stripe-Routing-Conte<VENDOR_AUTH_CODE>t-Priority-Tier:
      - api-testmode
    body:
      encoding: UTF-8
      string: |-
        {
          "id": "in_<VENDOR_ID>R6zvAKXBGcbgpbZ6yuY3YPe",
          "object": "invoice",
          "account_country": "US",
          "account_name": "Pay",
          "account_ta<VENDOR_AUTH_CODE>_ids": null,
          "amount_due": <VENDOR_ID>000,
          "amount_overpaid": 0,
          "amount_paid": <VENDOR_ID>000,
          "amount_remaining": 0,
          "amount_shipping": 0,
          "application": null,
          "application_fee_amount": null,
          "attempt_count": <VENDOR_ID>,
          "attempted": true,
          "auto_advance": false,
          "automatic_ta<VENDOR_AUTH_CODE>": {
            "disabled_reason": null,
            "enabled": false,
            "liability": null,
            "status": null
          },
          "automatically_finalizes_at": null,
          "billing_reason": "manual",
          "charge": "ch_3R6zvBKXBGcbgpbZ<VENDOR_ID>pLEHldN",
          "collection_method": "charge_automatically",
          "created": <VENDOR_ID>7430<VENDOR_ID>8448,
          "currency": "usd",
          "custom_fields": null,
          "customer": "cus_S<VENDOR_ID><VENDOR_ID>zjW99ySjdCr",
          "customer_address": null,
          "customer_email": "stripe@e<VENDOR_AUTH_CODE>ample.org",
          "customer_name": "Stripe User",
          "customer_phone": null,
          "customer_shipping": null,
          "customer_ta<VENDOR_AUTH_CODE>_e<VENDOR_AUTH_CODE>empt": "none",
          "customer_ta<VENDOR_AUTH_CODE>_ids": [],
          "default_payment_method": null,
          "default_source": null,
          "default_ta<VENDOR_AUTH_CODE>_rates": [],
          "description": null,
          "discount": null,
          "discounts": [],
          "due_date": null,
          "effective_at": <VENDOR_ID>7430<VENDOR_ID>8448,
          "ending_balance": 0,
          "footer": null,
          "from_invoice": null,
          "hosted_invoice_url": "https://invoice.stripe.com/i/acct_<VENDOR_ID>E4bfnKXBGcbgpbZ/test_YWNjdF8<VENDOR_AUTH_CODE>RTRiZm5LWEJHY2JncGJaLF9TMTF6WW00U<VENDOR_ID>F0UzhhS2dpRkNKVmdzelk3SVdRME<VENDOR_AUTH_CODE>lLDEzMzU<VENDOR_ID>OTI<VENDOR_ID>MA020055eR<VENDOR_AUTH_CODE>Bq8?s=ap",
          "invoice_pdf": "https://pay.stripe.com/invoice/acct_<VENDOR_ID>E4bfnKXBGcbgpbZ/test_YWNjdF8<VENDOR_AUTH_CODE>RTRiZm5LWEJHY2JncGJaLF9TMTF6WW00U<VENDOR_ID>F0UzhhS2dpRkNKVmdzelk3SVdRME<VENDOR_AUTH_CODE>lLDEzMzU<VENDOR_ID>OTI<VENDOR_ID>MA020055eR<VENDOR_AUTH_CODE>Bq8/pdf?s=ap",
          "issuer": {
            "type": "self"
          },
          "last_finalization_error": null,
          "latest_revision": null,
          "lines": {
            "object": "list",
            "data": [
              {
                "id": "il_<VENDOR_ID>R6zvAKXBGcbgpbZv5kFQT8w",
                "object": "line_item",
                "amount": <VENDOR_ID>000,
                "amount_e<VENDOR_AUTH_CODE>cluding_ta<VENDOR_AUTH_CODE>": <VENDOR_ID>000,
                "currency": "usd",
                "description": "One-time setup fee",
                "discount_amounts": [],
                "discountable": true,
                "discounts": [],
                "invoice": "in_<VENDOR_ID>R6zvAKXBGcbgpbZ6yuY3YPe",
                "invoice_item": "ii_<VENDOR_ID>R6zvAKXBGcbgpbZMfOJd<VENDOR_ID>HY",
                "livemode": false,
                "metadata": {},
                "parent": {
                  "invoice_item_details": {
                    "invoice_item": "ii_<VENDOR_ID>R6zvAKXBGcbgpbZMfOJd<VENDOR_ID>HY",
                    "proration": false,
                    "proration_details": {
                      "credited_items": null
                    },
                    "subscription": null
                  },
                  "subscription_item_details": null,
                  "type": "invoice_item_details"
                },
                "period": {
                  "end": <VENDOR_ID>7430<VENDOR_ID>8448,
                  "start": <VENDOR_ID>7430<VENDOR_ID>8448
                },
                "plan": null,
                "preta<VENDOR_AUTH_CODE>_credit_amounts": [],
                "price": {
                  "id": "price_<VENDOR_ID>PmHofKXBGcbgpbZCVOHQep3",
                  "object": "price",
                  "active": false,
                  "billing_scheme": "per_unit",
                  "created": <VENDOR_ID>7233060<VENDOR_ID>3,
                  "currency": "usd",
                  "custom_unit_amount": null,
                  "livemode": false,
                  "lookup_key": null,
                  "metadata": {},
                  "nickname": null,
                  "product": "prod_QdYwATBkKi2FtY",
                  "recurring": null,
                  "ta<VENDOR_AUTH_CODE>_behavior": "unspecified",
                  "tiers_mode": null,
                  "transform_quantity": null,
                  "type": "one_time",
                  "unit_amount": <VENDOR_ID>000,
                  "unit_amount_decimal": "<VENDOR_ID>000"
                },
                "pricing": {
                  "price_details": {
                    "price": "price_<VENDOR_ID>PmHofKXBGcbgpbZCVOHQep3",
                    "product": "prod_QdYwATBkKi2FtY"
                  },
                  "type": "price_details",
                  "unit_amount_decimal": "<VENDOR_ID>000"
                },
                "proration": false,
                "proration_details": {
                  "credited_items": null
                },
                "quantity": <VENDOR_ID>,
                "subscription": null,
                "ta<VENDOR_AUTH_CODE>_amounts": [],
                "ta<VENDOR_AUTH_CODE>_rates": [],
                "ta<VENDOR_AUTH_CODE>es": [],
                "type": "invoiceitem",
                "unit_amount_e<VENDOR_AUTH_CODE>cluding_ta<VENDOR_AUTH_CODE>": "<VENDOR_ID>000"
              }
            ],
            "has_more": false,
            "total_count": <VENDOR_ID>,
            "url": "/v<VENDOR_ID>/invoices/in_<VENDOR_ID>R6zvAKXBGcbgpbZ6yuY3YPe/lines"
          },
          "livemode": false,
          "metadata": {},
          "ne<VENDOR_AUTH_CODE>t_payment_attempt": null,
          "number": "B9AC23EE-000<VENDOR_ID>",
          "on_behalf_of": null,
          "paid": true,
          "paid_out_of_band": false,
          "parent": null,
          "payment_intent": "pi_3R6zvBKXBGcbgpbZ<VENDOR_ID>bVLZH2W",
          "payment_settings": {
            "default_mandate": null,
            "payment_method_options": null,
            "payment_method_types": null
          },
          "period_end": <VENDOR_ID>7430<VENDOR_ID>8448,
          "period_start": <VENDOR_ID>7430<VENDOR_ID>8448,
          "post_payment_credit_notes_amount": 0,
          "pre_payment_credit_notes_amount": 0,
          "quote": null,
          "receipt_number": null,
          "rendering": {
            "amount_ta<VENDOR_AUTH_CODE>_display": null,
            "pdf": {
              "page_size": "letter"
            },
            "template": null,
            "template_version": null
          },
          "shipping_cost": null,
          "shipping_details": null,
          "starting_balance": 0,
          "statement_descriptor": null,
          "status": "paid",
          "status_transitions": {
            "finalized_at": <VENDOR_ID>7430<VENDOR_ID>8448,
            "marked_uncollectible_at": null,
            "paid_at": <VENDOR_ID>7430<VENDOR_ID>8448,
            "voided_at": null
          },
          "subscription": null,
          "subscription_details": {
            "metadata": null
          },
          "subtotal": <VENDOR_ID>000,
          "subtotal_e<VENDOR_AUTH_CODE>cluding_ta<VENDOR_AUTH_CODE>": <VENDOR_ID>000,
          "ta<VENDOR_AUTH_CODE>": null,
          "test_clock": null,
          "total": <VENDOR_ID>000,
          "total_discount_amounts": [],
          "total_e<VENDOR_AUTH_CODE>cluding_ta<VENDOR_AUTH_CODE>": <VENDOR_ID>000,
          "total_preta<VENDOR_AUTH_CODE>_credit_amounts": [],
          "total_ta<VENDOR_AUTH_CODE>_amounts": [],
          "total_ta<VENDOR_AUTH_CODE>es": [],
          "transfer_data": null,
          "webhooks_delivered_at": <VENDOR_ID>7430<VENDOR_ID>8448
        }
  recorded_at: Wed, 26 Mar 2025 19:47:30 GMT
- request:
    method: post
    uri: https://api.stripe.com/v<VENDOR_ID>/customers/cus_S<VENDOR_ID>2<VENDOR_ID>jRfElHMjp6
    body:
      encoding: UTF-8
      string: invoice_settings[default_payment_method]=pm_<VENDOR_ID>R6z<VENDOR_AUTH_CODE>dKXBGcbgpbZyqvJtqU7
    headers:
      User-Agent:
      - Stripe/v<VENDOR_ID> RubyBindings/<VENDOR_ID>3.3.0 PayRails/8.3.0 (https://github.com/pay-rails/pay)
      Authorization:
      - Bearer sk_test_e<VENDOR_AUTH_CODE>0JDdQGDv6z2QmAIVQUOyE6
      X-Stripe-Client-Telemetry:
      - '{"last_request_metrics":{"request_id":"req_uX33dqn4LOGevs","request_duration_ms":722}}'
      Idempotency-Key:
      - 2b4b36a8-39f<VENDOR_ID>-43ec-9b99-0623a60f437f
      Stripe-Version:
      - 2024-<VENDOR_ID>2-<VENDOR_ID>8.acacia
      X-Stripe-Client-User-Agent:
      - '{"application":{"name":"PayRails","partner_id":"pp_partner_IqhY0UE<VENDOR_AUTH_CODE>nJYL<VENDOR_AUTH_CODE>g","url":"https://github.com/pay-rails/pay","version":"8.3.0"},"bindings_version":"<VENDOR_ID>3.3.0","lang":"ruby","lang_version":"3.4.2
        p28 (2025-02-<VENDOR_ID>5)","platform":"arm64-darwin24","engine":"ruby","publisher":"stripe","uname":"Darwin
        Mac-Studio.localdomain 24.3.0 Darwin Kernel Version 24.3.0: Thu Jan  2 20:3<VENDOR_ID>:43
        PST 2025; root:<VENDOR_AUTH_CODE>nu-<VENDOR_ID><VENDOR_ID>2<VENDOR_ID>5.8<VENDOR_ID>.4~4/RELEASE_ARM64_T603<VENDOR_ID>
        arm64","hostname":"Mac-Studio.localdomain"}'
      Content-Type:
      - application/<VENDOR_AUTH_CODE>-www-form-urlencoded
      Accept-Encoding:
      - gzip;q=<VENDOR_ID>.0,deflate;q=0.6,identity;q=0.3
      Accept:
      - "*/*"
  response:
    status:
      code: 200
      message: OK
    headers:
      Server:
      - ngin<VENDOR_AUTH_CODE>
      Date:
      - Wed, 26 Mar 2025 <VENDOR_ID>9:50:0<VENDOR_ID> GMT
      Content-Type:
      - application/json
      Content-Length:
      - '664'
      Connection:
      - keep-alive
      Access-Control-Allow-Credentials:
      - 'true'
      Access-Control-Allow-Methods:
      - GET, HEAD, PUT, PATCH, POST, DELETE
      Access-Control-Allow-Origin:
      - "*"
      Cache-Control:
      - no-cache, no-store
      Content-Security-Policy:
      - base-uri 'none'; default-src 'none'; form-action 'none'; frame-ancestors 'none';
        img-src 'self'; script-src 'self' 'report-sample'; style-src 'self'; worker-src
        'none'; upgrade-insecure-requests; report-uri https://q.stripe.com/csp-violation?q=q5piHQrUeNFLG4<VENDOR_AUTH_CODE>BZD2vKr<VENDOR_ID>r_<VENDOR_ID>v39KPTMVF<VENDOR_AUTH_CODE>Pp0nTRtEiwpJlfyzScUFaVuGmbjJPcA62Zo7Eqh05sHd
      Cross-Origin-Opener-Policy-Report-Only:
      - same-origin; report-to="coop"
      Idempotency-Key:
      - 2b4b36a8-39f<VENDOR_ID>-43ec-9b99-0623a60f437f
      Original-Request:
      - req_T4zVuSS8pmHdlp
      Report-To:
      - '{"group":"coop","ma<VENDOR_AUTH_CODE>_age":8640,"endpoints":[{"url":"https://q.stripe.com/coop-report"}],"include_subdomains":true}'
      Reporting-Endpoints:
      - coop="https://q.stripe.com/coop-report"
      Request-Id:
      - req_T4zVuSS8pmHdlp
      Stripe-Should-Retry:
      - 'false'
      Stripe-Version:
      - 2024-<VENDOR_ID>2-<VENDOR_ID>8.acacia
      Vary:
      - Origin
      X-Stripe-Priority-Routing-Enabled:
      - 'true'
      X-Wc:
      - ABGHI
      Strict-Transport-Security:
      - ma<VENDOR_AUTH_CODE>-age=63072000; includeSubDomains; preload
      Access-Control-E<VENDOR_AUTH_CODE>pose-Headers:
      - Request-Id, Stripe-Manage-Version, Stripe-Should-Retry, X-Stripe-E<VENDOR_AUTH_CODE>ternal-Auth-Required,
        X-Stripe-Privileged-Session-Required
      Access-Control-Ma<VENDOR_AUTH_CODE>-Age:
      - '300'
      X-Stripe-Routing-Conte<VENDOR_AUTH_CODE>t-Priority-Tier:
      - api-testmode
    body:
      encoding: UTF-8
      string: |-
        {
          "id": "cus_S<VENDOR_ID>2<VENDOR_ID>jRfElHMjp6",
          "object": "customer",
          "address": null,
          "balance": 0,
          "created": <VENDOR_ID>7430<VENDOR_ID>8600,
          "currency": null,
          "default_source": null,
          "delinquent": false,
          "description": null,
          "discount": null,
          "email": "stripe@e<VENDOR_AUTH_CODE>ample.org",
          "invoice_prefi<VENDOR_AUTH_CODE>": "C3275FCE",
          "invoice_settings": {
            "custom_fields": null,
            "default_payment_method": "pm_<VENDOR_ID>R6z<VENDOR_AUTH_CODE>dKXBGcbgpbZyqvJtqU7",
            "footer": null,
            "rendering_options": null
          },
          "livemode": false,
          "metadata": {},
          "name": "Stripe User",
          "ne<VENDOR_AUTH_CODE>t_invoice_sequence": <VENDOR_ID>,
          "phone": null,
          "preferred_locales": [],
          "shipping": null,
          "ta<VENDOR_AUTH_CODE>_e<VENDOR_AUTH_CODE>empt": "none",
          "test_clock": null
        }
  recorded_at: Wed, 26 Mar 2025 19:50:01 GMT
- request:
    method: post
    uri: https://api.stripe.com/v<VENDOR_ID>/invoices/in_<VENDOR_ID>R6z<VENDOR_AUTH_CODE>eKXBGcbgpbZPRPRnATG/pay
    body:
      encoding: US-ASCII
      string: ''
    headers:
      User-Agent:
      - Stripe/v<VENDOR_ID> RubyBindings/<VENDOR_ID>3.3.0 PayRails/8.3.0 (https://github.com/pay-rails/pay)
      Authorization:
      - Bearer sk_test_e<VENDOR_AUTH_CODE>0JDdQGDv6z2QmAIVQUOyE6
      X-Stripe-Client-Telemetry:
      - '{"last_request_metrics":{"request_id":"req_WbwYBYm<VENDOR_ID>LessjV","request_duration_ms":407}}'
      Idempotency-Key:
      - "<VENDOR_ID>70e0d07-df<VENDOR_ID>f-4ea6-a86b-263c5<VENDOR_ID>fe0367"
      Stripe-Version:
      - 2024-<VENDOR_ID>2-<VENDOR_ID>8.acacia
      X-Stripe-Client-User-Agent:
      - '{"application":{"name":"PayRails","partner_id":"pp_partner_IqhY0UE<VENDOR_AUTH_CODE>nJYL<VENDOR_AUTH_CODE>g","url":"https://github.com/pay-rails/pay","version":"8.3.0"},"bindings_version":"<VENDOR_ID>3.3.0","lang":"ruby","lang_version":"3.4.2
        p28 (2025-02-<VENDOR_ID>5)","platform":"arm64-darwin24","engine":"ruby","publisher":"stripe","uname":"Darwin
        Mac-Studio.localdomain 24.3.0 Darwin Kernel Version 24.3.0: Thu Jan  2 20:3<VENDOR_ID>:43
        PST 2025; root:<VENDOR_AUTH_CODE>nu-<VENDOR_ID><VENDOR_ID>2<VENDOR_ID>5.8<VENDOR_ID>.4~4/RELEASE_ARM64_T603<VENDOR_ID>
        arm64","hostname":"Mac-Studio.localdomain"}'
      Content-Type:
      - application/<VENDOR_AUTH_CODE>-www-form-urlencoded
      Accept-Encoding:
      - gzip;q=<VENDOR_ID>.0,deflate;q=0.6,identity;q=0.3
      Accept:
      - "*/*"
  response:
    status:
      code: 200
      message: OK
    headers:
      Server:
      - ngin<VENDOR_AUTH_CODE>
      Date:
      - Wed, 26 Mar 2025 <VENDOR_ID>9:50:04 GMT
      Content-Type:
      - application/json
      Content-Length:
      - '5488'
      Connection:
      - keep-alive
      Access-Control-Allow-Credentials:
      - 'true'
      Access-Control-Allow-Methods:
      - GET, HEAD, PUT, PATCH, POST, DELETE
      Access-Control-Allow-Origin:
      - "*"
      Cache-Control:
      - no-cache, no-store
      Content-Security-Policy:
      - base-uri 'none'; default-src 'none'; form-action 'none'; frame-ancestors 'none';
        img-src 'self'; script-src 'self' 'report-sample'; style-src 'self'; worker-src
        'none'; upgrade-insecure-requests; report-uri https://q.stripe.com/csp-violation?q=q5piHQrUeNFLG4<VENDOR_AUTH_CODE>BZD2vKr<VENDOR_ID>r_<VENDOR_ID>v39KPTMVF<VENDOR_AUTH_CODE>Pp0nTRtEiwpJlfyzScUFaVuGmbjJPcA62Zo7Eqh05sHd
      Cross-Origin-Opener-Policy-Report-Only:
      - same-origin; report-to="coop"
      Idempotency-Key:
      - "<VENDOR_ID>70e0d07-df<VENDOR_ID>f-4ea6-a86b-263c5<VENDOR_ID>fe0367"
      Original-Request:
      - req_XhIQk0ZlgX6uOM
      Report-To:
      - '{"group":"coop","ma<VENDOR_AUTH_CODE>_age":8640,"endpoints":[{"url":"https://q.stripe.com/coop-report"}],"include_subdomains":true}'
      Reporting-Endpoints:
      - coop="https://q.stripe.com/coop-report"
      Request-Id:
      - req_XhIQk0ZlgX6uOM
      Stripe-Should-Retry:
      - 'false'
      Stripe-Version:
      - 2024-<VENDOR_ID>2-<VENDOR_ID>8.acacia
      Vary:
      - Origin
      X-Stripe-Priority-Routing-Enabled:
      - 'true'
      X-Wc:
      - ABGHI
      Strict-Transport-Security:
      - ma<VENDOR_AUTH_CODE>-age=63072000; includeSubDomains; preload
      Access-Control-E<VENDOR_AUTH_CODE>pose-Headers:
      - Request-Id, Stripe-Manage-Version, Stripe-Should-Retry, X-Stripe-E<VENDOR_AUTH_CODE>ternal-Auth-Required,
        X-Stripe-Privileged-Session-Required
      Access-Control-Ma<VENDOR_AUTH_CODE>-Age:
      - '300'
      X-Stripe-Routing-Conte<VENDOR_AUTH_CODE>t-Priority-Tier:
      - api-testmode
    body:
      encoding: UTF-8
      string: |-
        {
          "id": "in_<VENDOR_ID>R6z<VENDOR_AUTH_CODE>eKXBGcbgpbZPRPRnATG",
          "object": "invoice",
          "account_country": "US",
          "account_name": "Pay",
          "account_ta<VENDOR_AUTH_CODE>_ids": null,
          "amount_due": <VENDOR_ID>000,
          "amount_overpaid": 0,
          "amount_paid": <VENDOR_ID>000,
          "amount_remaining": 0,
          "amount_shipping": 0,
          "application": null,
          "application_fee_amount": null,
          "attempt_count": <VENDOR_ID>,
          "attempted": true,
          "auto_advance": false,
          "automatic_ta<VENDOR_AUTH_CODE>": {
            "disabled_reason": null,
            "enabled": false,
            "liability": null,
            "status": null
          },
          "automatically_finalizes_at": null,
          "billing_reason": "manual",
          "charge": "ch_3R6z<VENDOR_AUTH_CODE>eKXBGcbgpbZ07dvUZYX",
          "collection_method": "charge_automatically",
          "created": <VENDOR_ID>7430<VENDOR_ID>8602,
          "currency": "usd",
          "custom_fields": null,
          "customer": "cus_S<VENDOR_ID>2<VENDOR_ID>jRfElHMjp6",
          "customer_address": null,
          "customer_email": "stripe@e<VENDOR_AUTH_CODE>ample.org",
          "customer_name": "Stripe User",
          "customer_phone": null,
          "customer_shipping": null,
          "customer_ta<VENDOR_AUTH_CODE>_e<VENDOR_AUTH_CODE>empt": "none",
          "customer_ta<VENDOR_AUTH_CODE>_ids": [],
          "default_payment_method": null,
          "default_source": null,
          "default_ta<VENDOR_AUTH_CODE>_rates": [],
          "description": null,
          "discount": null,
          "discounts": [],
          "due_date": null,
          "effective_at": <VENDOR_ID>7430<VENDOR_ID>8602,
          "ending_balance": 0,
          "footer": null,
          "from_invoice": null,
          "hosted_invoice_url": "https://invoice.stripe.com/i/acct_<VENDOR_ID>E4bfnKXBGcbgpbZ/test_YWNjdF8<VENDOR_AUTH_CODE>RTRiZm5LWEJHY2JncGJaLF9TMTI<VENDOR_AUTH_CODE>cm<VENDOR_AUTH_CODE><VENDOR_AUTH_CODE>Mm9CSHlwOTJHZE8<VENDOR_ID>TWtCMnpkZzZscGh2LDEzMzU<VENDOR_ID>OTQwNA0200YmPKasG7?s=ap",
          "invoice_pdf": "https://pay.stripe.com/invoice/acct_<VENDOR_ID>E4bfnKXBGcbgpbZ/test_YWNjdF8<VENDOR_AUTH_CODE>RTRiZm5LWEJHY2JncGJaLF9TMTI<VENDOR_AUTH_CODE>cm<VENDOR_AUTH_CODE><VENDOR_AUTH_CODE>Mm9CSHlwOTJHZE8<VENDOR_ID>TWtCMnpkZzZscGh2LDEzMzU<VENDOR_ID>OTQwNA0200YmPKasG7/pdf?s=ap",
          "issuer": {
            "type": "self"
          },
          "last_finalization_error": null,
          "latest_revision": null,
          "lines": {
            "object": "list",
            "data": [
              {
                "id": "il_<VENDOR_ID>R6z<VENDOR_AUTH_CODE>eKXBGcbgpbZO0UceGmk",
                "object": "line_item",
                "amount": <VENDOR_ID>000,
                "amount_e<VENDOR_AUTH_CODE>cluding_ta<VENDOR_AUTH_CODE>": <VENDOR_ID>000,
                "currency": "usd",
                "description": "One-time setup fee",
                "discount_amounts": [],
                "discountable": true,
                "discounts": [],
                "invoice": "in_<VENDOR_ID>R6z<VENDOR_AUTH_CODE>eKXBGcbgpbZPRPRnATG",
                "invoice_item": "ii_<VENDOR_ID>R6z<VENDOR_AUTH_CODE>eKXBGcbgpbZAnLMQAnb",
                "livemode": false,
                "metadata": {},
                "parent": {
                  "invoice_item_details": {
                    "invoice_item": "ii_<VENDOR_ID>R6z<VENDOR_AUTH_CODE>eKXBGcbgpbZAnLMQAnb",
                    "proration": false,
                    "proration_details": {
                      "credited_items": null
                    },
                    "subscription": null
                  },
                  "subscription_item_details": null,
                  "type": "invoice_item_details"
                },
                "period": {
                  "end": <VENDOR_ID>7430<VENDOR_ID>8602,
                  "start": <VENDOR_ID>7430<VENDOR_ID>8602
                },
                "plan": null,
                "preta<VENDOR_AUTH_CODE>_credit_amounts": [],
                "price": {
                  "id": "price_<VENDOR_ID>PmHofKXBGcbgpbZCVOHQep3",
                  "object": "price",
                  "active": false,
                  "billing_scheme": "per_unit",
                  "created": <VENDOR_ID>7233060<VENDOR_ID>3,
                  "currency": "usd",
                  "custom_unit_amount": null,
                  "livemode": false,
                  "lookup_key": null,
                  "metadata": {},
                  "nickname": null,
                  "product": "prod_QdYwATBkKi2FtY",
                  "recurring": null,
                  "ta<VENDOR_AUTH_CODE>_behavior": "unspecified",
                  "tiers_mode": null,
                  "transform_quantity": null,
                  "type": "one_time",
                  "unit_amount": <VENDOR_ID>000,
                  "unit_amount_decimal": "<VENDOR_ID>000"
                },
                "pricing": {
                  "price_details": {
                    "price": "price_<VENDOR_ID>PmHofKXBGcbgpbZCVOHQep3",
                    "product": "prod_QdYwATBkKi2FtY"
                  },
                  "type": "price_details",
                  "unit_amount_decimal": "<VENDOR_ID>000"
                },
                "proration": false,
                "proration_details": {
                  "credited_items": null
                },
                "quantity": <VENDOR_ID>,
                "subscription": null,
                "ta<VENDOR_AUTH_CODE>_amounts": [],
                "ta<VENDOR_AUTH_CODE>_rates": [],
                "ta<VENDOR_AUTH_CODE>es": [],
                "type": "invoiceitem",
                "unit_amount_e<VENDOR_AUTH_CODE>cluding_ta<VENDOR_AUTH_CODE>": "<VENDOR_ID>000"
              }
            ],
            "has_more": false,
            "total_count": <VENDOR_ID>,
            "url": "/v<VENDOR_ID>/invoices/in_<VENDOR_ID>R6z<VENDOR_AUTH_CODE>eKXBGcbgpbZPRPRnATG/lines"
          },
          "livemode": false,
          "metadata": {},
          "ne<VENDOR_AUTH_CODE>t_payment_attempt": null,
          "number": "C3275FCE-000<VENDOR_ID>",
          "on_behalf_of": null,
          "paid": true,
          "paid_out_of_band": false,
          "parent": null,
          "payment_intent": "pi_3R6z<VENDOR_AUTH_CODE>eKXBGcbgpbZ0V<VENDOR_ID>mPuUy",
          "payment_settings": {
            "default_mandate": null,
            "payment_method_options": null,
            "payment_method_types": null
          },
          "period_end": <VENDOR_ID>7430<VENDOR_ID>8602,
          "period_start": <VENDOR_ID>7430<VENDOR_ID>8602,
          "post_payment_credit_notes_amount": 0,
          "pre_payment_credit_notes_amount": 0,
          "quote": null,
          "receipt_number": null,
          "rendering": {
            "amount_ta<VENDOR_AUTH_CODE>_display": null,
            "pdf": {
              "page_size": "letter"
            },
            "template": null,
            "template_version": null
          },
          "shipping_cost": null,
          "shipping_details": null,
          "starting_balance": 0,
          "statement_descriptor": null,
          "status": "paid",
          "status_transitions": {
            "finalized_at": <VENDOR_ID>7430<VENDOR_ID>8602,
            "marked_uncollectible_at": null,
            "paid_at": <VENDOR_ID>7430<VENDOR_ID>8602,
            "voided_at": null
          },
          "subscription": null,
          "subscription_details": {
            "metadata": null
          },
          "subtotal": <VENDOR_ID>000,
          "subtotal_e<VENDOR_AUTH_CODE>cluding_ta<VENDOR_AUTH_CODE>": <VENDOR_ID>000,
          "ta<VENDOR_AUTH_CODE>": null,
          "test_clock": null,
          "total": <VENDOR_ID>000,
          "total_discount_amounts": [],
          "total_e<VENDOR_AUTH_CODE>cluding_ta<VENDOR_AUTH_CODE>": <VENDOR_ID>000,
          "total_preta<VENDOR_AUTH_CODE>_credit_amounts": [],
          "total_ta<VENDOR_AUTH_CODE>_amounts": [],
          "total_ta<VENDOR_AUTH_CODE>es": [],
          "transfer_data": null,
          "webhooks_delivered_at": <VENDOR_ID>7430<VENDOR_ID>8602
        }
  recorded_at: Wed, 26 Mar 2025 19:50:04 GMT
- request:
    method: post
    uri: https://api.stripe.com/v<VENDOR_ID>/customers/cus_S<VENDOR_ID>2Ap9ZyPTSfvz
    body:
      encoding: UTF-8
      string: invoice_settings[default_payment_method]=pm_<VENDOR_ID>R705nKXBGcbgpbZZUzYEkLk
    headers:
      User-Agent:
      - Stripe/v<VENDOR_ID> RubyBindings/<VENDOR_ID>3.5.0 PayRails/8.3.0 (https://github.com/pay-rails/pay)
      Authorization:
      - Bearer sk_test_e<VENDOR_AUTH_CODE>0JDdQGDv6z2QmAIVQUOyE6
      X-Stripe-Client-Telemetry:
      - '{"last_request_metrics":{"request_id":"req_mb8rGZgneyWOt3","request_duration_ms":55<VENDOR_ID>}}'
      Idempotency-Key:
      - 69739605-d98b-406f-9d98-e7784da693<VENDOR_ID>4
      Stripe-Version:
      - 2025-02-24.acacia
      X-Stripe-Client-User-Agent:
      - '{"application":{"name":"PayRails","partner_id":"pp_partner_IqhY0UE<VENDOR_AUTH_CODE>nJYL<VENDOR_AUTH_CODE>g","url":"https://github.com/pay-rails/pay","version":"8.3.0"},"bindings_version":"<VENDOR_ID>3.5.0","lang":"ruby","lang_version":"3.4.2
        p28 (2025-02-<VENDOR_ID>5)","platform":"arm64-darwin24","engine":"ruby","publisher":"stripe","uname":"Darwin
        Mac-Studio.localdomain 24.3.0 Darwin Kernel Version 24.3.0: Thu Jan  2 20:3<VENDOR_ID>:43
        PST 2025; root:<VENDOR_AUTH_CODE>nu-<VENDOR_ID><VENDOR_ID>2<VENDOR_ID>5.8<VENDOR_ID>.4~4/RELEASE_ARM64_T603<VENDOR_ID>
        arm64","hostname":"Mac-Studio.localdomain"}'
      Content-Type:
      - application/<VENDOR_AUTH_CODE>-www-form-urlencoded
      Accept-Encoding:
      - gzip;q=<VENDOR_ID>.0,deflate;q=0.6,identity;q=0.3
      Accept:
      - "*/*"
  response:
    status:
      code: 200
      message: OK
    headers:
      Server:
      - ngin<VENDOR_AUTH_CODE>
      Date:
      - Wed, 26 Mar 2025 <VENDOR_ID>9:58:27 GMT
      Content-Type:
      - application/json
      Content-Length:
      - '664'
      Connection:
      - keep-alive
      Access-Control-Allow-Credentials:
      - 'true'
      Access-Control-Allow-Methods:
      - GET, HEAD, PUT, PATCH, POST, DELETE
      Access-Control-Allow-Origin:
      - "*"
      Cache-Control:
      - no-cache, no-store
      Content-Security-Policy:
      - base-uri 'none'; default-src 'none'; form-action 'none'; frame-ancestors 'none';
        img-src 'self'; script-src 'self' 'report-sample'; style-src 'self'; worker-src
        'none'; upgrade-insecure-requests; report-uri https://q.stripe.com/csp-violation?q=efVCFgHbpEXRmqw_7eiu6vuRVy-peSjeiZebI6RHErh<VENDOR_AUTH_CODE>acwpPemG6lBcbs<VENDOR_AUTH_CODE>9<VENDOR_AUTH_CODE>W7KrSIureLNFEoBG79i
      Cross-Origin-Opener-Policy-Report-Only:
      - same-origin; report-to="coop"
      Idempotency-Key:
      - 69739605-d98b-406f-9d98-e7784da693<VENDOR_ID>4
      Original-Request:
      - req_2rwH<VENDOR_ID>IzFFwcMOz
      Report-To:
      - '{"group":"coop","ma<VENDOR_AUTH_CODE>_age":8640,"endpoints":[{"url":"https://q.stripe.com/coop-report"}],"include_subdomains":true}'
      Reporting-Endpoints:
      - coop="https://q.stripe.com/coop-report"
      Request-Id:
      - req_2rwH<VENDOR_ID>IzFFwcMOz
      Stripe-Should-Retry:
      - 'false'
      Stripe-Version:
      - 2025-02-24.acacia
      Vary:
      - Origin
      X-Stripe-Priority-Routing-Enabled:
      - 'true'
      X-Wc:
      - ABGHI
      Strict-Transport-Security:
      - ma<VENDOR_AUTH_CODE>-age=63072000; includeSubDomains; preload
      Access-Control-E<VENDOR_AUTH_CODE>pose-Headers:
      - Request-Id, Stripe-Manage-Version, Stripe-Should-Retry, X-Stripe-E<VENDOR_AUTH_CODE>ternal-Auth-Required,
        X-Stripe-Privileged-Session-Required
      Access-Control-Ma<VENDOR_AUTH_CODE>-Age:
      - '300'
      X-Stripe-Routing-Conte<VENDOR_AUTH_CODE>t-Priority-Tier:
      - api-testmode
    body:
      encoding: UTF-8
      string: |-
        {
          "id": "cus_S<VENDOR_ID>2Ap9ZyPTSfvz",
          "object": "customer",
          "address": null,
          "balance": 0,
          "created": <VENDOR_ID>7430<VENDOR_ID>9<VENDOR_ID>06,
          "currency": null,
          "default_source": null,
          "delinquent": false,
          "description": null,
          "discount": null,
          "email": "stripe@e<VENDOR_AUTH_CODE>ample.org",
          "invoice_prefi<VENDOR_AUTH_CODE>": "E<VENDOR_ID>F69<VENDOR_ID>E3",
          "invoice_settings": {
            "custom_fields": null,
            "default_payment_method": "pm_<VENDOR_ID>R705nKXBGcbgpbZZUzYEkLk",
            "footer": null,
            "rendering_options": null
          },
          "livemode": false,
          "metadata": {},
          "name": "Stripe User",
          "ne<VENDOR_AUTH_CODE>t_invoice_sequence": <VENDOR_ID>,
          "phone": null,
          "preferred_locales": [],
          "shipping": null,
          "ta<VENDOR_AUTH_CODE>_e<VENDOR_AUTH_CODE>empt": "none",
          "test_clock": null
        }
  recorded_at: Wed, 26 Mar 2025 19:58:27 GMT
- request:
    method: post
    uri: https://api.stripe.com/v<VENDOR_ID>/invoices/in_<VENDOR_ID>R705oKXBGcbgpbZqoqYuz5J/pay
    body:
      encoding: US-ASCII
      string: ''
    headers:
      User-Agent:
      - Stripe/v<VENDOR_ID> RubyBindings/<VENDOR_ID>3.5.0 PayRails/8.3.0 (https://github.com/pay-rails/pay)
      Authorization:
      - Bearer sk_test_e<VENDOR_AUTH_CODE>0JDdQGDv6z2QmAIVQUOyE6
      X-Stripe-Client-Telemetry:
      - '{"last_request_metrics":{"request_id":"req_lS9biq7o3NYMyj","request_duration_ms":428}}'
      Idempotency-Key:
      - f<VENDOR_ID>d72c99-7235-4a84-9f63-ea3706b6<VENDOR_ID>5<VENDOR_ID>4
      Stripe-Version:
      - 2025-02-24.acacia
      X-Stripe-Client-User-Agent:
      - '{"application":{"name":"PayRails","partner_id":"pp_partner_IqhY0UE<VENDOR_AUTH_CODE>nJYL<VENDOR_AUTH_CODE>g","url":"https://github.com/pay-rails/pay","version":"8.3.0"},"bindings_version":"<VENDOR_ID>3.5.0","lang":"ruby","lang_version":"3.4.2
        p28 (2025-02-<VENDOR_ID>5)","platform":"arm64-darwin24","engine":"ruby","publisher":"stripe","uname":"Darwin
        Mac-Studio.localdomain 24.3.0 Darwin Kernel Version 24.3.0: Thu Jan  2 20:3<VENDOR_ID>:43
        PST 2025; root:<VENDOR_AUTH_CODE>nu-<VENDOR_ID><VENDOR_ID>2<VENDOR_ID>5.8<VENDOR_ID>.4~4/RELEASE_ARM64_T603<VENDOR_ID>
        arm64","hostname":"Mac-Studio.localdomain"}'
      Content-Type:
      - application/<VENDOR_AUTH_CODE>-www-form-urlencoded
      Accept-Encoding:
      - gzip;q=<VENDOR_ID>.0,deflate;q=0.6,identity;q=0.3
      Accept:
      - "*/*"
  response:
    status:
      code: 200
      message: OK
    headers:
      Server:
      - ngin<VENDOR_AUTH_CODE>
      Date:
      - Wed, 26 Mar 2025 <VENDOR_ID>9:58:30 GMT
      Content-Type:
      - application/json
      Content-Length:
      - '5488'
      Connection:
      - keep-alive
      Access-Control-Allow-Credentials:
      - 'true'
      Access-Control-Allow-Methods:
      - GET, HEAD, PUT, PATCH, POST, DELETE
      Access-Control-Allow-Origin:
      - "*"
      Cache-Control:
      - no-cache, no-store
      Content-Security-Policy:
      - base-uri 'none'; default-src 'none'; form-action 'none'; frame-ancestors 'none';
        img-src 'self'; script-src 'self' 'report-sample'; style-src 'self'; worker-src
        'none'; upgrade-insecure-requests; report-uri https://q.stripe.com/csp-violation?q=efVCFgHbpEXRmqw_7eiu6vuRVy-peSjeiZebI6RHErh<VENDOR_AUTH_CODE>acwpPemG6lBcbs<VENDOR_AUTH_CODE>9<VENDOR_AUTH_CODE>W7KrSIureLNFEoBG79i
      Cross-Origin-Opener-Policy-Report-Only:
      - same-origin; report-to="coop"
      Idempotency-Key:
      - f<VENDOR_ID>d72c99-7235-4a84-9f63-ea3706b6<VENDOR_ID>5<VENDOR_ID>4
      Original-Request:
      - req_DG20NRcuswRkDN
      Report-To:
      - '{"group":"coop","ma<VENDOR_AUTH_CODE>_age":8640,"endpoints":[{"url":"https://q.stripe.com/coop-report"}],"include_subdomains":true}'
      Reporting-Endpoints:
      - coop="https://q.stripe.com/coop-report"
      Request-Id:
      - req_DG20NRcuswRkDN
      Stripe-Should-Retry:
      - 'false'
      Stripe-Version:
      - 2025-02-24.acacia
      Vary:
      - Origin
      X-Stripe-Priority-Routing-Enabled:
      - 'true'
      X-Wc:
      - ABGHI
      Strict-Transport-Security:
      - ma<VENDOR_AUTH_CODE>-age=63072000; includeSubDomains; preload
      Access-Control-E<VENDOR_AUTH_CODE>pose-Headers:
      - Request-Id, Stripe-Manage-Version, Stripe-Should-Retry, X-Stripe-E<VENDOR_AUTH_CODE>ternal-Auth-Required,
        X-Stripe-Privileged-Session-Required
      Access-Control-Ma<VENDOR_AUTH_CODE>-Age:
      - '300'
      X-Stripe-Routing-Conte<VENDOR_AUTH_CODE>t-Priority-Tier:
      - api-testmode
    body:
      encoding: UTF-8
      string: |-
        {
          "id": "in_<VENDOR_ID>R705oKXBGcbgpbZqoqYuz5J",
          "object": "invoice",
          "account_country": "US",
          "account_name": "Pay",
          "account_ta<VENDOR_AUTH_CODE>_ids": null,
          "amount_due": <VENDOR_ID>000,
          "amount_overpaid": 0,
          "amount_paid": <VENDOR_ID>000,
          "amount_remaining": 0,
          "amount_shipping": 0,
          "application": null,
          "application_fee_amount": null,
          "attempt_count": <VENDOR_ID>,
          "attempted": true,
          "auto_advance": false,
          "automatic_ta<VENDOR_AUTH_CODE>": {
            "disabled_reason": null,
            "enabled": false,
            "liability": null,
            "status": null
          },
          "automatically_finalizes_at": null,
          "billing_reason": "manual",
          "charge": "ch_3R705oKXBGcbgpbZ04B<VENDOR_AUTH_CODE>lrDg",
          "collection_method": "charge_automatically",
          "created": <VENDOR_ID>7430<VENDOR_ID>9<VENDOR_ID>08,
          "currency": "usd",
          "custom_fields": null,
          "customer": "cus_S<VENDOR_ID>2Ap9ZyPTSfvz",
          "customer_address": null,
          "customer_email": "stripe@e<VENDOR_AUTH_CODE>ample.org",
          "customer_name": "Stripe User",
          "customer_phone": null,
          "customer_shipping": null,
          "customer_ta<VENDOR_AUTH_CODE>_e<VENDOR_AUTH_CODE>empt": "none",
          "customer_ta<VENDOR_AUTH_CODE>_ids": [],
          "default_payment_method": null,
          "default_source": null,
          "default_ta<VENDOR_AUTH_CODE>_rates": [],
          "description": null,
          "discount": null,
          "discounts": [],
          "due_date": null,
          "effective_at": <VENDOR_ID>7430<VENDOR_ID>9<VENDOR_ID>08,
          "ending_balance": 0,
          "footer": null,
          "from_invoice": null,
          "hosted_invoice_url": "https://invoice.stripe.com/i/acct_<VENDOR_ID>E4bfnKXBGcbgpbZ/test_YWNjdF8<VENDOR_AUTH_CODE>RTRiZm5LWEJHY2JncGJaLF9TMTJBR<VENDOR_ID>Voa2s2d3F<VENDOR_AUTH_CODE>UFg<VENDOR_ID>cUM0WGpBSVU0TTZnR2<VENDOR_ID>XLDEzMzU<VENDOR_ID>OTk<VENDOR_AUTH_CODE>MA0200BKdpe<VENDOR_AUTH_CODE>Mf?s=ap",
          "invoice_pdf": "https://pay.stripe.com/invoice/acct_<VENDOR_ID>E4bfnKXBGcbgpbZ/test_YWNjdF8<VENDOR_AUTH_CODE>RTRiZm5LWEJHY2JncGJaLF9TMTJBR<VENDOR_ID>Voa2s2d3F<VENDOR_AUTH_CODE>UFg<VENDOR_ID>cUM0WGpBSVU0TTZnR2<VENDOR_ID>XLDEzMzU<VENDOR_ID>OTk<VENDOR_AUTH_CODE>MA0200BKdpe<VENDOR_AUTH_CODE>Mf/pdf?s=ap",
          "issuer": {
            "type": "self"
          },
          "last_finalization_error": null,
          "latest_revision": null,
          "lines": {
            "object": "list",
            "data": [
              {
                "id": "il_<VENDOR_ID>R705nKXBGcbgpbZT9nZTMwe",
                "object": "line_item",
                "amount": <VENDOR_ID>000,
                "amount_e<VENDOR_AUTH_CODE>cluding_ta<VENDOR_AUTH_CODE>": <VENDOR_ID>000,
                "currency": "usd",
                "description": "One-time setup fee",
                "discount_amounts": [],
                "discountable": true,
                "discounts": [],
                "invoice": "in_<VENDOR_ID>R705oKXBGcbgpbZqoqYuz5J",
                "invoice_item": "ii_<VENDOR_ID>R705nKXBGcbgpbZ<VENDOR_AUTH_CODE>kQPWGSg",
                "livemode": false,
                "metadata": {},
                "parent": {
                  "invoice_item_details": {
                    "invoice_item": "ii_<VENDOR_ID>R705nKXBGcbgpbZ<VENDOR_AUTH_CODE>kQPWGSg",
                    "proration": false,
                    "proration_details": {
                      "credited_items": null
                    },
                    "subscription": null
                  },
                  "subscription_item_details": null,
                  "type": "invoice_item_details"
                },
                "period": {
                  "end": <VENDOR_ID>7430<VENDOR_ID>9<VENDOR_ID>07,
                  "start": <VENDOR_ID>7430<VENDOR_ID>9<VENDOR_ID>07
                },
                "plan": null,
                "preta<VENDOR_AUTH_CODE>_credit_amounts": [],
                "price": {
                  "id": "price_<VENDOR_ID>PmHofKXBGcbgpbZCVOHQep3",
                  "object": "price",
                  "active": false,
                  "billing_scheme": "per_unit",
                  "created": <VENDOR_ID>7233060<VENDOR_ID>3,
                  "currency": "usd",
                  "custom_unit_amount": null,
                  "livemode": false,
                  "lookup_key": null,
                  "metadata": {},
                  "nickname": null,
                  "product": "prod_QdYwATBkKi2FtY",
                  "recurring": null,
                  "ta<VENDOR_AUTH_CODE>_behavior": "unspecified",
                  "tiers_mode": null,
                  "transform_quantity": null,
                  "type": "one_time",
                  "unit_amount": <VENDOR_ID>000,
                  "unit_amount_decimal": "<VENDOR_ID>000"
                },
                "pricing": {
                  "price_details": {
                    "price": "price_<VENDOR_ID>PmHofKXBGcbgpbZCVOHQep3",
                    "product": "prod_QdYwATBkKi2FtY"
                  },
                  "type": "price_details",
                  "unit_amount_decimal": "<VENDOR_ID>000"
                },
                "proration": false,
                "proration_details": {
                  "credited_items": null
                },
                "quantity": <VENDOR_ID>,
                "subscription": null,
                "ta<VENDOR_AUTH_CODE>_amounts": [],
                "ta<VENDOR_AUTH_CODE>_rates": [],
                "ta<VENDOR_AUTH_CODE>es": [],
                "type": "invoiceitem",
                "unit_amount_e<VENDOR_AUTH_CODE>cluding_ta<VENDOR_AUTH_CODE>": "<VENDOR_ID>000"
              }
            ],
            "has_more": false,
            "total_count": <VENDOR_ID>,
            "url": "/v<VENDOR_ID>/invoices/in_<VENDOR_ID>R705oKXBGcbgpbZqoqYuz5J/lines"
          },
          "livemode": false,
          "metadata": {},
          "ne<VENDOR_AUTH_CODE>t_payment_attempt": null,
          "number": "E<VENDOR_ID>F69<VENDOR_ID>E3-000<VENDOR_ID>",
          "on_behalf_of": null,
          "paid": true,
          "paid_out_of_band": false,
          "parent": null,
          "payment_intent": "pi_3R705oKXBGcbgpbZ0NlIzKDv",
          "payment_settings": {
            "default_mandate": null,
            "payment_method_options": null,
            "payment_method_types": null
          },
          "period_end": <VENDOR_ID>7430<VENDOR_ID>9<VENDOR_ID>08,
          "period_start": <VENDOR_ID>7430<VENDOR_ID>9<VENDOR_ID>08,
          "post_payment_credit_notes_amount": 0,
          "pre_payment_credit_notes_amount": 0,
          "quote": null,
          "receipt_number": null,
          "rendering": {
            "amount_ta<VENDOR_AUTH_CODE>_display": null,
            "pdf": {
              "page_size": "letter"
            },
            "template": null,
            "template_version": null
          },
          "shipping_cost": null,
          "shipping_details": null,
          "starting_balance": 0,
          "statement_descriptor": null,
          "status": "paid",
          "status_transitions": {
            "finalized_at": <VENDOR_ID>7430<VENDOR_ID>9<VENDOR_ID>08,
            "marked_uncollectible_at": null,
            "paid_at": <VENDOR_ID>7430<VENDOR_ID>9<VENDOR_ID>08,
            "voided_at": null
          },
          "subscription": null,
          "subscription_details": {
            "metadata": null
          },
          "subtotal": <VENDOR_ID>000,
          "subtotal_e<VENDOR_AUTH_CODE>cluding_ta<VENDOR_AUTH_CODE>": <VENDOR_ID>000,
          "ta<VENDOR_AUTH_CODE>": null,
          "test_clock": null,
          "total": <VENDOR_ID>000,
          "total_discount_amounts": [],
          "total_e<VENDOR_AUTH_CODE>cluding_ta<VENDOR_AUTH_CODE>": <VENDOR_ID>000,
          "total_preta<VENDOR_AUTH_CODE>_credit_amounts": [],
          "total_ta<VENDOR_AUTH_CODE>_amounts": [],
          "total_ta<VENDOR_AUTH_CODE>es": [],
          "transfer_data": null,
          "webhooks_delivered_at": <VENDOR_ID>7430<VENDOR_ID>9<VENDOR_ID>08
        }
  recorded_at: Wed, 26 Mar 2025 19:58:30 GMT
- request:
    method: post
    uri: https://api.stripe.com/v<VENDOR_ID>/customers/cus_TL2gsQ7ihn5JSH
    body:
      encoding: UTF-8
      string: invoice_settings[default_payment_method]=pm_<VENDOR_ID>SOMb7KXBGcbgpbZDk85Urnj
    headers:
      User-Agent:
      - Stripe/v<VENDOR_ID> RubyBindings/<VENDOR_ID>7.<VENDOR_ID>.0 PayRails/<VENDOR_ID><VENDOR_ID>.2.3
        (https://github.com/pay-rails/pay)
      Authorization:
      - Bearer sk_test_e<VENDOR_AUTH_CODE>0JDdQGDv6z2QmAIVQUOyE6
      X-Stripe-Client-Telemetry:
      - '{"last_request_metrics":{"request_id":"req_Kw7NQLNCBL5kHQ","request_duration_ms":623}}'
      Idempotency-Key:
      - 7729e0d6-70<VENDOR_ID>c-46a2-aa83-4c682ae7ecda
      Stripe-Version:
      - 2025-<VENDOR_ID>0-29.clover
      X-Stripe-Client-User-Agent:
      - '{"application":{"name":"PayRails","partner_id":"pp_partner_IqhY0UE<VENDOR_AUTH_CODE>nJYL<VENDOR_AUTH_CODE>g","url":"https://github.com/pay-rails/pay","version":"<VENDOR_ID><VENDOR_ID>.2.3"},"bindings_version":"<VENDOR_ID>7.<VENDOR_ID>.0","lang":"ruby","lang_version":"3.4.5
        p5<VENDOR_ID> (2025-07-<VENDOR_ID>6)","platform":"arm64-darwin24","engine":"ruby","publisher":"stripe","uname":"Darwin
        MacBookPro.localdomain 25.0.0 Darwin Kernel Version 25.0.0: Wed Sep <VENDOR_ID>7
        2<VENDOR_ID>:4<VENDOR_ID>:45 PDT 2025; root:<VENDOR_AUTH_CODE>nu-<VENDOR_ID>2377.<VENDOR_ID>.9~<VENDOR_ID>4<VENDOR_ID>/RELEASE_ARM64_T6000
        arm64","hostname":"MacBookPro.localdomain"}'
      Content-Type:
      - application/<VENDOR_AUTH_CODE>-www-form-urlencoded
      Accept-Encoding:
      - gzip;q=<VENDOR_ID>.0,deflate;q=0.6,identity;q=0.3
      Accept:
      - "*/*"
  response:
    status:
      code: 200
      message: OK
    headers:
      Server:
      - ngin<VENDOR_AUTH_CODE>
      Date:
      - Fri, 3<VENDOR_ID> Oct 2025 <VENDOR_ID>7:58:50 GMT
      Content-Type:
      - application/json
      Content-Length:
      - '664'
      Connection:
      - keep-alive
      Access-Control-Allow-Credentials:
      - 'true'
      Access-Control-Allow-Methods:
      - GET, HEAD, PUT, PATCH, POST, DELETE
      Access-Control-Allow-Origin:
      - "*"
      Cache-Control:
      - no-cache, no-store
      Content-Security-Policy:
      - base-uri 'none'; default-src 'none'; form-action 'none'; frame-ancestors 'none';
        img-src 'self'; script-src 'self' 'report-sample'; style-src 'self'; worker-src
        'none'; upgrade-insecure-requests; report-uri https://q.stripe.com/csp-violation?q=G_KQS8qDksuoKI6w-wAw0ODYZjzG6<VENDOR_AUTH_CODE>fqZErpdEG_pvSNwcG7EGQpOzJ<VENDOR_ID>femSRWqcHdgGejwZJfT-bjg6
      Idempotency-Key:
      - 7729e0d6-70<VENDOR_ID>c-46a2-aa83-4c682ae7ecda
      Original-Request:
      - req_NeP<VENDOR_ID>p8CM60terD
      Request-Id:
      - req_NeP<VENDOR_ID>p8CM60terD
      Stripe-Should-Retry:
      - 'false'
      Stripe-Version:
      - 2025-<VENDOR_ID>0-29.clover
      Vary:
      - Origin
      X-Stripe-Priority-Routing-Enabled:
      - 'true'
      X-Wc:
      - ABGHIJ
      Strict-Transport-Security:
      - ma<VENDOR_AUTH_CODE>-age=63072000; includeSubDomains; preload
      Access-Control-E<VENDOR_AUTH_CODE>pose-Headers:
      - Request-Id, Stripe-Manage-Version, Stripe-Should-Retry, X-Stripe-E<VENDOR_AUTH_CODE>ternal-Auth-Required,
        X-Stripe-Privileged-Session-Required
      Access-Control-Ma<VENDOR_AUTH_CODE>-Age:
      - '300'
      X-Stripe-Routing-Conte<VENDOR_AUTH_CODE>t-Priority-Tier:
      - api-testmode
    body:
      encoding: UTF-8
      string: |-
        {
          "id": "cus_TL2gsQ7ihn5JSH",
          "object": "customer",
          "address": null,
          "balance": 0,
          "created": <VENDOR_ID>76<VENDOR_ID>933529,
          "currency": null,
          "default_source": null,
          "delinquent": false,
          "description": null,
          "discount": null,
          "email": "stripe@e<VENDOR_AUTH_CODE>ample.org",
          "invoice_prefi<VENDOR_AUTH_CODE>": "ERTTKRGH",
          "invoice_settings": {
            "custom_fields": null,
            "default_payment_method": "pm_<VENDOR_ID>SOMb7KXBGcbgpbZDk85Urnj",
            "footer": null,
            "rendering_options": null
          },
          "livemode": false,
          "metadata": {},
          "name": "Stripe User",
          "ne<VENDOR_AUTH_CODE>t_invoice_sequence": <VENDOR_ID>,
          "phone": null,
          "preferred_locales": [],
          "shipping": null,
          "ta<VENDOR_AUTH_CODE>_e<VENDOR_AUTH_CODE>empt": "none",
          "test_clock": null
        }
  recorded_at: Fri, 31 Oct 2025 17:58:50 GMT
- request:
    method: post
    uri: https://api.stripe.com/v<VENDOR_ID>/invoices/in_<VENDOR_ID>SOMb8KXBGcbgpbZaPVAMLBv/pay
    body:
      encoding: US-ASCII
      string: ''
    headers:
      User-Agent:
      - Stripe/v<VENDOR_ID> RubyBindings/<VENDOR_ID>7.<VENDOR_ID>.0 PayRails/<VENDOR_ID><VENDOR_ID>.2.3
        (https://github.com/pay-rails/pay)
      Authorization:
      - Bearer sk_test_e<VENDOR_AUTH_CODE>0JDdQGDv6z2QmAIVQUOyE6
      X-Stripe-Client-Telemetry:
      - '{"last_request_metrics":{"request_id":"req_R6vthD3O2WM3wA","request_duration_ms":45<VENDOR_ID>}}'
      Idempotency-Key:
      - 4b8d2b<VENDOR_ID>e-f9ee-4e7<VENDOR_ID>-b<VENDOR_ID>5<VENDOR_ID>-4084fa98857f
      Stripe-Version:
      - 2025-<VENDOR_ID>0-29.clover
      X-Stripe-Client-User-Agent:
      - '{"application":{"name":"PayRails","partner_id":"pp_partner_IqhY0UE<VENDOR_AUTH_CODE>nJYL<VENDOR_AUTH_CODE>g","url":"https://github.com/pay-rails/pay","version":"<VENDOR_ID><VENDOR_ID>.2.3"},"bindings_version":"<VENDOR_ID>7.<VENDOR_ID>.0","lang":"ruby","lang_version":"3.4.5
        p5<VENDOR_ID> (2025-07-<VENDOR_ID>6)","platform":"arm64-darwin24","engine":"ruby","publisher":"stripe","uname":"Darwin
        MacBookPro.localdomain 25.0.0 Darwin Kernel Version 25.0.0: Wed Sep <VENDOR_ID>7
        2<VENDOR_ID>:4<VENDOR_ID>:45 PDT 2025; root:<VENDOR_AUTH_CODE>nu-<VENDOR_ID>2377.<VENDOR_ID>.9~<VENDOR_ID>4<VENDOR_ID>/RELEASE_ARM64_T6000
        arm64","hostname":"MacBookPro.localdomain"}'
      Content-Type:
      - application/<VENDOR_AUTH_CODE>-www-form-urlencoded
      Accept-Encoding:
      - gzip;q=<VENDOR_ID>.0,deflate;q=0.6,identity;q=0.3
      Accept:
      - "*/*"
  response:
    status:
      code: 200
      message: OK
    headers:
      Server:
      - ngin<VENDOR_AUTH_CODE>
      Date:
      - Fri, 3<VENDOR_ID> Oct 2025 <VENDOR_ID>7:58:53 GMT
      Content-Type:
      - application/json
      Content-Length:
      - 4<VENDOR_ID>07
      Connection:
      - keep-alive
      Access-Control-Allow-Credentials:
      - 'true'
      Access-Control-Allow-Methods:
      - GET, HEAD, PUT, PATCH, POST, DELETE
      Access-Control-Allow-Origin:
      - "*"
      Cache-Control:
      - no-cache, no-store
      Content-Security-Policy:
      - base-uri 'none'; default-src 'none'; form-action 'none'; frame-ancestors 'none';
        img-src 'self'; script-src 'self' 'report-sample'; style-src 'self'; worker-src
        'none'; upgrade-insecure-requests; report-uri https://q.stripe.com/csp-violation?q=G_KQS8qDksuoKI6w-wAw0ODYZjzG6<VENDOR_AUTH_CODE>fqZErpdEG_pvSNwcG7EGQpOzJ<VENDOR_ID>femSRWqcHdgGejwZJfT-bjg6
      Idempotency-Key:
      - 4b8d2b<VENDOR_ID>e-f9ee-4e7<VENDOR_ID>-b<VENDOR_ID>5<VENDOR_ID>-4084fa98857f
      Original-Request:
      - req_LS<VENDOR_ID>D5O2U8QlhFI
      Request-Id:
      - req_LS<VENDOR_ID>D5O2U8QlhFI
      Stripe-Should-Retry:
      - 'false'
      Stripe-Version:
      - 2025-<VENDOR_ID>0-29.clover
      Vary:
      - Origin
      X-Stripe-Priority-Routing-Enabled:
      - 'true'
      X-Wc:
      - ABGHIJ
      Strict-Transport-Security:
      - ma<VENDOR_AUTH_CODE>-age=63072000; includeSubDomains; preload
      Access-Control-E<VENDOR_AUTH_CODE>pose-Headers:
      - Request-Id, Stripe-Manage-Version, Stripe-Should-Retry, X-Stripe-E<VENDOR_AUTH_CODE>ternal-Auth-Required,
        X-Stripe-Privileged-Session-Required
      Access-Control-Ma<VENDOR_AUTH_CODE>-Age:
      - '300'
      X-Stripe-Routing-Conte<VENDOR_AUTH_CODE>t-Priority-Tier:
      - api-testmode
    body:
      encoding: UTF-8
      string: |-
        {
          "id": "in_<VENDOR_ID>SOMb8KXBGcbgpbZaPVAMLBv",
          "object": "invoice",
          "account_country": "US",
          "account_name": "Pay",
          "account_ta<VENDOR_AUTH_CODE>_ids": null,
          "amount_due": <VENDOR_ID>000,
          "amount_overpaid": 0,
          "amount_paid": <VENDOR_ID>000,
          "amount_remaining": 0,
          "amount_shipping": 0,
          "application": null,
          "attempt_count": <VENDOR_ID>,
          "attempted": true,
          "auto_advance": false,
          "automatic_ta<VENDOR_AUTH_CODE>": {
            "disabled_reason": null,
            "enabled": false,
            "liability": null,
            "provider": null,
            "status": null
          },
          "automatically_finalizes_at": null,
          "billing_reason": "manual",
          "collection_method": "charge_automatically",
          "created": <VENDOR_ID>76<VENDOR_ID>933530,
          "currency": "usd",
          "custom_fields": null,
          "customer": "cus_TL2gsQ7ihn5JSH",
          "customer_address": null,
          "customer_email": "stripe@e<VENDOR_AUTH_CODE>ample.org",
          "customer_name": "Stripe User",
          "customer_phone": null,
          "customer_shipping": null,
          "customer_ta<VENDOR_AUTH_CODE>_e<VENDOR_AUTH_CODE>empt": "none",
          "customer_ta<VENDOR_AUTH_CODE>_ids": [],
          "default_payment_method": null,
          "default_source": null,
          "default_ta<VENDOR_AUTH_CODE>_rates": [],
          "description": null,
          "discounts": [],
          "due_date": null,
          "effective_at": <VENDOR_ID>76<VENDOR_ID>933530,
          "ending_balance": 0,
          "footer": null,
          "from_invoice": null,
          "hosted_invoice_url": "https://invoice.stripe.com/i/acct_<VENDOR_ID>E4bfnKXBGcbgpbZ/test_YWNjdF8<VENDOR_AUTH_CODE>RTRiZm5LWEJHY2JncGJaLF9UTDJncDNOZzFiZGhaTnJRTUNMdVR6Yldsc29PcGptLDE<VENDOR_ID>MjQ3NDMzMw0200D7H3Lfy3?s=ap",
          "invoice_pdf": "https://pay.stripe.com/invoice/acct_<VENDOR_ID>E4bfnKXBGcbgpbZ/test_YWNjdF8<VENDOR_AUTH_CODE>RTRiZm5LWEJHY2JncGJaLF9UTDJncDNOZzFiZGhaTnJRTUNMdVR6Yldsc29PcGptLDE<VENDOR_ID>MjQ3NDMzMw0200D7H3Lfy3/pdf?s=ap",
          "issuer": {
            "type": "self"
          },
          "last_finalization_error": null,
          "latest_revision": null,
          "lines": {
            "object": "list",
            "data": [
              {
                "id": "il_<VENDOR_ID>SOMb8KXBGcbgpbZGetaHWEy",
                "object": "line_item",
                "amount": <VENDOR_ID>000,
                "currency": "usd",
                "description": "One-time setup fee",
                "discount_amounts": [],
                "discountable": true,
                "discounts": [],
                "invoice": "in_<VENDOR_ID>SOMb8KXBGcbgpbZaPVAMLBv",
                "livemode": false,
                "metadata": {},
                "parent": {
                  "invoice_item_details": {
                    "invoice_item": "ii_<VENDOR_ID>SOMb8KXBGcbgpbZpkJBpOtC",
                    "proration": false,
                    "proration_details": {
                      "credited_items": null
                    },
                    "subscription": null
                  },
                  "subscription_item_details": null,
                  "type": "invoice_item_details"
                },
                "period": {
                  "end": <VENDOR_ID>76<VENDOR_ID>933530,
                  "start": <VENDOR_ID>76<VENDOR_ID>933530
                },
                "preta<VENDOR_AUTH_CODE>_credit_amounts": [],
                "pricing": {
                  "price_details": {
                    "price": "price_<VENDOR_ID>PmHofKXBGcbgpbZCVOHQep3",
                    "product": "prod_QdYwATBkKi2FtY"
                  },
                  "type": "price_details",
                  "unit_amount_decimal": "<VENDOR_ID>000"
                },
                "quantity": <VENDOR_ID>,
                "ta<VENDOR_AUTH_CODE>es": []
              }
            ],
            "has_more": false,
            "total_count": <VENDOR_ID>,
            "url": "/v<VENDOR_ID>/invoices/in_<VENDOR_ID>SOMb8KXBGcbgpbZaPVAMLBv/lines"
          },
          "livemode": false,
          "metadata": {},
          "ne<VENDOR_AUTH_CODE>t_payment_attempt": null,
          "number": "ERTTKRGH-000<VENDOR_ID>",
          "on_behalf_of": null,
          "parent": null,
          "payment_settings": {
            "default_mandate": null,
            "payment_method_options": null,
            "payment_method_types": null
          },
          "period_end": <VENDOR_ID>76<VENDOR_ID>933530,
          "period_start": <VENDOR_ID>76<VENDOR_ID>933530,
          "post_payment_credit_notes_amount": 0,
          "pre_payment_credit_notes_amount": 0,
          "receipt_number": null,
          "rendering": {
            "amount_ta<VENDOR_AUTH_CODE>_display": null,
            "pdf": {
              "page_size": "letter"
            },
            "template": null,
            "template_version": null
          },
          "shipping_cost": null,
          "shipping_details": null,
          "starting_balance": 0,
          "statement_descriptor": null,
          "status": "paid",
          "status_transitions": {
            "finalized_at": <VENDOR_ID>76<VENDOR_ID>933530,
            "marked_uncollectible_at": null,
            "paid_at": <VENDOR_ID>76<VENDOR_ID>933530,
            "voided_at": null
          },
          "subtotal": <VENDOR_ID>000,
          "subtotal_e<VENDOR_AUTH_CODE>cluding_ta<VENDOR_AUTH_CODE>": <VENDOR_ID>000,
          "test_clock": null,
          "total": <VENDOR_ID>000,
          "total_discount_amounts": [],
          "total_e<VENDOR_AUTH_CODE>cluding_ta<VENDOR_AUTH_CODE>": <VENDOR_ID>000,
          "total_preta<VENDOR_AUTH_CODE>_credit_amounts": [],
          "total_ta<VENDOR_AUTH_CODE>es": [],
          "webhooks_delivered_at": <VENDOR_ID>76<VENDOR_ID>933530
        }
  recorded_at: Fri, 31 Oct 2025 17:58:53 GMT
- request:
    method: post
    uri: https://api.stripe.com/v<VENDOR_ID>/customers/cus_TL2orH<VENDOR_AUTH_CODE>anXIrZv
    body:
      encoding: UTF-8
      string: invoice_settings[default_payment_method]=pm_<VENDOR_ID>SOMipKXBGcbgpbZ0j8THLca
    headers:
      User-Agent:
      - Stripe/v<VENDOR_ID> RubyBindings/<VENDOR_ID>7.<VENDOR_ID>.0 PayRails/<VENDOR_ID><VENDOR_ID>.2.3
        (https://github.com/pay-rails/pay)
      Authorization:
      - Bearer sk_test_e<VENDOR_AUTH_CODE>0JDdQGDv6z2QmAIVQUOyE6
      X-Stripe-Client-Telemetry:
      - '{"last_request_metrics":{"request_id":"req_VuYEVI9HUhh<VENDOR_AUTH_CODE>Uz","request_duration_ms":535}}'
      Idempotency-Key:
      - 7bfc43d8-b078-4<VENDOR_ID>e2-8499-ad09e2<VENDOR_ID>bc80e
      Stripe-Version:
      - 2025-<VENDOR_ID>0-29.clover
      X-Stripe-Client-User-Agent:
      - '{"application":{"name":"PayRails","partner_id":"pp_partner_IqhY0UE<VENDOR_AUTH_CODE>nJYL<VENDOR_AUTH_CODE>g","url":"https://github.com/pay-rails/pay","version":"<VENDOR_ID><VENDOR_ID>.2.3"},"bindings_version":"<VENDOR_ID>7.<VENDOR_ID>.0","lang":"ruby","lang_version":"3.4.5
        p5<VENDOR_ID> (2025-07-<VENDOR_ID>6)","platform":"arm64-darwin24","engine":"ruby","publisher":"stripe","uname":"Darwin
        MacBookPro.localdomain 25.0.0 Darwin Kernel Version 25.0.0: Wed Sep <VENDOR_ID>7
        2<VENDOR_ID>:4<VENDOR_ID>:45 PDT 2025; root:<VENDOR_AUTH_CODE>nu-<VENDOR_ID>2377.<VENDOR_ID>.9~<VENDOR_ID>4<VENDOR_ID>/RELEASE_ARM64_T6000
        arm64","hostname":"MacBookPro.localdomain"}'
      Content-Type:
      - application/<VENDOR_AUTH_CODE>-www-form-urlencoded
      Accept-Encoding:
      - gzip;q=<VENDOR_ID>.0,deflate;q=0.6,identity;q=0.3
      Accept:
      - "*/*"
  response:
    status:
      code: 200
      message: OK
    headers:
      Server:
      - ngin<VENDOR_AUTH_CODE>
      Date:
      - Fri, 3<VENDOR_ID> Oct 2025 <VENDOR_ID>8:06:48 GMT
      Content-Type:
      - application/json
      Content-Length:
      - '664'
      Connection:
      - keep-alive
      Access-Control-Allow-Credentials:
      - 'true'
      Access-Control-Allow-Methods:
      - GET, HEAD, PUT, PATCH, POST, DELETE
      Access-Control-Allow-Origin:
      - "*"
      Cache-Control:
      - no-cache, no-store
      Content-Security-Policy:
      - base-uri 'none'; default-src 'none'; form-action 'none'; frame-ancestors 'none';
        img-src 'self'; script-src 'self' 'report-sample'; style-src 'self'; worker-src
        'none'; upgrade-insecure-requests; report-uri https://q.stripe.com/csp-violation?q=zbzddly2Zv<VENDOR_AUTH_CODE>X8q<VENDOR_ID>rVfkj<VENDOR_ID>nNVOcQztFc7RPwRqRLF_kYi_X0ia<VENDOR_ID>n<VENDOR_AUTH_CODE>G<VENDOR_AUTH_CODE>YAsHjjC9tIzR4zgPJiK2fXmj0R
      Idempotency-Key:
      - 7bfc43d8-b078-4<VENDOR_ID>e2-8499-ad09e2<VENDOR_ID>bc80e
      Original-Request:
      - req_tMJqAi7ATALVkg
      Request-Id:
      - req_tMJqAi7ATALVkg
      Stripe-Should-Retry:
      - 'false'
      Stripe-Version:
      - 2025-<VENDOR_ID>0-29.clover
      Vary:
      - Origin
      X-Stripe-Priority-Routing-Enabled:
      - 'true'
      X-Wc:
      - ABGHIJ
      Strict-Transport-Security:
      - ma<VENDOR_AUTH_CODE>-age=63072000; includeSubDomains; preload
      Access-Control-E<VENDOR_AUTH_CODE>pose-Headers:
      - Request-Id, Stripe-Manage-Version, Stripe-Should-Retry, X-Stripe-E<VENDOR_AUTH_CODE>ternal-Auth-Required,
        X-Stripe-Privileged-Session-Required
      Access-Control-Ma<VENDOR_AUTH_CODE>-Age:
      - '300'
      X-Stripe-Routing-Conte<VENDOR_AUTH_CODE>t-Priority-Tier:
      - api-testmode
    body:
      encoding: UTF-8
      string: |-
        {
          "id": "cus_TL2orH<VENDOR_AUTH_CODE>anXIrZv",
          "object": "customer",
          "address": null,
          "balance": 0,
          "created": <VENDOR_ID>76<VENDOR_ID>934007,
          "currency": null,
          "default_source": null,
          "delinquent": false,
          "description": null,
          "discount": null,
          "email": "stripe@e<VENDOR_AUTH_CODE>ample.org",
          "invoice_prefi<VENDOR_AUTH_CODE>": "E<VENDOR_ID>AMYO4X",
          "invoice_settings": {
            "custom_fields": null,
            "default_payment_method": "pm_<VENDOR_ID>SOMipKXBGcbgpbZ0j8THLca",
            "footer": null,
            "rendering_options": null
          },
          "livemode": false,
          "metadata": {},
          "name": "Stripe User",
          "ne<VENDOR_AUTH_CODE>t_invoice_sequence": <VENDOR_ID>,
          "phone": null,
          "preferred_locales": [],
          "shipping": null,
          "ta<VENDOR_AUTH_CODE>_e<VENDOR_AUTH_CODE>empt": "none",
          "test_clock": null
        }
  recorded_at: Fri, 31 Oct 2025 18:06:48 GMT
- request:
    method: post
    uri: https://api.stripe.com/v<VENDOR_ID>/invoices/in_<VENDOR_ID>SOMiqKXBGcbgpbZwAYueCS6/pay
    body:
      encoding: US-ASCII
      string: ''
    headers:
      User-Agent:
      - Stripe/v<VENDOR_ID> RubyBindings/<VENDOR_ID>7.<VENDOR_ID>.0 PayRails/<VENDOR_ID><VENDOR_ID>.2.3
        (https://github.com/pay-rails/pay)
      Authorization:
      - Bearer sk_test_e<VENDOR_AUTH_CODE>0JDdQGDv6z2QmAIVQUOyE6
      X-Stripe-Client-Telemetry:
      - '{"last_request_metrics":{"request_id":"req_zm<VENDOR_AUTH_CODE>u6hkHLdaPNq","request_duration_ms":473}}'
      Idempotency-Key:
      - 8fc85f7f-e4c0-4ff8-b6e8-382f688a5bb2
      Stripe-Version:
      - 2025-<VENDOR_ID>0-29.clover
      X-Stripe-Client-User-Agent:
      - '{"application":{"name":"PayRails","partner_id":"pp_partner_IqhY0UE<VENDOR_AUTH_CODE>nJYL<VENDOR_AUTH_CODE>g","url":"https://github.com/pay-rails/pay","version":"<VENDOR_ID><VENDOR_ID>.2.3"},"bindings_version":"<VENDOR_ID>7.<VENDOR_ID>.0","lang":"ruby","lang_version":"3.4.5
        p5<VENDOR_ID> (2025-07-<VENDOR_ID>6)","platform":"arm64-darwin24","engine":"ruby","publisher":"stripe","uname":"Darwin
        MacBookPro.localdomain 25.0.0 Darwin Kernel Version 25.0.0: Wed Sep <VENDOR_ID>7
        2<VENDOR_ID>:4<VENDOR_ID>:45 PDT 2025; root:<VENDOR_AUTH_CODE>nu-<VENDOR_ID>2377.<VENDOR_ID>.9~<VENDOR_ID>4<VENDOR_ID>/RELEASE_ARM64_T6000
        arm64","hostname":"MacBookPro.localdomain"}'
      Content-Type:
      - application/<VENDOR_AUTH_CODE>-www-form-urlencoded
      Accept-Encoding:
      - gzip;q=<VENDOR_ID>.0,deflate;q=0.6,identity;q=0.3
      Accept:
      - "*/*"
  response:
    status:
      code: 200
      message: OK
    headers:
      Server:
      - ngin<VENDOR_AUTH_CODE>
      Date:
      - Fri, 3<VENDOR_ID> Oct 2025 <VENDOR_ID>8:06:5<VENDOR_ID> GMT
      Content-Type:
      - application/json
      Content-Length:
      - 4<VENDOR_ID>07
      Connection:
      - keep-alive
      Access-Control-Allow-Credentials:
      - 'true'
      Access-Control-Allow-Methods:
      - GET, HEAD, PUT, PATCH, POST, DELETE
      Access-Control-Allow-Origin:
      - "*"
      Cache-Control:
      - no-cache, no-store
      Content-Security-Policy:
      - base-uri 'none'; default-src 'none'; form-action 'none'; frame-ancestors 'none';
        img-src 'self'; script-src 'self' 'report-sample'; style-src 'self'; worker-src
        'none'; upgrade-insecure-requests; report-uri https://q.stripe.com/csp-violation?q=zbzddly2Zv<VENDOR_AUTH_CODE>X8q<VENDOR_ID>rVfkj<VENDOR_ID>nNVOcQztFc7RPwRqRLF_kYi_X0ia<VENDOR_ID>n<VENDOR_AUTH_CODE>G<VENDOR_AUTH_CODE>YAsHjjC9tIzR4zgPJiK2fXmj0R
      Idempotency-Key:
      - 8fc85f7f-e4c0-4ff8-b6e8-382f688a5bb2
      Original-Request:
      - req_mOwgaDy5nPPemc
      Request-Id:
      - req_mOwgaDy5nPPemc
      Stripe-Should-Retry:
      - 'false'
      Stripe-Version:
      - 2025-<VENDOR_ID>0-29.clover
      Vary:
      - Origin
      X-Stripe-Priority-Routing-Enabled:
      - 'true'
      X-Wc:
      - ABGHIJ
      Strict-Transport-Security:
      - ma<VENDOR_AUTH_CODE>-age=63072000; includeSubDomains; preload
      Access-Control-E<VENDOR_AUTH_CODE>pose-Headers:
      - Request-Id, Stripe-Manage-Version, Stripe-Should-Retry, X-Stripe-E<VENDOR_AUTH_CODE>ternal-Auth-Required,
        X-Stripe-Privileged-Session-Required
      Access-Control-Ma<VENDOR_AUTH_CODE>-Age:
      - '300'
      X-Stripe-Routing-Conte<VENDOR_AUTH_CODE>t-Priority-Tier:
      - api-testmode
    body:
      encoding: UTF-8
      string: |-
        {
          "id": "in_<VENDOR_ID>SOMiqKXBGcbgpbZwAYueCS6",
          "object": "invoice",
          "account_country": "US",
          "account_name": "Pay",
          "account_ta<VENDOR_AUTH_CODE>_ids": null,
          "amount_due": <VENDOR_ID>000,
          "amount_overpaid": 0,
          "amount_paid": <VENDOR_ID>000,
          "amount_remaining": 0,
          "amount_shipping": 0,
          "application": null,
          "attempt_count": <VENDOR_ID>,
          "attempted": true,
          "auto_advance": false,
          "automatic_ta<VENDOR_AUTH_CODE>": {
            "disabled_reason": null,
            "enabled": false,
            "liability": null,
            "provider": null,
            "status": null
          },
          "automatically_finalizes_at": null,
          "billing_reason": "manual",
          "collection_method": "charge_automatically",
          "created": <VENDOR_ID>76<VENDOR_ID>934008,
          "currency": "usd",
          "custom_fields": null,
          "customer": "cus_TL2orH<VENDOR_AUTH_CODE>anXIrZv",
          "customer_address": null,
          "customer_email": "stripe@e<VENDOR_AUTH_CODE>ample.org",
          "customer_name": "Stripe User",
          "customer_phone": null,
          "customer_shipping": null,
          "customer_ta<VENDOR_AUTH_CODE>_e<VENDOR_AUTH_CODE>empt": "none",
          "customer_ta<VENDOR_AUTH_CODE>_ids": [],
          "default_payment_method": null,
          "default_source": null,
          "default_ta<VENDOR_AUTH_CODE>_rates": [],
          "description": null,
          "discounts": [],
          "due_date": null,
          "effective_at": <VENDOR_ID>76<VENDOR_ID>934009,
          "ending_balance": 0,
          "footer": null,
          "from_invoice": null,
          "hosted_invoice_url": "https://invoice.stripe.com/i/acct_<VENDOR_ID>E4bfnKXBGcbgpbZ/test_YWNjdF8<VENDOR_AUTH_CODE>RTRiZm5LWEJHY2JncGJaLF9UTDJvalpRRlVYZkl0RmlyVW<VENDOR_AUTH_CODE>KeVowNEpPTU02bVdGLDE<VENDOR_ID>MjQ3NDg<VENDOR_AUTH_CODE>MQ0200jfclfubP?s=ap",
          "invoice_pdf": "https://pay.stripe.com/invoice/acct_<VENDOR_ID>E4bfnKXBGcbgpbZ/test_YWNjdF8<VENDOR_AUTH_CODE>RTRiZm5LWEJHY2JncGJaLF9UTDJvalpRRlVYZkl0RmlyVW<VENDOR_AUTH_CODE>KeVowNEpPTU02bVdGLDE<VENDOR_ID>MjQ3NDg<VENDOR_AUTH_CODE>MQ0200jfclfubP/pdf?s=ap",
          "issuer": {
            "type": "self"
          },
          "last_finalization_error": null,
          "latest_revision": null,
          "lines": {
            "object": "list",
            "data": [
              {
                "id": "il_<VENDOR_ID>SOMiqKXBGcbgpbZyDGqGGuU",
                "object": "line_item",
                "amount": <VENDOR_ID>000,
                "currency": "usd",
                "description": "One-time setup fee",
                "discount_amounts": [],
                "discountable": true,
                "discounts": [],
                "invoice": "in_<VENDOR_ID>SOMiqKXBGcbgpbZwAYueCS6",
                "livemode": false,
                "metadata": {},
                "parent": {
                  "invoice_item_details": {
                    "invoice_item": "ii_<VENDOR_ID>SOMiqKXBGcbgpbZgNmV<VENDOR_ID>sI7",
                    "proration": false,
                    "proration_details": {
                      "credited_items": null
                    },
                    "subscription": null
                  },
                  "subscription_item_details": null,
                  "type": "invoice_item_details"
                },
                "period": {
                  "end": <VENDOR_ID>76<VENDOR_ID>934008,
                  "start": <VENDOR_ID>76<VENDOR_ID>934008
                },
                "preta<VENDOR_AUTH_CODE>_credit_amounts": [],
                "pricing": {
                  "price_details": {
                    "price": "price_<VENDOR_ID>PmHofKXBGcbgpbZCVOHQep3",
                    "product": "prod_QdYwATBkKi2FtY"
                  },
                  "type": "price_details",
                  "unit_amount_decimal": "<VENDOR_ID>000"
                },
                "quantity": <VENDOR_ID>,
                "ta<VENDOR_AUTH_CODE>es": []
              }
            ],
            "has_more": false,
            "total_count": <VENDOR_ID>,
            "url": "/v<VENDOR_ID>/invoices/in_<VENDOR_ID>SOMiqKXBGcbgpbZwAYueCS6/lines"
          },
          "livemode": false,
          "metadata": {},
          "ne<VENDOR_AUTH_CODE>t_payment_attempt": null,
          "number": "E<VENDOR_ID>AMYO4X-000<VENDOR_ID>",
          "on_behalf_of": null,
          "parent": null,
          "payment_settings": {
            "default_mandate": null,
            "payment_method_options": null,
            "payment_method_types": null
          },
          "period_end": <VENDOR_ID>76<VENDOR_ID>934008,
          "period_start": <VENDOR_ID>76<VENDOR_ID>934008,
          "post_payment_credit_notes_amount": 0,
          "pre_payment_credit_notes_amount": 0,
          "receipt_number": null,
          "rendering": {
            "amount_ta<VENDOR_AUTH_CODE>_display": null,
            "pdf": {
              "page_size": "letter"
            },
            "template": null,
            "template_version": null
          },
          "shipping_cost": null,
          "shipping_details": null,
          "starting_balance": 0,
          "statement_descriptor": null,
          "status": "paid",
          "status_transitions": {
            "finalized_at": <VENDOR_ID>76<VENDOR_ID>934009,
            "marked_uncollectible_at": null,
            "paid_at": <VENDOR_ID>76<VENDOR_ID>934009,
            "voided_at": null
          },
          "subtotal": <VENDOR_ID>000,
          "subtotal_e<VENDOR_AUTH_CODE>cluding_ta<VENDOR_AUTH_CODE>": <VENDOR_ID>000,
          "test_clock": null,
          "total": <VENDOR_ID>000,
          "total_discount_amounts": [],
          "total_e<VENDOR_AUTH_CODE>cluding_ta<VENDOR_AUTH_CODE>": <VENDOR_ID>000,
          "total_preta<VENDOR_AUTH_CODE>_credit_amounts": [],
          "total_ta<VENDOR_AUTH_CODE>es": [],
          "webhooks_delivered_at": <VENDOR_ID>76<VENDOR_ID>934008
        }
  recorded_at: Fri, 31 Oct 2025 18:06:51 GMT
- request:
    method: post
    uri: https://api.stripe.com/v<VENDOR_ID>/customers/cus_TL2y09ETHOMknf
    body:
      encoding: UTF-8
      string: invoice_settings[default_payment_method]=pm_<VENDOR_ID>SOMsmKXBGcbgpbZ0qhspdL4
    headers:
      User-Agent:
      - Stripe/v<VENDOR_ID> RubyBindings/<VENDOR_ID>7.<VENDOR_ID>.0 PayRails/<VENDOR_ID><VENDOR_ID>.2.3
        (https://github.com/pay-rails/pay)
      Authorization:
      - Bearer sk_test_e<VENDOR_AUTH_CODE>0JDdQGDv6z2QmAIVQUOyE6
      X-Stripe-Client-Telemetry:
      - '{"last_request_metrics":{"request_id":"req_mcjn<VENDOR_AUTH_CODE>Q2UXZeZJ8","request_duration_ms":5<VENDOR_ID>0}}'
      Idempotency-Key:
      - 9fc2c724-4de2-4508-8d39-a408<VENDOR_ID>3e7efc5
      Stripe-Version:
      - 2025-<VENDOR_ID>0-29.clover
      X-Stripe-Client-User-Agent:
      - '{"application":{"name":"PayRails","partner_id":"pp_partner_IqhY0UE<VENDOR_AUTH_CODE>nJYL<VENDOR_AUTH_CODE>g","url":"https://github.com/pay-rails/pay","version":"<VENDOR_ID><VENDOR_ID>.2.3"},"bindings_version":"<VENDOR_ID>7.<VENDOR_ID>.0","lang":"ruby","lang_version":"3.4.5
        p5<VENDOR_ID> (2025-07-<VENDOR_ID>6)","platform":"arm64-darwin24","engine":"ruby","publisher":"stripe","uname":"Darwin
        MacBookPro.localdomain 25.0.0 Darwin Kernel Version 25.0.0: Wed Sep <VENDOR_ID>7
        2<VENDOR_ID>:4<VENDOR_ID>:45 PDT 2025; root:<VENDOR_AUTH_CODE>nu-<VENDOR_ID>2377.<VENDOR_ID>.9~<VENDOR_ID>4<VENDOR_ID>/RELEASE_ARM64_T6000
        arm64","hostname":"MacBookPro.localdomain"}'
      Content-Type:
      - application/<VENDOR_AUTH_CODE>-www-form-urlencoded
      Accept-Encoding:
      - gzip;q=<VENDOR_ID>.0,deflate;q=0.6,identity;q=0.3
      Accept:
      - "*/*"
  response:
    status:
      code: 200
      message: OK
    headers:
      Server:
      - ngin<VENDOR_AUTH_CODE>
      Date:
      - Fri, 3<VENDOR_ID> Oct 2025 <VENDOR_ID>8:<VENDOR_ID>7:05 GMT
      Content-Type:
      - application/json
      Content-Length:
      - '664'
      Connection:
      - keep-alive
      Access-Control-Allow-Credentials:
      - 'true'
      Access-Control-Allow-Methods:
      - GET, HEAD, PUT, PATCH, POST, DELETE
      Access-Control-Allow-Origin:
      - "*"
      Cache-Control:
      - no-cache, no-store
      Content-Security-Policy:
      - base-uri 'none'; default-src 'none'; form-action 'none'; frame-ancestors 'none';
        img-src 'self'; script-src 'self' 'report-sample'; style-src 'self'; worker-src
        'none'; upgrade-insecure-requests; report-uri https://q.stripe.com/csp-violation?q=CLmKb<VENDOR_AUTH_CODE>Pki<VENDOR_AUTH_CODE>rCtoQOcPevkbkVw<VENDOR_AUTH_CODE>Ok5wCBWJzVmjZHev-iY8ThloMAYTe<VENDOR_ID>dkbRgg2YQP-RuOJDBnZSMFsl
      Idempotency-Key:
      - 9fc2c724-4de2-4508-8d39-a408<VENDOR_ID>3e7efc5
      Original-Request:
      - req_<VENDOR_ID>m5SsQO5<VENDOR_AUTH_CODE>L3<VENDOR_ID>WW
      Request-Id:
      - req_<VENDOR_ID>m5SsQO5<VENDOR_AUTH_CODE>L3<VENDOR_ID>WW
      Stripe-Should-Retry:
      - 'false'
      Stripe-Version:
      - 2025-<VENDOR_ID>0-29.clover
      Vary:
      - Origin
      X-Stripe-Priority-Routing-Enabled:
      - 'true'
      X-Wc:
      - ABGHIJ
      Strict-Transport-Security:
      - ma<VENDOR_AUTH_CODE>-age=63072000; includeSubDomains; preload
      Access-Control-E<VENDOR_AUTH_CODE>pose-Headers:
      - Request-Id, Stripe-Manage-Version, Stripe-Should-Retry, X-Stripe-E<VENDOR_AUTH_CODE>ternal-Auth-Required,
        X-Stripe-Privileged-Session-Required
      Access-Control-Ma<VENDOR_AUTH_CODE>-Age:
      - '300'
      X-Stripe-Routing-Conte<VENDOR_AUTH_CODE>t-Priority-Tier:
      - api-testmode
    body:
      encoding: UTF-8
      string: |-
        {
          "id": "cus_TL2y09ETHOMknf",
          "object": "customer",
          "address": null,
          "balance": 0,
          "created": <VENDOR_ID>76<VENDOR_ID>934624,
          "currency": null,
          "default_source": null,
          "delinquent": false,
          "description": null,
          "discount": null,
          "email": "stripe@e<VENDOR_AUTH_CODE>ample.org",
          "invoice_prefi<VENDOR_AUTH_CODE>": "NPZHVTBZ",
          "invoice_settings": {
            "custom_fields": null,
            "default_payment_method": "pm_<VENDOR_ID>SOMsmKXBGcbgpbZ0qhspdL4",
            "footer": null,
            "rendering_options": null
          },
          "livemode": false,
          "metadata": {},
          "name": "Stripe User",
          "ne<VENDOR_AUTH_CODE>t_invoice_sequence": <VENDOR_ID>,
          "phone": null,
          "preferred_locales": [],
          "shipping": null,
          "ta<VENDOR_AUTH_CODE>_e<VENDOR_AUTH_CODE>empt": "none",
          "test_clock": null
        }
  recorded_at: Fri, 31 Oct 2025 18:17:05 GMT
- request:
    method: post
    uri: https://api.stripe.com/v<VENDOR_ID>/invoices/in_<VENDOR_ID>SOMsnKXBGcbgpbZ<VENDOR_ID>ZAJQ3h9/pay
    body:
      encoding: US-ASCII
      string: ''
    headers:
      User-Agent:
      - Stripe/v<VENDOR_ID> RubyBindings/<VENDOR_ID>7.<VENDOR_ID>.0 PayRails/<VENDOR_ID><VENDOR_ID>.2.3
        (https://github.com/pay-rails/pay)
      Authorization:
      - Bearer sk_test_e<VENDOR_AUTH_CODE>0JDdQGDv6z2QmAIVQUOyE6
      X-Stripe-Client-Telemetry:
      - '{"last_request_metrics":{"request_id":"req_oZ0Fc0NbvCfo0M","request_duration_ms":557}}'
      Idempotency-Key:
      - 64f5e667-0683-4469-9755-<VENDOR_ID>0a38c2b6a3c
      Stripe-Version:
      - 2025-<VENDOR_ID>0-29.clover
      X-Stripe-Client-User-Agent:
      - '{"application":{"name":"PayRails","partner_id":"pp_partner_IqhY0UE<VENDOR_AUTH_CODE>nJYL<VENDOR_AUTH_CODE>g","url":"https://github.com/pay-rails/pay","version":"<VENDOR_ID><VENDOR_ID>.2.3"},"bindings_version":"<VENDOR_ID>7.<VENDOR_ID>.0","lang":"ruby","lang_version":"3.4.5
        p5<VENDOR_ID> (2025-07-<VENDOR_ID>6)","platform":"arm64-darwin24","engine":"ruby","publisher":"stripe","uname":"Darwin
        MacBookPro.localdomain 25.0.0 Darwin Kernel Version 25.0.0: Wed Sep <VENDOR_ID>7
        2<VENDOR_ID>:4<VENDOR_ID>:45 PDT 2025; root:<VENDOR_AUTH_CODE>nu-<VENDOR_ID>2377.<VENDOR_ID>.9~<VENDOR_ID>4<VENDOR_ID>/RELEASE_ARM64_T6000
        arm64","hostname":"MacBookPro.localdomain"}'
      Content-Type:
      - application/<VENDOR_AUTH_CODE>-www-form-urlencoded
      Accept-Encoding:
      - gzip;q=<VENDOR_ID>.0,deflate;q=0.6,identity;q=0.3
      Accept:
      - "*/*"
  response:
    status:
      code: 200
      message: OK
    headers:
      Server:
      - ngin<VENDOR_AUTH_CODE>
      Date:
      - Fri, 3<VENDOR_ID> Oct 2025 <VENDOR_ID>8:<VENDOR_ID>7:08 GMT
      Content-Type:
      - application/json
      Content-Length:
      - 4<VENDOR_ID>07
      Connection:
      - keep-alive
      Access-Control-Allow-Credentials:
      - 'true'
      Access-Control-Allow-Methods:
      - GET, HEAD, PUT, PATCH, POST, DELETE
      Access-Control-Allow-Origin:
      - "*"
      Cache-Control:
      - no-cache, no-store
      Content-Security-Policy:
      - base-uri 'none'; default-src 'none'; form-action 'none'; frame-ancestors 'none';
        img-src 'self'; script-src 'self' 'report-sample'; style-src 'self'; worker-src
        'none'; upgrade-insecure-requests; report-uri https://q.stripe.com/csp-violation?q=CLmKb<VENDOR_AUTH_CODE>Pki<VENDOR_AUTH_CODE>rCtoQOcPevkbkVw<VENDOR_AUTH_CODE>Ok5wCBWJzVmjZHev-iY8ThloMAYTe<VENDOR_ID>dkbRgg2YQP-RuOJDBnZSMFsl
      Idempotency-Key:
      - 64f5e667-0683-4469-9755-<VENDOR_ID>0a38c2b6a3c
      Original-Request:
      - req_YCkwB2sRSEwOO9
      Request-Id:
      - req_YCkwB2sRSEwOO9
      Stripe-Should-Retry:
      - 'false'
      Stripe-Version:
      - 2025-<VENDOR_ID>0-29.clover
      Vary:
      - Origin
      X-Stripe-Priority-Routing-Enabled:
      - 'true'
      X-Wc:
      - ABGHIJ
      Strict-Transport-Security:
      - ma<VENDOR_AUTH_CODE>-age=63072000; includeSubDomains; preload
      Access-Control-E<VENDOR_AUTH_CODE>pose-Headers:
      - Request-Id, Stripe-Manage-Version, Stripe-Should-Retry, X-Stripe-E<VENDOR_AUTH_CODE>ternal-Auth-Required,
        X-Stripe-Privileged-Session-Required
      Access-Control-Ma<VENDOR_AUTH_CODE>-Age:
      - '300'
      X-Stripe-Routing-Conte<VENDOR_AUTH_CODE>t-Priority-Tier:
      - api-testmode
    body:
      encoding: UTF-8
      string: |-
        {
          "id": "in_<VENDOR_ID>SOMsnKXBGcbgpbZ<VENDOR_ID>ZAJQ3h9",
          "object": "invoice",
          "account_country": "US",
          "account_name": "Pay",
          "account_ta<VENDOR_AUTH_CODE>_ids": null,
          "amount_due": <VENDOR_ID>000,
          "amount_overpaid": 0,
          "amount_paid": <VENDOR_ID>000,
          "amount_remaining": 0,
          "amount_shipping": 0,
          "application": null,
          "attempt_count": <VENDOR_ID>,
          "attempted": true,
          "auto_advance": false,
          "automatic_ta<VENDOR_AUTH_CODE>": {
            "disabled_reason": null,
            "enabled": false,
            "liability": null,
            "provider": null,
            "status": null
          },
          "automatically_finalizes_at": null,
          "billing_reason": "manual",
          "collection_method": "charge_automatically",
          "created": <VENDOR_ID>76<VENDOR_ID>934625,
          "currency": "usd",
          "custom_fields": null,
          "customer": "cus_TL2y09ETHOMknf",
          "customer_address": null,
          "customer_email": "stripe@e<VENDOR_AUTH_CODE>ample.org",
          "customer_name": "Stripe User",
          "customer_phone": null,
          "customer_shipping": null,
          "customer_ta<VENDOR_AUTH_CODE>_e<VENDOR_AUTH_CODE>empt": "none",
          "customer_ta<VENDOR_AUTH_CODE>_ids": [],
          "default_payment_method": null,
          "default_source": null,
          "default_ta<VENDOR_AUTH_CODE>_rates": [],
          "description": null,
          "discounts": [],
          "due_date": null,
          "effective_at": <VENDOR_ID>76<VENDOR_ID>934626,
          "ending_balance": 0,
          "footer": null,
          "from_invoice": null,
          "hosted_invoice_url": "https://invoice.stripe.com/i/acct_<VENDOR_ID>E4bfnKXBGcbgpbZ/test_YWNjdF8<VENDOR_AUTH_CODE>RTRiZm5LWEJHY2JncGJaLF9UTDJ5TXd3QndiMmNHcWIyeXV6UW<VENDOR_ID>Mekt5RlRDS3MwLDE<VENDOR_ID>MjQ3NTQyOA0200NcCHI<VENDOR_ID>TO?s=ap",
          "invoice_pdf": "https://pay.stripe.com/invoice/acct_<VENDOR_ID>E4bfnKXBGcbgpbZ/test_YWNjdF8<VENDOR_AUTH_CODE>RTRiZm5LWEJHY2JncGJaLF9UTDJ5TXd3QndiMmNHcWIyeXV6UW<VENDOR_ID>Mekt5RlRDS3MwLDE<VENDOR_ID>MjQ3NTQyOA0200NcCHI<VENDOR_ID>TO/pdf?s=ap",
          "issuer": {
            "type": "self"
          },
          "last_finalization_error": null,
          "latest_revision": null,
          "lines": {
            "object": "list",
            "data": [
              {
                "id": "il_<VENDOR_ID>SOMsnKXBGcbgpbZb74lAma4",
                "object": "line_item",
                "amount": <VENDOR_ID>000,
                "currency": "usd",
                "description": "One-time setup fee",
                "discount_amounts": [],
                "discountable": true,
                "discounts": [],
                "invoice": "in_<VENDOR_ID>SOMsnKXBGcbgpbZ<VENDOR_ID>ZAJQ3h9",
                "livemode": false,
                "metadata": {},
                "parent": {
                  "invoice_item_details": {
                    "invoice_item": "ii_<VENDOR_ID>SOMsnKXBGcbgpbZYB<VENDOR_AUTH_CODE><VENDOR_AUTH_CODE>K9pU",
                    "proration": false,
                    "proration_details": {
                      "credited_items": null
                    },
                    "subscription": null
                  },
                  "subscription_item_details": null,
                  "type": "invoice_item_details"
                },
                "period": {
                  "end": <VENDOR_ID>76<VENDOR_ID>934625,
                  "start": <VENDOR_ID>76<VENDOR_ID>934625
                },
                "preta<VENDOR_AUTH_CODE>_credit_amounts": [],
                "pricing": {
                  "price_details": {
                    "price": "price_<VENDOR_ID>PmHofKXBGcbgpbZCVOHQep3",
                    "product": "prod_QdYwATBkKi2FtY"
                  },
                  "type": "price_details",
                  "unit_amount_decimal": "<VENDOR_ID>000"
                },
                "quantity": <VENDOR_ID>,
                "ta<VENDOR_AUTH_CODE>es": []
              }
            ],
            "has_more": false,
            "total_count": <VENDOR_ID>,
            "url": "/v<VENDOR_ID>/invoices/in_<VENDOR_ID>SOMsnKXBGcbgpbZ<VENDOR_ID>ZAJQ3h9/lines"
          },
          "livemode": false,
          "metadata": {},
          "ne<VENDOR_AUTH_CODE>t_payment_attempt": null,
          "number": "NPZHVTBZ-000<VENDOR_ID>",
          "on_behalf_of": null,
          "parent": null,
          "payment_settings": {
            "default_mandate": null,
            "payment_method_options": null,
            "payment_method_types": null
          },
          "period_end": <VENDOR_ID>76<VENDOR_ID>934625,
          "period_start": <VENDOR_ID>76<VENDOR_ID>934625,
          "post_payment_credit_notes_amount": 0,
          "pre_payment_credit_notes_amount": 0,
          "receipt_number": null,
          "rendering": {
            "amount_ta<VENDOR_AUTH_CODE>_display": null,
            "pdf": {
              "page_size": "letter"
            },
            "template": null,
            "template_version": null
          },
          "shipping_cost": null,
          "shipping_details": null,
          "starting_balance": 0,
          "statement_descriptor": null,
          "status": "paid",
          "status_transitions": {
            "finalized_at": <VENDOR_ID>76<VENDOR_ID>934626,
            "marked_uncollectible_at": null,
            "paid_at": <VENDOR_ID>76<VENDOR_ID>934626,
            "voided_at": null
          },
          "subtotal": <VENDOR_ID>000,
          "subtotal_e<VENDOR_AUTH_CODE>cluding_ta<VENDOR_AUTH_CODE>": <VENDOR_ID>000,
          "test_clock": null,
          "total": <VENDOR_ID>000,
          "total_discount_amounts": [],
          "total_e<VENDOR_AUTH_CODE>cluding_ta<VENDOR_AUTH_CODE>": <VENDOR_ID>000,
          "total_preta<VENDOR_AUTH_CODE>_credit_amounts": [],
          "total_ta<VENDOR_AUTH_CODE>es": [],
          "webhooks_delivered_at": <VENDOR_ID>76<VENDOR_ID>934625
        }
  recorded_at: Fri, 31 Oct 2025 18:17:08 GMT
- request:
    method: post
    uri: https://api.stripe.com/v<VENDOR_ID>/customers/cus_TL3CoSMe2DhAZ7
    body:
      encoding: UTF-8
      string: invoice_settings[default_payment_method]=pm_<VENDOR_ID>SON6YKXBGcbgpbZTJazhNKK
    headers:
      User-Agent:
      - Stripe/v<VENDOR_ID> RubyBindings/<VENDOR_ID>7.<VENDOR_ID>.0 PayRails/<VENDOR_ID><VENDOR_ID>.2.3
        (https://github.com/pay-rails/pay)
      Authorization:
      - Bearer sk_test_e<VENDOR_AUTH_CODE>0JDdQGDv6z2QmAIVQUOyE6
      X-Stripe-Client-Telemetry:
      - '{"last_request_metrics":{"request_id":"req_c<VENDOR_ID>B6<VENDOR_AUTH_CODE>mZME523Ek","request_duration_ms":678}}'
      Idempotency-Key:
      - fec572c2-8a4e-4c4<VENDOR_ID>-8ccb-7345682424e3
      Stripe-Version:
      - 2025-<VENDOR_ID>0-29.clover
      X-Stripe-Client-User-Agent:
      - '{"application":{"name":"PayRails","partner_id":"pp_partner_IqhY0UE<VENDOR_AUTH_CODE>nJYL<VENDOR_AUTH_CODE>g","url":"https://github.com/pay-rails/pay","version":"<VENDOR_ID><VENDOR_ID>.2.3"},"bindings_version":"<VENDOR_ID>7.<VENDOR_ID>.0","lang":"ruby","lang_version":"3.4.5
        p5<VENDOR_ID> (2025-07-<VENDOR_ID>6)","platform":"arm64-darwin24","engine":"ruby","publisher":"stripe","uname":"Darwin
        MacBookPro.localdomain 25.0.0 Darwin Kernel Version 25.0.0: Wed Sep <VENDOR_ID>7
        2<VENDOR_ID>:4<VENDOR_ID>:45 PDT 2025; root:<VENDOR_AUTH_CODE>nu-<VENDOR_ID>2377.<VENDOR_ID>.9~<VENDOR_ID>4<VENDOR_ID>/RELEASE_ARM64_T6000
        arm64","hostname":"MacBookPro.localdomain"}'
      Content-Type:
      - application/<VENDOR_AUTH_CODE>-www-form-urlencoded
      Accept-Encoding:
      - gzip;q=<VENDOR_ID>.0,deflate;q=0.6,identity;q=0.3
      Accept:
      - "*/*"
  response:
    status:
      code: 200
      message: OK
    headers:
      Server:
      - ngin<VENDOR_AUTH_CODE>
      Date:
      - Fri, 3<VENDOR_ID> Oct 2025 <VENDOR_ID>8:3<VENDOR_ID>:<VENDOR_ID>9 GMT
      Content-Type:
      - application/json
      Content-Length:
      - '664'
      Connection:
      - keep-alive
      Access-Control-Allow-Credentials:
      - 'true'
      Access-Control-Allow-Methods:
      - GET, HEAD, PUT, PATCH, POST, DELETE
      Access-Control-Allow-Origin:
      - "*"
      Cache-Control:
      - no-cache, no-store
      Content-Security-Policy:
      - base-uri 'none'; default-src 'none'; form-action 'none'; frame-ancestors 'none';
        img-src 'self'; script-src 'self' 'report-sample'; style-src 'self'; worker-src
        'none'; upgrade-insecure-requests; report-uri https://q.stripe.com/csp-violation?q=hLIhXc-dH_P8<VENDOR_ID>Y6lcbl7U2nyaQ0<VENDOR_AUTH_CODE>hXVoTa-62WF3KzDUOT4NyVjrOlFMQv2<VENDOR_ID>mKyaZaXRKnlfHQwCD4XS
      Idempotency-Key:
      - fec572c2-8a4e-4c4<VENDOR_ID>-8ccb-7345682424e3
      Original-Request:
      - req_L08fdOM2moN3uH
      Request-Id:
      - req_L08fdOM2moN3uH
      Stripe-Should-Retry:
      - 'false'
      Stripe-Version:
      - 2025-<VENDOR_ID>0-29.clover
      Vary:
      - Origin
      X-Stripe-Priority-Routing-Enabled:
      - 'true'
      X-Wc:
      - ABGHIJ
      Strict-Transport-Security:
      - ma<VENDOR_AUTH_CODE>-age=63072000; includeSubDomains; preload
      Access-Control-E<VENDOR_AUTH_CODE>pose-Headers:
      - Request-Id, Stripe-Manage-Version, Stripe-Should-Retry, X-Stripe-E<VENDOR_AUTH_CODE>ternal-Auth-Required,
        X-Stripe-Privileged-Session-Required
      Access-Control-Ma<VENDOR_AUTH_CODE>-Age:
      - '300'
      X-Stripe-Routing-Conte<VENDOR_AUTH_CODE>t-Priority-Tier:
      - api-testmode
    body:
      encoding: UTF-8
      string: |-
        {
          "id": "cus_TL3CoSMe2DhAZ7",
          "object": "customer",
          "address": null,
          "balance": 0,
          "created": <VENDOR_ID>76<VENDOR_ID>935478,
          "currency": null,
          "default_source": null,
          "delinquent": false,
          "description": null,
          "discount": null,
          "email": "stripe@e<VENDOR_AUTH_CODE>ample.org",
          "invoice_prefi<VENDOR_AUTH_CODE>": "TNW78YGQ",
          "invoice_settings": {
            "custom_fields": null,
            "default_payment_method": "pm_<VENDOR_ID>SON6YKXBGcbgpbZTJazhNKK",
            "footer": null,
            "rendering_options": null
          },
          "livemode": false,
          "metadata": {},
          "name": "Stripe User",
          "ne<VENDOR_AUTH_CODE>t_invoice_sequence": <VENDOR_ID>,
          "phone": null,
          "preferred_locales": [],
          "shipping": null,
          "ta<VENDOR_AUTH_CODE>_e<VENDOR_AUTH_CODE>empt": "none",
          "test_clock": null
        }
  recorded_at: Fri, 31 Oct 2025 18:31:19 GMT
- request:
    method: post
    uri: https://api.stripe.com/v<VENDOR_ID>/invoices/in_<VENDOR_ID>SON6ZKXBGcbgpbZIVj<VENDOR_ID><VENDOR_AUTH_CODE>nT0/pay
    body:
      encoding: US-ASCII
      string: ''
    headers:
      User-Agent:
      - Stripe/v<VENDOR_ID> RubyBindings/<VENDOR_ID>7.<VENDOR_ID>.0 PayRails/<VENDOR_ID><VENDOR_ID>.2.3
        (https://github.com/pay-rails/pay)
      Authorization:
      - Bearer sk_test_e<VENDOR_AUTH_CODE>0JDdQGDv6z2QmAIVQUOyE6
      X-Stripe-Client-Telemetry:
      - '{"last_request_metrics":{"request_id":"req_U0ViAzov0g7fGA","request_duration_ms":548}}'
      Idempotency-Key:
      - 55752970-30b8-403c-9be4-c2e0528a9f5b
      Stripe-Version:
      - 2025-<VENDOR_ID>0-29.clover
      X-Stripe-Client-User-Agent:
      - '{"application":{"name":"PayRails","partner_id":"pp_partner_IqhY0UE<VENDOR_AUTH_CODE>nJYL<VENDOR_AUTH_CODE>g","url":"https://github.com/pay-rails/pay","version":"<VENDOR_ID><VENDOR_ID>.2.3"},"bindings_version":"<VENDOR_ID>7.<VENDOR_ID>.0","lang":"ruby","lang_version":"3.4.5
        p5<VENDOR_ID> (2025-07-<VENDOR_ID>6)","platform":"arm64-darwin24","engine":"ruby","publisher":"stripe","uname":"Darwin
        MacBookPro.localdomain 25.0.0 Darwin Kernel Version 25.0.0: Wed Sep <VENDOR_ID>7
        2<VENDOR_ID>:4<VENDOR_ID>:45 PDT 2025; root:<VENDOR_AUTH_CODE>nu-<VENDOR_ID>2377.<VENDOR_ID>.9~<VENDOR_ID>4<VENDOR_ID>/RELEASE_ARM64_T6000
        arm64","hostname":"MacBookPro.localdomain"}'
      Content-Type:
      - application/<VENDOR_AUTH_CODE>-www-form-urlencoded
      Accept-Encoding:
      - gzip;q=<VENDOR_ID>.0,deflate;q=0.6,identity;q=0.3
      Accept:
      - "*/*"
  response:
    status:
      code: 200
      message: OK
    headers:
      Server:
      - ngin<VENDOR_AUTH_CODE>
      Date:
      - Fri, 3<VENDOR_ID> Oct 2025 <VENDOR_ID>8:3<VENDOR_ID>:22 GMT
      Content-Type:
      - application/json
      Content-Length:
      - 4<VENDOR_ID>07
      Connection:
      - keep-alive
      Access-Control-Allow-Credentials:
      - 'true'
      Access-Control-Allow-Methods:
      - GET, HEAD, PUT, PATCH, POST, DELETE
      Access-Control-Allow-Origin:
      - "*"
      Cache-Control:
      - no-cache, no-store
      Content-Security-Policy:
      - base-uri 'none'; default-src 'none'; form-action 'none'; frame-ancestors 'none';
        img-src 'self'; script-src 'self' 'report-sample'; style-src 'self'; worker-src
        'none'; upgrade-insecure-requests; report-uri https://q.stripe.com/csp-violation?q=hLIhXc-dH_P8<VENDOR_ID>Y6lcbl7U2nyaQ0<VENDOR_AUTH_CODE>hXVoTa-62WF3KzDUOT4NyVjrOlFMQv2<VENDOR_ID>mKyaZaXRKnlfHQwCD4XS
      Idempotency-Key:
      - 55752970-30b8-403c-9be4-c2e0528a9f5b
      Original-Request:
      - req_HObkNEFd<VENDOR_ID>uFZbe
      Request-Id:
      - req_HObkNEFd<VENDOR_ID>uFZbe
      Stripe-Should-Retry:
      - 'false'
      Stripe-Version:
      - 2025-<VENDOR_ID>0-29.clover
      Vary:
      - Origin
      X-Stripe-Priority-Routing-Enabled:
      - 'true'
      X-Wc:
      - ABGHIJ
      Strict-Transport-Security:
      - ma<VENDOR_AUTH_CODE>-age=63072000; includeSubDomains; preload
      Access-Control-E<VENDOR_AUTH_CODE>pose-Headers:
      - Request-Id, Stripe-Manage-Version, Stripe-Should-Retry, X-Stripe-E<VENDOR_AUTH_CODE>ternal-Auth-Required,
        X-Stripe-Privileged-Session-Required
      Access-Control-Ma<VENDOR_AUTH_CODE>-Age:
      - '300'
      X-Stripe-Routing-Conte<VENDOR_AUTH_CODE>t-Priority-Tier:
      - api-testmode
    body:
      encoding: UTF-8
      string: |-
        {
          "id": "in_<VENDOR_ID>SON6ZKXBGcbgpbZIVj<VENDOR_ID><VENDOR_AUTH_CODE>nT0",
          "object": "invoice",
          "account_country": "US",
          "account_name": "Pay",
          "account_ta<VENDOR_AUTH_CODE>_ids": null,
          "amount_due": <VENDOR_ID>000,
          "amount_overpaid": 0,
          "amount_paid": <VENDOR_ID>000,
          "amount_remaining": 0,
          "amount_shipping": 0,
          "application": null,
          "attempt_count": <VENDOR_ID>,
          "attempted": true,
          "auto_advance": false,
          "automatic_ta<VENDOR_AUTH_CODE>": {
            "disabled_reason": null,
            "enabled": false,
            "liability": null,
            "provider": null,
            "status": null
          },
          "automatically_finalizes_at": null,
          "billing_reason": "manual",
          "collection_method": "charge_automatically",
          "created": <VENDOR_ID>76<VENDOR_ID>935479,
          "currency": "usd",
          "custom_fields": null,
          "customer": "cus_TL3CoSMe2DhAZ7",
          "customer_address": null,
          "customer_email": "stripe@e<VENDOR_AUTH_CODE>ample.org",
          "customer_name": "Stripe User",
          "customer_phone": null,
          "customer_shipping": null,
          "customer_ta<VENDOR_AUTH_CODE>_e<VENDOR_AUTH_CODE>empt": "none",
          "customer_ta<VENDOR_AUTH_CODE>_ids": [],
          "default_payment_method": null,
          "default_source": null,
          "default_ta<VENDOR_AUTH_CODE>_rates": [],
          "description": null,
          "discounts": [],
          "due_date": null,
          "effective_at": <VENDOR_ID>76<VENDOR_ID>935480,
          "ending_balance": 0,
          "footer": null,
          "from_invoice": null,
          "hosted_invoice_url": "https://invoice.stripe.com/i/acct_<VENDOR_ID>E4bfnKXBGcbgpbZ/test_YWNjdF8<VENDOR_AUTH_CODE>RTRiZm5LWEJHY2JncGJaLF9UTDNDdWF4YlNvY0FXZ3pKZ<VENDOR_ID>Z3T<VENDOR_ID>hEMU5ESWRuMXRyLDE<VENDOR_ID>MjQ3NjI4Mg02008dNhkuTs?s=ap",
          "invoice_pdf": "https://pay.stripe.com/invoice/acct_<VENDOR_ID>E4bfnKXBGcbgpbZ/test_YWNjdF8<VENDOR_AUTH_CODE>RTRiZm5LWEJHY2JncGJaLF9UTDNDdWF4YlNvY0FXZ3pKZ<VENDOR_ID>Z3T<VENDOR_ID>hEMU5ESWRuMXRyLDE<VENDOR_ID>MjQ3NjI4Mg02008dNhkuTs/pdf?s=ap",
          "issuer": {
            "type": "self"
          },
          "last_finalization_error": null,
          "latest_revision": null,
          "lines": {
            "object": "list",
            "data": [
              {
                "id": "il_<VENDOR_ID>SON6ZKXBGcbgpbZZw6l67Kv",
                "object": "line_item",
                "amount": <VENDOR_ID>000,
                "currency": "usd",
                "description": "One-time setup fee",
                "discount_amounts": [],
                "discountable": true,
                "discounts": [],
                "invoice": "in_<VENDOR_ID>SON6ZKXBGcbgpbZIVj<VENDOR_ID><VENDOR_AUTH_CODE>nT0",
                "livemode": false,
                "metadata": {},
                "parent": {
                  "invoice_item_details": {
                    "invoice_item": "ii_<VENDOR_ID>SON6ZKXBGcbgpbZsDdXZz08",
                    "proration": false,
                    "proration_details": {
                      "credited_items": null
                    },
                    "subscription": null
                  },
                  "subscription_item_details": null,
                  "type": "invoice_item_details"
                },
                "period": {
                  "end": <VENDOR_ID>76<VENDOR_ID>935479,
                  "start": <VENDOR_ID>76<VENDOR_ID>935479
                },
                "preta<VENDOR_AUTH_CODE>_credit_amounts": [],
                "pricing": {
                  "price_details": {
                    "price": "price_<VENDOR_ID>PmHofKXBGcbgpbZCVOHQep3",
                    "product": "prod_QdYwATBkKi2FtY"
                  },
                  "type": "price_details",
                  "unit_amount_decimal": "<VENDOR_ID>000"
                },
                "quantity": <VENDOR_ID>,
                "ta<VENDOR_AUTH_CODE>es": []
              }
            ],
            "has_more": false,
            "total_count": <VENDOR_ID>,
            "url": "/v<VENDOR_ID>/invoices/in_<VENDOR_ID>SON6ZKXBGcbgpbZIVj<VENDOR_ID><VENDOR_AUTH_CODE>nT0/lines"
          },
          "livemode": false,
          "metadata": {},
          "ne<VENDOR_AUTH_CODE>t_payment_attempt": null,
          "number": "TNW78YGQ-000<VENDOR_ID>",
          "on_behalf_of": null,
          "parent": null,
          "payment_settings": {
            "default_mandate": null,
            "payment_method_options": null,
            "payment_method_types": null
          },
          "period_end": <VENDOR_ID>76<VENDOR_ID>935479,
          "period_start": <VENDOR_ID>76<VENDOR_ID>935479,
          "post_payment_credit_notes_amount": 0,
          "pre_payment_credit_notes_amount": 0,
          "receipt_number": null,
          "rendering": {
            "amount_ta<VENDOR_AUTH_CODE>_display": null,
            "pdf": {
              "page_size": "letter"
            },
            "template": null,
            "template_version": null
          },
          "shipping_cost": null,
          "shipping_details": null,
          "starting_balance": 0,
          "statement_descriptor": null,
          "status": "paid",
          "status_transitions": {
            "finalized_at": <VENDOR_ID>76<VENDOR_ID>935480,
            "marked_uncollectible_at": null,
            "paid_at": <VENDOR_ID>76<VENDOR_ID>935480,
            "voided_at": null
          },
          "subtotal": <VENDOR_ID>000,
          "subtotal_e<VENDOR_AUTH_CODE>cluding_ta<VENDOR_AUTH_CODE>": <VENDOR_ID>000,
          "test_clock": null,
          "total": <VENDOR_ID>000,
          "total_discount_amounts": [],
          "total_e<VENDOR_AUTH_CODE>cluding_ta<VENDOR_AUTH_CODE>": <VENDOR_ID>000,
          "total_preta<VENDOR_AUTH_CODE>_credit_amounts": [],
          "total_ta<VENDOR_AUTH_CODE>es": [],
          "webhooks_delivered_at": <VENDOR_ID>76<VENDOR_ID>935479
        }
  recorded_at: Fri, 31 Oct 2025 18:31:22 GMT
- request:
    method: post
    uri: https://api.stripe.com/v<VENDOR_ID>/customers/cus_TM7TfQUDSydP53
    body:
      encoding: UTF-8
      string: invoice_settings[default_payment_method]=pm_<VENDOR_ID>SPPEZKXBGcbgpbZVBXgV7vt
    headers:
      User-Agent:
      - Stripe/v<VENDOR_ID> RubyBindings/<VENDOR_ID>7.<VENDOR_ID>.0 PayRails/<VENDOR_ID><VENDOR_ID>.2.3
        (https://github.com/pay-rails/pay)
      Authorization:
      - Bearer sk_test_e<VENDOR_AUTH_CODE>0JDdQGDv6z2QmAIVQUOyE6
      X-Stripe-Client-Telemetry:
      - '{"last_request_metrics":{"request_id":"req_YMksgPnT7l3GzS","request_duration_ms":578}}'
      Idempotency-Key:
      - a6e34d2a-8f63-475e-9fb6-5b246f407c3d
      Stripe-Version:
      - 2025-<VENDOR_ID>0-29.clover
      X-Stripe-Client-User-Agent:
      - '{"application":{"name":"PayRails","partner_id":"pp_partner_IqhY0UE<VENDOR_AUTH_CODE>nJYL<VENDOR_AUTH_CODE>g","url":"https://github.com/pay-rails/pay","version":"<VENDOR_ID><VENDOR_ID>.2.3"},"bindings_version":"<VENDOR_ID>7.<VENDOR_ID>.0","lang":"ruby","lang_version":"3.4.5
        p5<VENDOR_ID> (2025-07-<VENDOR_ID>6)","platform":"arm64-darwin24","engine":"ruby","publisher":"stripe","uname":"Darwin
        MacBookPro.localdomain 25.0.0 Darwin Kernel Version 25.0.0: Wed Sep <VENDOR_ID>7
        2<VENDOR_ID>:4<VENDOR_ID>:45 PDT 2025; root:<VENDOR_AUTH_CODE>nu-<VENDOR_ID>2377.<VENDOR_ID>.9~<VENDOR_ID>4<VENDOR_ID>/RELEASE_ARM64_T6000
        arm64","hostname":"MacBookPro.localdomain"}'
      Content-Type:
      - application/<VENDOR_AUTH_CODE>-www-form-urlencoded
      Accept-Encoding:
      - gzip;q=<VENDOR_ID>.0,deflate;q=0.6,identity;q=0.3
      Accept:
      - "*/*"
  response:
    status:
      code: 200
      message: OK
    headers:
      Server:
      - ngin<VENDOR_AUTH_CODE>
      Date:
      - Mon, 03 Nov 2025 <VENDOR_ID>4:59:5<VENDOR_ID> GMT
      Content-Type:
      - application/json
      Content-Length:
      - '664'
      Connection:
      - keep-alive
      Access-Control-Allow-Credentials:
      - 'true'
      Access-Control-Allow-Methods:
      - GET, HEAD, PUT, PATCH, POST, DELETE
      Access-Control-Allow-Origin:
      - "*"
      Cache-Control:
      - no-cache, no-store
      Content-Security-Policy:
      - base-uri 'none'; default-src 'none'; form-action 'none'; frame-ancestors 'none';
        img-src 'self'; script-src 'self' 'report-sample'; style-src 'self'; worker-src
        'none'; upgrade-insecure-requests; report-uri https://q.stripe.com/csp-violation?q=_iBNOGIJkhWv0-mV<VENDOR_ID>zOVSnLQOzyX-RuLZ89ah5ESfIqpBFdcpjKadef_pOtzS-dNSz74-Lm8jKiIvfCU
      Idempotency-Key:
      - a6e34d2a-8f63-475e-9fb6-5b246f407c3d
      Original-Request:
      - req_R6Vj0C4lC7SPEd
      Request-Id:
      - req_R6Vj0C4lC7SPEd
      Stripe-Should-Retry:
      - 'false'
      Stripe-Version:
      - 2025-<VENDOR_ID>0-29.clover
      Vary:
      - Origin
      X-Stripe-Priority-Routing-Enabled:
      - 'true'
      X-Wc:
      - ABGHIJ
      Strict-Transport-Security:
      - ma<VENDOR_AUTH_CODE>-age=63072000; includeSubDomains; preload
      Access-Control-E<VENDOR_AUTH_CODE>pose-Headers:
      - Request-Id, Stripe-Manage-Version, Stripe-Should-Retry, X-Stripe-E<VENDOR_AUTH_CODE>ternal-Auth-Required,
        X-Stripe-Privileged-Session-Required
      Access-Control-Ma<VENDOR_AUTH_CODE>-Age:
      - '300'
      X-Stripe-Routing-Conte<VENDOR_AUTH_CODE>t-Priority-Tier:
      - api-testmode
    body:
      encoding: UTF-8
      string: |-
        {
          "id": "cus_TM7TfQUDSydP53",
          "object": "customer",
          "address": null,
          "balance": 0,
          "created": <VENDOR_ID>762<VENDOR_ID>8<VENDOR_ID>990,
          "currency": null,
          "default_source": null,
          "delinquent": false,
          "description": null,
          "discount": null,
          "email": "stripe@e<VENDOR_AUTH_CODE>ample.org",
          "invoice_prefi<VENDOR_AUTH_CODE>": "MZM3OL5Q",
          "invoice_settings": {
            "custom_fields": null,
            "default_payment_method": "pm_<VENDOR_ID>SPPEZKXBGcbgpbZVBXgV7vt",
            "footer": null,
            "rendering_options": null
          },
          "livemode": false,
          "metadata": {},
          "name": "Stripe User",
          "ne<VENDOR_AUTH_CODE>t_invoice_sequence": <VENDOR_ID>,
          "phone": null,
          "preferred_locales": [],
          "shipping": null,
          "ta<VENDOR_AUTH_CODE>_e<VENDOR_AUTH_CODE>empt": "none",
          "test_clock": null
        }
  recorded_at: Mon, 03 Nov 2025 14:59:52 GMT
- request:
    method: post
    uri: https://api.stripe.com/v<VENDOR_ID>/invoices/in_<VENDOR_ID>SPPEaKXBGcbgpbZMsW<VENDOR_ID>tcm<VENDOR_ID>/pay
    body:
      encoding: US-ASCII
      string: ''
    headers:
      User-Agent:
      - Stripe/v<VENDOR_ID> RubyBindings/<VENDOR_ID>7.<VENDOR_ID>.0 PayRails/<VENDOR_ID><VENDOR_ID>.2.3
        (https://github.com/pay-rails/pay)
      Authorization:
      - Bearer sk_test_e<VENDOR_AUTH_CODE>0JDdQGDv6z2QmAIVQUOyE6
      X-Stripe-Client-Telemetry:
      - '{"last_request_metrics":{"request_id":"req_k3yw83CoNqZ3N2","request_duration_ms":475}}'
      Idempotency-Key:
      - a66d4a90-<VENDOR_ID>e80-4<VENDOR_ID>bf-9a0c-695af5ad5eb7
      Stripe-Version:
      - 2025-<VENDOR_ID>0-29.clover
      X-Stripe-Client-User-Agent:
      - '{"application":{"name":"PayRails","partner_id":"pp_partner_IqhY0UE<VENDOR_AUTH_CODE>nJYL<VENDOR_AUTH_CODE>g","url":"https://github.com/pay-rails/pay","version":"<VENDOR_ID><VENDOR_ID>.2.3"},"bindings_version":"<VENDOR_ID>7.<VENDOR_ID>.0","lang":"ruby","lang_version":"3.4.5
        p5<VENDOR_ID> (2025-07-<VENDOR_ID>6)","platform":"arm64-darwin24","engine":"ruby","publisher":"stripe","uname":"Darwin
        MacBookPro.localdomain 25.0.0 Darwin Kernel Version 25.0.0: Wed Sep <VENDOR_ID>7
        2<VENDOR_ID>:4<VENDOR_ID>:45 PDT 2025; root:<VENDOR_AUTH_CODE>nu-<VENDOR_ID>2377.<VENDOR_ID>.9~<VENDOR_ID>4<VENDOR_ID>/RELEASE_ARM64_T6000
        arm64","hostname":"MacBookPro.localdomain"}'
      Content-Type:
      - application/<VENDOR_AUTH_CODE>-www-form-urlencoded
      Accept-Encoding:
      - gzip;q=<VENDOR_ID>.0,deflate;q=0.6,identity;q=0.3
      Accept:
      - "*/*"
  response:
    status:
      code: 200
      message: OK
    headers:
      Server:
      - ngin<VENDOR_AUTH_CODE>
      Date:
      - Mon, 03 Nov 2025 <VENDOR_ID>4:59:55 GMT
      Content-Type:
      - application/json
      Content-Length:
      - 4<VENDOR_ID>07
      Connection:
      - keep-alive
      Access-Control-Allow-Credentials:
      - 'true'
      Access-Control-Allow-Methods:
      - GET, HEAD, PUT, PATCH, POST, DELETE
      Access-Control-Allow-Origin:
      - "*"
      Cache-Control:
      - no-cache, no-store
      Content-Security-Policy:
      - base-uri 'none'; default-src 'none'; form-action 'none'; frame-ancestors 'none';
        img-src 'self'; script-src 'self' 'report-sample'; style-src 'self'; worker-src
        'none'; upgrade-insecure-requests; report-uri https://q.stripe.com/csp-violation?q=_iBNOGIJkhWv0-mV<VENDOR_ID>zOVSnLQOzyX-RuLZ89ah5ESfIqpBFdcpjKadef_pOtzS-dNSz74-Lm8jKiIvfCU
      Idempotency-Key:
      - a66d4a90-<VENDOR_ID>e80-4<VENDOR_ID>bf-9a0c-695af5ad5eb7
      Original-Request:
      - req_5SeM<VENDOR_ID>8PIZYI8CI
      Request-Id:
      - req_5SeM<VENDOR_ID>8PIZYI8CI
      Stripe-Should-Retry:
      - 'false'
      Stripe-Version:
      - 2025-<VENDOR_ID>0-29.clover
      Vary:
      - Origin
      X-Stripe-Priority-Routing-Enabled:
      - 'true'
      X-Wc:
      - ABGHIJ
      Strict-Transport-Security:
      - ma<VENDOR_AUTH_CODE>-age=63072000; includeSubDomains; preload
      Access-Control-E<VENDOR_AUTH_CODE>pose-Headers:
      - Request-Id, Stripe-Manage-Version, Stripe-Should-Retry, X-Stripe-E<VENDOR_AUTH_CODE>ternal-Auth-Required,
        X-Stripe-Privileged-Session-Required
      Access-Control-Ma<VENDOR_AUTH_CODE>-Age:
      - '300'
      X-Stripe-Routing-Conte<VENDOR_AUTH_CODE>t-Priority-Tier:
      - api-testmode
    body:
      encoding: UTF-8
      string: |-
        {
          "id": "in_<VENDOR_ID>SPPEaKXBGcbgpbZMsW<VENDOR_ID>tcm<VENDOR_ID>",
          "object": "invoice",
          "account_country": "US",
          "account_name": "Pay",
          "account_ta<VENDOR_AUTH_CODE>_ids": null,
          "amount_due": <VENDOR_ID>000,
          "amount_overpaid": 0,
          "amount_paid": <VENDOR_ID>000,
          "amount_remaining": 0,
          "amount_shipping": 0,
          "application": null,
          "attempt_count": <VENDOR_ID>,
          "attempted": true,
          "auto_advance": false,
          "automatic_ta<VENDOR_AUTH_CODE>": {
            "disabled_reason": null,
            "enabled": false,
            "liability": null,
            "provider": null,
            "status": null
          },
          "automatically_finalizes_at": null,
          "billing_reason": "manual",
          "collection_method": "charge_automatically",
          "created": <VENDOR_ID>762<VENDOR_ID>8<VENDOR_ID>992,
          "currency": "usd",
          "custom_fields": null,
          "customer": "cus_TM7TfQUDSydP53",
          "customer_address": null,
          "customer_email": "stripe@e<VENDOR_AUTH_CODE>ample.org",
          "customer_name": "Stripe User",
          "customer_phone": null,
          "customer_shipping": null,
          "customer_ta<VENDOR_AUTH_CODE>_e<VENDOR_AUTH_CODE>empt": "none",
          "customer_ta<VENDOR_AUTH_CODE>_ids": [],
          "default_payment_method": null,
          "default_source": null,
          "default_ta<VENDOR_AUTH_CODE>_rates": [],
          "description": null,
          "discounts": [],
          "due_date": null,
          "effective_at": <VENDOR_ID>762<VENDOR_ID>8<VENDOR_ID>993,
          "ending_balance": 0,
          "footer": null,
          "from_invoice": null,
          "hosted_invoice_url": "https://invoice.stripe.com/i/acct_<VENDOR_ID>E4bfnKXBGcbgpbZ/test_YWNjdF8<VENDOR_AUTH_CODE>RTRiZm5LWEJHY2JncGJaLF9UTTdUMmVlY<VENDOR_ID>hGNmNRS<VENDOR_ID>ZoTFRlemFCMXhiTU<VENDOR_ID>ZbnBSLDE<VENDOR_ID>MjcyMjc5NQ0200TkpiyphE?s=ap",
          "invoice_pdf": "https://pay.stripe.com/invoice/acct_<VENDOR_ID>E4bfnKXBGcbgpbZ/test_YWNjdF8<VENDOR_AUTH_CODE>RTRiZm5LWEJHY2JncGJaLF9UTTdUMmVlY<VENDOR_ID>hGNmNRS<VENDOR_ID>ZoTFRlemFCMXhiTU<VENDOR_ID>ZbnBSLDE<VENDOR_ID>MjcyMjc5NQ0200TkpiyphE/pdf?s=ap",
          "issuer": {
            "type": "self"
          },
          "last_finalization_error": null,
          "latest_revision": null,
          "lines": {
            "object": "list",
            "data": [
              {
                "id": "il_<VENDOR_ID>SPPEaKXBGcbgpbZm49BVeXp",
                "object": "line_item",
                "amount": <VENDOR_ID>000,
                "currency": "usd",
                "description": "One-time setup fee",
                "discount_amounts": [],
                "discountable": true,
                "discounts": [],
                "invoice": "in_<VENDOR_ID>SPPEaKXBGcbgpbZMsW<VENDOR_ID>tcm<VENDOR_ID>",
                "livemode": false,
                "metadata": {},
                "parent": {
                  "invoice_item_details": {
                    "invoice_item": "ii_<VENDOR_ID>SPPEaKXBGcbgpbZoEl98OmQ",
                    "proration": false,
                    "proration_details": {
                      "credited_items": null
                    },
                    "subscription": null
                  },
                  "subscription_item_details": null,
                  "type": "invoice_item_details"
                },
                "period": {
                  "end": <VENDOR_ID>762<VENDOR_ID>8<VENDOR_ID>992,
                  "start": <VENDOR_ID>762<VENDOR_ID>8<VENDOR_ID>992
                },
                "preta<VENDOR_AUTH_CODE>_credit_amounts": [],
                "pricing": {
                  "price_details": {
                    "price": "price_<VENDOR_ID>PmHofKXBGcbgpbZCVOHQep3",
                    "product": "prod_QdYwATBkKi2FtY"
                  },
                  "type": "price_details",
                  "unit_amount_decimal": "<VENDOR_ID>000"
                },
                "quantity": <VENDOR_ID>,
                "ta<VENDOR_AUTH_CODE>es": []
              }
            ],
            "has_more": false,
            "total_count": <VENDOR_ID>,
            "url": "/v<VENDOR_ID>/invoices/in_<VENDOR_ID>SPPEaKXBGcbgpbZMsW<VENDOR_ID>tcm<VENDOR_ID>/lines"
          },
          "livemode": false,
          "metadata": {},
          "ne<VENDOR_AUTH_CODE>t_payment_attempt": null,
          "number": "MZM3OL5Q-000<VENDOR_ID>",
          "on_behalf_of": null,
          "parent": null,
          "payment_settings": {
            "default_mandate": null,
            "payment_method_options": null,
            "payment_method_types": null
          },
          "period_end": <VENDOR_ID>762<VENDOR_ID>8<VENDOR_ID>992,
          "period_start": <VENDOR_ID>762<VENDOR_ID>8<VENDOR_ID>992,
          "post_payment_credit_notes_amount": 0,
          "pre_payment_credit_notes_amount": 0,
          "receipt_number": null,
          "rendering": {
            "amount_ta<VENDOR_AUTH_CODE>_display": null,
            "pdf": {
              "page_size": "letter"
            },
            "template": null,
            "template_version": null
          },
          "shipping_cost": null,
          "shipping_details": null,
          "starting_balance": 0,
          "statement_descriptor": null,
          "status": "paid",
          "status_transitions": {
            "finalized_at": <VENDOR_ID>762<VENDOR_ID>8<VENDOR_ID>993,
            "marked_uncollectible_at": null,
            "paid_at": <VENDOR_ID>762<VENDOR_ID>8<VENDOR_ID>993,
            "voided_at": null
          },
          "subtotal": <VENDOR_ID>000,
          "subtotal_e<VENDOR_AUTH_CODE>cluding_ta<VENDOR_AUTH_CODE>": <VENDOR_ID>000,
          "test_clock": null,
          "total": <VENDOR_ID>000,
          "total_discount_amounts": [],
          "total_e<VENDOR_AUTH_CODE>cluding_ta<VENDOR_AUTH_CODE>": <VENDOR_ID>000,
          "total_preta<VENDOR_AUTH_CODE>_credit_amounts": [],
          "total_ta<VENDOR_AUTH_CODE>es": [],
          "webhooks_delivered_at": <VENDOR_ID>762<VENDOR_ID>8<VENDOR_ID>992
        }
  recorded_at: Mon, 03 Nov 2025 14:59:55 GMT
- request:
    method: post
    uri: https://api.stripe.com/v<VENDOR_ID>/customers
    body:
      encoding: UTF-8
      string: email=stripe%40e<VENDOR_AUTH_CODE>ample.org&name=Stripe+User&e<VENDOR_AUTH_CODE>pand[0]=ta<VENDOR_AUTH_CODE>&e<VENDOR_AUTH_CODE>pand[<VENDOR_ID>]=invoice_credit_balance
    headers:
      User-Agent:
      - Stripe/v<VENDOR_ID> RubyBindings/<VENDOR_ID>7.<VENDOR_ID>.0 PayRails/<VENDOR_ID><VENDOR_ID>.2.3
        (https://github.com/pay-rails/pay)
      Authorization:
      - Bearer sk_test_e<VENDOR_AUTH_CODE>0JDdQGDv6z2QmAIVQUOyE6
      X-Stripe-Client-Telemetry:
      - '{"last_request_metrics":{"request_id":"req_llca8GAww90Seb","request_duration_ms":0}}'
      Idempotency-Key:
      - 2f82<VENDOR_ID>b8b-8ab8-4e<VENDOR_ID>0-8d9e-2f8fbf3869b7
      Stripe-Version:
      - 2025-<VENDOR_ID>0-29.clover
      X-Stripe-Client-User-Agent:
      - '{"application":{"name":"PayRails","partner_id":"pp_partner_IqhY0UE<VENDOR_AUTH_CODE>nJYL<VENDOR_AUTH_CODE>g","url":"https://github.com/pay-rails/pay","version":"<VENDOR_ID><VENDOR_ID>.2.3"},"bindings_version":"<VENDOR_ID>7.<VENDOR_ID>.0","lang":"ruby","lang_version":"3.4.5
        p5<VENDOR_ID> (2025-07-<VENDOR_ID>6)","platform":"arm64-darwin24","engine":"ruby","publisher":"stripe","uname":"Darwin
        MacBookPro.localdomain 25.0.0 Darwin Kernel Version 25.0.0: Wed Sep <VENDOR_ID>7
        2<VENDOR_ID>:4<VENDOR_ID>:45 PDT 2025; root:<VENDOR_AUTH_CODE>nu-<VENDOR_ID>2377.<VENDOR_ID>.9~<VENDOR_ID>4<VENDOR_ID>/RELEASE_ARM64_T6000
        arm64","hostname":"MacBookPro.localdomain"}'
      Content-Type:
      - application/<VENDOR_AUTH_CODE>-www-form-urlencoded
      Accept-Encoding:
      - gzip;q=<VENDOR_ID>.0,deflate;q=0.6,identity;q=0.3
      Accept:
      - "*/*"
  response:
    status:
      code: 200
      message: OK
    headers:
      Server:
      - ngin<VENDOR_AUTH_CODE>
      Date:
      - Mon, 03 Nov 2025 <VENDOR_ID>5:03:58 GMT
      Content-Type:
      - application/json
      Content-Length:
      - '804'
      Connection:
      - keep-alive
      Access-Control-Allow-Credentials:
      - 'true'
      Access-Control-Allow-Methods:
      - GET, HEAD, PUT, PATCH, POST, DELETE
      Access-Control-Allow-Origin:
      - "*"
      Cache-Control:
      - no-cache, no-store
      Content-Security-Policy:
      - base-uri 'none'; default-src 'none'; form-action 'none'; frame-ancestors 'none';
        img-src 'self'; script-src 'self' 'report-sample'; style-src 'self'; worker-src
        'none'; upgrade-insecure-requests; report-uri https://q.stripe.com/csp-violation?q=B<VENDOR_AUTH_CODE>uYTK4kvcUEvNoeBy_kXarJ8oWgPm5pM0nwBGDITrurp_U5eiyO0OF8BtqfZQ37o_k8FGSbooKREFD-
      Idempotency-Key:
      - 2f82<VENDOR_ID>b8b-8ab8-4e<VENDOR_ID>0-8d9e-2f8fbf3869b7
      Original-Request:
      - req_DNkjRVAfSLyvhb
      Request-Id:
      - req_DNkjRVAfSLyvhb
      Stripe-Should-Retry:
      - 'false'
      Stripe-Version:
      - 2025-<VENDOR_ID>0-29.clover
      Vary:
      - Origin
      X-Stripe-Priority-Routing-Enabled:
      - 'true'
      X-Wc:
      - ABGHIJ
      Strict-Transport-Security:
      - ma<VENDOR_AUTH_CODE>-age=63072000; includeSubDomains; preload
      Access-Control-E<VENDOR_AUTH_CODE>pose-Headers:
      - Request-Id, Stripe-Manage-Version, Stripe-Should-Retry, X-Stripe-E<VENDOR_AUTH_CODE>ternal-Auth-Required,
        X-Stripe-Privileged-Session-Required
      Access-Control-Ma<VENDOR_AUTH_CODE>-Age:
      - '300'
      X-Stripe-Routing-Conte<VENDOR_AUTH_CODE>t-Priority-Tier:
      - api-testmode
    body:
      encoding: UTF-8
      string: |-
        {
          "id": "cus_TM7XsHEoq<VENDOR_ID>Te<VENDOR_ID>j",
          "object": "customer",
          "address": null,
          "balance": 0,
          "created": <VENDOR_ID>762<VENDOR_ID>82238,
          "currency": null,
          "default_source": null,
          "delinquent": false,
          "description": null,
          "discount": null,
          "email": "stripe@e<VENDOR_AUTH_CODE>ample.org",
          "invoice_credit_balance": {},
          "invoice_prefi<VENDOR_AUTH_CODE>": "IZB6C9GK",
          "invoice_settings": {
            "custom_fields": null,
            "default_payment_method": null,
            "footer": null,
            "rendering_options": null
          },
          "livemode": false,
          "metadata": {},
          "name": "Stripe User",
          "ne<VENDOR_AUTH_CODE>t_invoice_sequence": <VENDOR_ID>,
          "phone": null,
          "preferred_locales": [],
          "shipping": null,
          "ta<VENDOR_AUTH_CODE>": {
            "automatic_ta<VENDOR_AUTH_CODE>": "unrecognized_location",
            "ip_address": null,
            "location": null,
            "provider": "stripe"
          },
          "ta<VENDOR_AUTH_CODE>_e<VENDOR_AUTH_CODE>empt": "none",
          "test_clock": null
        }
  recorded_at: Mon, 03 Nov 2025 15:03:58 GMT
- request:
    method: post
    uri: https://api.stripe.com/v<VENDOR_ID>/payment_methods/pm_card_visa/attach
    body:
      encoding: UTF-8
      string: customer=cus_TM7XsHEoq<VENDOR_ID>Te<VENDOR_ID>j
    headers:
      User-Agent:
      - Stripe/v<VENDOR_ID> RubyBindings/<VENDOR_ID>7.<VENDOR_ID>.0 PayRails/<VENDOR_ID><VENDOR_ID>.2.3
        (https://github.com/pay-rails/pay)
      Authorization:
      - Bearer sk_test_e<VENDOR_AUTH_CODE>0JDdQGDv6z2QmAIVQUOyE6
      X-Stripe-Client-Telemetry:
      - '{"last_request_metrics":{"request_id":"req_DNkjRVAfSLyvhb","request_duration_ms":3<VENDOR_ID>7}}'
      Idempotency-Key:
      - 6<VENDOR_ID>7d5d7a-3cdf-46dd-8924-59293e389ccf
      Stripe-Version:
      - 2025-<VENDOR_ID>0-29.clover
      X-Stripe-Client-User-Agent:
      - '{"application":{"name":"PayRails","partner_id":"pp_partner_IqhY0UE<VENDOR_AUTH_CODE>nJYL<VENDOR_AUTH_CODE>g","url":"https://github.com/pay-rails/pay","version":"<VENDOR_ID><VENDOR_ID>.2.3"},"bindings_version":"<VENDOR_ID>7.<VENDOR_ID>.0","lang":"ruby","lang_version":"3.4.5
        p5<VENDOR_ID> (2025-07-<VENDOR_ID>6)","platform":"arm64-darwin24","engine":"ruby","publisher":"stripe","uname":"Darwin
        MacBookPro.localdomain 25.0.0 Darwin Kernel Version 25.0.0: Wed Sep <VENDOR_ID>7
        2<VENDOR_ID>:4<VENDOR_ID>:45 PDT 2025; root:<VENDOR_AUTH_CODE>nu-<VENDOR_ID>2377.<VENDOR_ID>.9~<VENDOR_ID>4<VENDOR_ID>/RELEASE_ARM64_T6000
        arm64","hostname":"MacBookPro.localdomain"}'
      Content-Type:
      - application/<VENDOR_AUTH_CODE>-www-form-urlencoded
      Accept-Encoding:
      - gzip;q=<VENDOR_ID>.0,deflate;q=0.6,identity;q=0.3
      Accept:
      - "*/*"
  response:
    status:
      code: 200
      message: OK
    headers:
      Server:
      - ngin<VENDOR_AUTH_CODE>
      Date:
      - Mon, 03 Nov 2025 <VENDOR_ID>5:03:59 GMT
      Content-Type:
      - application/json
      Content-Length:
      - "<VENDOR_ID>066"
      Connection:
      - keep-alive
      Access-Control-Allow-Credentials:
      - 'true'
      Access-Control-Allow-Methods:
      - GET, HEAD, PUT, PATCH, POST, DELETE
      Access-Control-Allow-Origin:
      - "*"
      Cache-Control:
      - no-cache, no-store
      Content-Security-Policy:
      - base-uri 'none'; default-src 'none'; form-action 'none'; frame-ancestors 'none';
        img-src 'self'; script-src 'self' 'report-sample'; style-src 'self'; worker-src
        'none'; upgrade-insecure-requests; report-uri https://q.stripe.com/csp-violation?q=B<VENDOR_AUTH_CODE>uYTK4kvcUEvNoeBy_kXarJ8oWgPm5pM0nwBGDITrurp_U5eiyO0OF8BtqfZQ37o_k8FGSbooKREFD-
      Idempotency-Key:
      - 6<VENDOR_ID>7d5d7a-3cdf-46dd-8924-59293e389ccf
      Original-Request:
      - req_vMPYP<VENDOR_AUTH_CODE>0CYZBdc2
      Request-Id:
      - req_vMPYP<VENDOR_AUTH_CODE>0CYZBdc2
      Stripe-Should-Retry:
      - 'false'
      Stripe-Version:
      - 2025-<VENDOR_ID>0-29.clover
      Vary:
      - Origin
      X-Stripe-Priority-Routing-Enabled:
      - 'true'
      X-Wc:
      - ABGHIJ
      Strict-Transport-Security:
      - ma<VENDOR_AUTH_CODE>-age=63072000; includeSubDomains; preload
      Access-Control-E<VENDOR_AUTH_CODE>pose-Headers:
      - Request-Id, Stripe-Manage-Version, Stripe-Should-Retry, X-Stripe-E<VENDOR_AUTH_CODE>ternal-Auth-Required,
        X-Stripe-Privileged-Session-Required
      Access-Control-Ma<VENDOR_AUTH_CODE>-Age:
      - '300'
      X-Stripe-Routing-Conte<VENDOR_AUTH_CODE>t-Priority-Tier:
      - api-testmode
    body:
      encoding: UTF-8
      string: |-
        {
          "id": "pm_<VENDOR_ID>SPPIYKXBGcbgpbZF7PWjQZy",
          "object": "payment_method",
          "allow_redisplay": "unspecified",
          "billing_details": {
            "address": {
              "city": null,
              "country": null,
              "line<VENDOR_ID>": null,
              "line2": null,
              "postal_code": null,
              "state": null
            },
            "email": null,
            "name": null,
            "phone": null,
            "ta<VENDOR_AUTH_CODE>_id": null
          },
          "card": {
            "brand": "visa",
            "checks": {
              "address_line<VENDOR_ID>_check": null,
              "address_postal_code_check": null,
              "cvc_check": "pass"
            },
            "country": "US",
            "display_brand": "visa",
            "e<VENDOR_AUTH_CODE>p_month": <VENDOR_ID><VENDOR_ID>,
            "e<VENDOR_AUTH_CODE>p_year": 2026,
            "fingerprint": "w4XDzQOFakih5EZM",
            "funding": "credit",
            "generated_from": null,
            "last4": "4242",
            "networks": {
              "available": [
                "visa"
              ],
              "preferred": null
            },
            "regulated_status": "unregulated",
            "three_d_secure_usage": {
              "supported": true
            },
            "wallet": null
          },
          "created": <VENDOR_ID>762<VENDOR_ID>82238,
          "customer": "cus_TM7XsHEoq<VENDOR_ID>Te<VENDOR_ID>j",
          "livemode": false,
          "metadata": {},
          "type": "card"
        }
  recorded_at: Mon, 03 Nov 2025 15:03:59 GMT
- request:
    method: post
    uri: https://api.stripe.com/v<VENDOR_ID>/customers/cus_TM7XsHEoq<VENDOR_ID>Te<VENDOR_ID>j
    body:
      encoding: UTF-8
      string: invoice_settings[default_payment_method]=pm_<VENDOR_ID>SPPIYKXBGcbgpbZF7PWjQZy
    headers:
      User-Agent:
      - Stripe/v<VENDOR_ID> RubyBindings/<VENDOR_ID>7.<VENDOR_ID>.0 PayRails/<VENDOR_ID><VENDOR_ID>.2.3
        (https://github.com/pay-rails/pay)
      Authorization:
      - Bearer sk_test_e<VENDOR_AUTH_CODE>0JDdQGDv6z2QmAIVQUOyE6
      X-Stripe-Client-Telemetry:
      - '{"last_request_metrics":{"request_id":"req_vMPYP<VENDOR_AUTH_CODE>0CYZBdc2","request_duration_ms":497}}'
      Idempotency-Key:
      - 4a77985f-f645-43ff-8<VENDOR_ID>e0-ec30aca<VENDOR_ID>6b20
      Stripe-Version:
      - 2025-<VENDOR_ID>0-29.clover
      X-Stripe-Client-User-Agent:
      - '{"application":{"name":"PayRails","partner_id":"pp_partner_IqhY0UE<VENDOR_AUTH_CODE>nJYL<VENDOR_AUTH_CODE>g","url":"https://github.com/pay-rails/pay","version":"<VENDOR_ID><VENDOR_ID>.2.3"},"bindings_version":"<VENDOR_ID>7.<VENDOR_ID>.0","lang":"ruby","lang_version":"3.4.5
        p5<VENDOR_ID> (2025-07-<VENDOR_ID>6)","platform":"arm64-darwin24","engine":"ruby","publisher":"stripe","uname":"Darwin
        MacBookPro.localdomain 25.0.0 Darwin Kernel Version 25.0.0: Wed Sep <VENDOR_ID>7
        2<VENDOR_ID>:4<VENDOR_ID>:45 PDT 2025; root:<VENDOR_AUTH_CODE>nu-<VENDOR_ID>2377.<VENDOR_ID>.9~<VENDOR_ID>4<VENDOR_ID>/RELEASE_ARM64_T6000
        arm64","hostname":"MacBookPro.localdomain"}'
      Content-Type:
      - application/<VENDOR_AUTH_CODE>-www-form-urlencoded
      Accept-Encoding:
      - gzip;q=<VENDOR_ID>.0,deflate;q=0.6,identity;q=0.3
      Accept:
      - "*/*"
  response:
    status:
      code: 200
      message: OK
    headers:
      Server:
      - ngin<VENDOR_AUTH_CODE>
      Date:
      - Mon, 03 Nov 2025 <VENDOR_ID>5:03:59 GMT
      Content-Type:
      - application/json
      Content-Length:
      - '664'
      Connection:
      - keep-alive
      Access-Control-Allow-Credentials:
      - 'true'
      Access-Control-Allow-Methods:
      - GET, HEAD, PUT, PATCH, POST, DELETE
      Access-Control-Allow-Origin:
      - "*"
      Cache-Control:
      - no-cache, no-store
      Content-Security-Policy:
      - base-uri 'none'; default-src 'none'; form-action 'none'; frame-ancestors 'none';
        img-src 'self'; script-src 'self' 'report-sample'; style-src 'self'; worker-src
        'none'; upgrade-insecure-requests; report-uri https://q.stripe.com/csp-violation?q=B<VENDOR_AUTH_CODE>uYTK4kvcUEvNoeBy_kXarJ8oWgPm5pM0nwBGDITrurp_U5eiyO0OF8BtqfZQ37o_k8FGSbooKREFD-
      Idempotency-Key:
      - 4a77985f-f645-43ff-8<VENDOR_ID>e0-ec30aca<VENDOR_ID>6b20
      Original-Request:
      - req_EmP5bmt<VENDOR_AUTH_CODE>loRLGV
      Request-Id:
      - req_EmP5bmt<VENDOR_AUTH_CODE>loRLGV
      Stripe-Should-Retry:
      - 'false'
      Stripe-Version:
      - 2025-<VENDOR_ID>0-29.clover
      Vary:
      - Origin
      X-Stripe-Priority-Routing-Enabled:
      - 'true'
      X-Wc:
      - ABGHIJ
      Strict-Transport-Security:
      - ma<VENDOR_AUTH_CODE>-age=63072000; includeSubDomains; preload
      Access-Control-E<VENDOR_AUTH_CODE>pose-Headers:
      - Request-Id, Stripe-Manage-Version, Stripe-Should-Retry, X-Stripe-E<VENDOR_AUTH_CODE>ternal-Auth-Required,
        X-Stripe-Privileged-Session-Required
      Access-Control-Ma<VENDOR_AUTH_CODE>-Age:
      - '300'
      X-Stripe-Routing-Conte<VENDOR_AUTH_CODE>t-Priority-Tier:
      - api-testmode
    body:
      encoding: UTF-8
      string: |-
        {
          "id": "cus_TM7XsHEoq<VENDOR_ID>Te<VENDOR_ID>j",
          "object": "customer",
          "address": null,
          "balance": 0,
          "created": <VENDOR_ID>762<VENDOR_ID>82238,
          "currency": null,
          "default_source": null,
          "delinquent": false,
          "description": null,
          "discount": null,
          "email": "stripe@e<VENDOR_AUTH_CODE>ample.org",
          "invoice_prefi<VENDOR_AUTH_CODE>": "IZB6C9GK",
          "invoice_settings": {
            "custom_fields": null,
            "default_payment_method": "pm_<VENDOR_ID>SPPIYKXBGcbgpbZF7PWjQZy",
            "footer": null,
            "rendering_options": null
          },
          "livemode": false,
          "metadata": {},
          "name": "Stripe User",
          "ne<VENDOR_AUTH_CODE>t_invoice_sequence": <VENDOR_ID>,
          "phone": null,
          "preferred_locales": [],
          "shipping": null,
          "ta<VENDOR_AUTH_CODE>_e<VENDOR_AUTH_CODE>empt": "none",
          "test_clock": null
        }
  recorded_at: Mon, 03 Nov 2025 15:03:59 GMT
- request:
    method: post
    uri: https://api.stripe.com/v<VENDOR_ID>/invoiceitems
    body:
      encoding: UTF-8
      string: customer=cus_TM7XsHEoq<VENDOR_ID>Te<VENDOR_ID>j&amount=<VENDOR_ID>000&currency=usd&description=One-time+setup+fee
    headers:
      User-Agent:
      - Stripe/v<VENDOR_ID> RubyBindings/<VENDOR_ID>7.<VENDOR_ID>.0 PayRails/<VENDOR_ID><VENDOR_ID>.2.3
        (https://github.com/pay-rails/pay)
      Authorization:
      - Bearer sk_test_e<VENDOR_AUTH_CODE>0JDdQGDv6z2QmAIVQUOyE6
      X-Stripe-Client-Telemetry:
      - '{"last_request_metrics":{"request_id":"req_EmP5bmt<VENDOR_AUTH_CODE>loRLGV","request_duration_ms":2<VENDOR_ID><VENDOR_ID>}}'
      Idempotency-Key:
      - 5389498e-02e6-4f44-8902-<VENDOR_ID>56c29e798<VENDOR_ID>7
      Stripe-Version:
      - 2025-<VENDOR_ID>0-29.clover
      X-Stripe-Client-User-Agent:
      - '{"application":{"name":"PayRails","partner_id":"pp_partner_IqhY0UE<VENDOR_AUTH_CODE>nJYL<VENDOR_AUTH_CODE>g","url":"https://github.com/pay-rails/pay","version":"<VENDOR_ID><VENDOR_ID>.2.3"},"bindings_version":"<VENDOR_ID>7.<VENDOR_ID>.0","lang":"ruby","lang_version":"3.4.5
        p5<VENDOR_ID> (2025-07-<VENDOR_ID>6)","platform":"arm64-darwin24","engine":"ruby","publisher":"stripe","uname":"Darwin
        MacBookPro.localdomain 25.0.0 Darwin Kernel Version 25.0.0: Wed Sep <VENDOR_ID>7
        2<VENDOR_ID>:4<VENDOR_ID>:45 PDT 2025; root:<VENDOR_AUTH_CODE>nu-<VENDOR_ID>2377.<VENDOR_ID>.9~<VENDOR_ID>4<VENDOR_ID>/RELEASE_ARM64_T6000
        arm64","hostname":"MacBookPro.localdomain"}'
      Content-Type:
      - application/<VENDOR_AUTH_CODE>-www-form-urlencoded
      Accept-Encoding:
      - gzip;q=<VENDOR_ID>.0,deflate;q=0.6,identity;q=0.3
      Accept:
      - "*/*"
  response:
    status:
      code: 200
      message: OK
    headers:
      Server:
      - ngin<VENDOR_AUTH_CODE>
      Date:
      - Mon, 03 Nov 2025 <VENDOR_ID>5:03:59 GMT
      Content-Type:
      - application/json
      Content-Length:
      - '670'
      Connection:
      - keep-alive
      Access-Control-Allow-Credentials:
      - 'true'
      Access-Control-Allow-Methods:
      - GET, HEAD, PUT, PATCH, POST, DELETE
      Access-Control-Allow-Origin:
      - "*"
      Cache-Control:
      - no-cache, no-store
      Content-Security-Policy:
      - base-uri 'none'; default-src 'none'; form-action 'none'; frame-ancestors 'none';
        img-src 'self'; script-src 'self' 'report-sample'; style-src 'self'; worker-src
        'none'; upgrade-insecure-requests; report-uri https://q.stripe.com/csp-violation?q=B<VENDOR_AUTH_CODE>uYTK4kvcUEvNoeBy_kXarJ8oWgPm5pM0nwBGDITrurp_U5eiyO0OF8BtqfZQ37o_k8FGSbooKREFD-
      Idempotency-Key:
      - 5389498e-02e6-4f44-8902-<VENDOR_ID>56c29e798<VENDOR_ID>7
      Original-Request:
      - req_L5rkJb<VENDOR_ID>fXSCNlf
      Request-Id:
      - req_L5rkJb<VENDOR_ID>fXSCNlf
      Stripe-Should-Retry:
      - 'false'
      Stripe-Version:
      - 2025-<VENDOR_ID>0-29.clover
      Vary:
      - Origin
      X-Stripe-Priority-Routing-Enabled:
      - 'true'
      X-Wc:
      - ABGHIJ
      Strict-Transport-Security:
      - ma<VENDOR_AUTH_CODE>-age=63072000; includeSubDomains; preload
      Access-Control-E<VENDOR_AUTH_CODE>pose-Headers:
      - Request-Id, Stripe-Manage-Version, Stripe-Should-Retry, X-Stripe-E<VENDOR_AUTH_CODE>ternal-Auth-Required,
        X-Stripe-Privileged-Session-Required
      Access-Control-Ma<VENDOR_AUTH_CODE>-Age:
      - '300'
      X-Stripe-Routing-Conte<VENDOR_AUTH_CODE>t-Priority-Tier:
      - api-testmode
    body:
      encoding: UTF-8
      string: |-
        {
          "id": "ii_<VENDOR_ID>SPPIZKXBGcbgpbZ22GX2e3S",
          "object": "invoiceitem",
          "amount": <VENDOR_ID>000,
          "currency": "usd",
          "customer": "cus_TM7XsHEoq<VENDOR_ID>Te<VENDOR_ID>j",
          "date": <VENDOR_ID>762<VENDOR_ID>82239,
          "description": "One-time setup fee",
          "discountable": true,
          "discounts": [],
          "invoice": null,
          "livemode": false,
          "metadata": {},
          "parent": null,
          "period": {
            "end": <VENDOR_ID>762<VENDOR_ID>82239,
            "start": <VENDOR_ID>762<VENDOR_ID>82239
          },
          "pricing": {
            "price_details": {
              "price": "price_<VENDOR_ID>PmHofKXBGcbgpbZCVOHQep3",
              "product": "prod_QdYwATBkKi2FtY"
            },
            "type": "price_details",
            "unit_amount_decimal": "<VENDOR_ID>000"
          },
          "proration": false,
          "quantity": <VENDOR_ID>,
          "ta<VENDOR_AUTH_CODE>_rates": [],
          "test_clock": null
        }
  recorded_at: Mon, 03 Nov 2025 15:03:59 GMT
- request:
    method: post
    uri: https://api.stripe.com/v<VENDOR_ID>/invoices
    body:
      encoding: UTF-8
      string: pending_invoice_items_behavior=include&customer=cus_TM7XsHEoq<VENDOR_ID>Te<VENDOR_ID>j
    headers:
      User-Agent:
      - Stripe/v<VENDOR_ID> RubyBindings/<VENDOR_ID>7.<VENDOR_ID>.0 PayRails/<VENDOR_ID><VENDOR_ID>.2.3
        (https://github.com/pay-rails/pay)
      Authorization:
      - Bearer sk_test_e<VENDOR_AUTH_CODE>0JDdQGDv6z2QmAIVQUOyE6
      X-Stripe-Client-Telemetry:
      - '{"last_request_metrics":{"request_id":"req_L5rkJb<VENDOR_ID>fXSCNlf","request_duration_ms":236}}'
      Idempotency-Key:
      - 33daf<VENDOR_ID>95-f532-47d8-8255-6df9548c9557
      Stripe-Version:
      - 2025-<VENDOR_ID>0-29.clover
      X-Stripe-Client-User-Agent:
      - '{"application":{"name":"PayRails","partner_id":"pp_partner_IqhY0UE<VENDOR_AUTH_CODE>nJYL<VENDOR_AUTH_CODE>g","url":"https://github.com/pay-rails/pay","version":"<VENDOR_ID><VENDOR_ID>.2.3"},"bindings_version":"<VENDOR_ID>7.<VENDOR_ID>.0","lang":"ruby","lang_version":"3.4.5
        p5<VENDOR_ID> (2025-07-<VENDOR_ID>6)","platform":"arm64-darwin24","engine":"ruby","publisher":"stripe","uname":"Darwin
        MacBookPro.localdomain 25.0.0 Darwin Kernel Version 25.0.0: Wed Sep <VENDOR_ID>7
        2<VENDOR_ID>:4<VENDOR_ID>:45 PDT 2025; root:<VENDOR_AUTH_CODE>nu-<VENDOR_ID>2377.<VENDOR_ID>.9~<VENDOR_ID>4<VENDOR_ID>/RELEASE_ARM64_T6000
        arm64","hostname":"MacBookPro.localdomain"}'
      Content-Type:
      - application/<VENDOR_AUTH_CODE>-www-form-urlencoded
      Accept-Encoding:
      - gzip;q=<VENDOR_ID>.0,deflate;q=0.6,identity;q=0.3
      Accept:
      - "*/*"
  response:
    status:
      code: 200
      message: OK
    headers:
      Server:
      - ngin<VENDOR_AUTH_CODE>
      Date:
      - Mon, 03 Nov 2025 <VENDOR_ID>5:04:00 GMT
      Content-Type:
      - application/json
      Content-Length:
      - 376<VENDOR_ID>
      Connection:
      - keep-alive
      Access-Control-Allow-Credentials:
      - 'true'
      Access-Control-Allow-Methods:
      - GET, HEAD, PUT, PATCH, POST, DELETE
      Access-Control-Allow-Origin:
      - "*"
      Cache-Control:
      - no-cache, no-store
      Content-Security-Policy:
      - base-uri 'none'; default-src 'none'; form-action 'none'; frame-ancestors 'none';
        img-src 'self'; script-src 'self' 'report-sample'; style-src 'self'; worker-src
        'none'; upgrade-insecure-requests; report-uri https://q.stripe.com/csp-violation?q=B<VENDOR_AUTH_CODE>uYTK4kvcUEvNoeBy_kXarJ8oWgPm5pM0nwBGDITrurp_U5eiyO0OF8BtqfZQ37o_k8FGSbooKREFD-
      Idempotency-Key:
      - 33daf<VENDOR_ID>95-f532-47d8-8255-6df9548c9557
      Original-Request:
      - req_tdOUgB97ChzuoZ
      Request-Id:
      - req_tdOUgB97ChzuoZ
      Stripe-Should-Retry:
      - 'false'
      Stripe-Version:
      - 2025-<VENDOR_ID>0-29.clover
      Vary:
      - Origin
      X-Stripe-Priority-Routing-Enabled:
      - 'true'
      X-Wc:
      - ABGHIJ
      Strict-Transport-Security:
      - ma<VENDOR_AUTH_CODE>-age=63072000; includeSubDomains; preload
      Access-Control-E<VENDOR_AUTH_CODE>pose-Headers:
      - Request-Id, Stripe-Manage-Version, Stripe-Should-Retry, X-Stripe-E<VENDOR_AUTH_CODE>ternal-Auth-Required,
        X-Stripe-Privileged-Session-Required
      Access-Control-Ma<VENDOR_AUTH_CODE>-Age:
      - '300'
      X-Stripe-Routing-Conte<VENDOR_AUTH_CODE>t-Priority-Tier:
      - api-testmode
    body:
      encoding: UTF-8
      string: |-
        {
          "id": "in_<VENDOR_ID>SPPIZKXBGcbgpbZ7jLLFkUK",
          "object": "invoice",
          "account_country": "US",
          "account_name": "Pay",
          "account_ta<VENDOR_AUTH_CODE>_ids": null,
          "amount_due": <VENDOR_ID>000,
          "amount_overpaid": 0,
          "amount_paid": 0,
          "amount_remaining": <VENDOR_ID>000,
          "amount_shipping": 0,
          "application": null,
          "attempt_count": 0,
          "attempted": false,
          "auto_advance": false,
          "automatic_ta<VENDOR_AUTH_CODE>": {
            "disabled_reason": null,
            "enabled": false,
            "liability": null,
            "provider": null,
            "status": null
          },
          "automatically_finalizes_at": null,
          "billing_reason": "manual",
          "collection_method": "charge_automatically",
          "created": <VENDOR_ID>762<VENDOR_ID>82239,
          "currency": "usd",
          "custom_fields": null,
          "customer": "cus_TM7XsHEoq<VENDOR_ID>Te<VENDOR_ID>j",
          "customer_address": null,
          "customer_email": "stripe@e<VENDOR_AUTH_CODE>ample.org",
          "customer_name": "Stripe User",
          "customer_phone": null,
          "customer_shipping": null,
          "customer_ta<VENDOR_AUTH_CODE>_e<VENDOR_AUTH_CODE>empt": "none",
          "customer_ta<VENDOR_AUTH_CODE>_ids": [],
          "default_payment_method": null,
          "default_source": null,
          "default_ta<VENDOR_AUTH_CODE>_rates": [],
          "description": null,
          "discounts": [],
          "due_date": null,
          "effective_at": null,
          "ending_balance": null,
          "footer": null,
          "from_invoice": null,
          "hosted_invoice_url": null,
          "invoice_pdf": null,
          "issuer": {
            "type": "self"
          },
          "last_finalization_error": null,
          "latest_revision": null,
          "lines": {
            "object": "list",
            "data": [
              {
                "id": "il_<VENDOR_ID>SPPIZKXBGcbgpbZ6qyahdAb",
                "object": "line_item",
                "amount": <VENDOR_ID>000,
                "currency": "usd",
                "description": "One-time setup fee",
                "discount_amounts": [],
                "discountable": true,
                "discounts": [],
                "invoice": "in_<VENDOR_ID>SPPIZKXBGcbgpbZ7jLLFkUK",
                "livemode": false,
                "metadata": {},
                "parent": {
                  "invoice_item_details": {
                    "invoice_item": "ii_<VENDOR_ID>SPPIZKXBGcbgpbZ22GX2e3S",
                    "proration": false,
                    "proration_details": {
                      "credited_items": null
                    },
                    "subscription": null
                  },
                  "subscription_item_details": null,
                  "type": "invoice_item_details"
                },
                "period": {
                  "end": <VENDOR_ID>762<VENDOR_ID>82239,
                  "start": <VENDOR_ID>762<VENDOR_ID>82239
                },
                "preta<VENDOR_AUTH_CODE>_credit_amounts": [],
                "pricing": {
                  "price_details": {
                    "price": "price_<VENDOR_ID>PmHofKXBGcbgpbZCVOHQep3",
                    "product": "prod_QdYwATBkKi2FtY"
                  },
                  "type": "price_details",
                  "unit_amount_decimal": "<VENDOR_ID>000"
                },
                "quantity": <VENDOR_ID>,
                "ta<VENDOR_AUTH_CODE>es": []
              }
            ],
            "has_more": false,
            "total_count": <VENDOR_ID>,
            "url": "/v<VENDOR_ID>/invoices/in_<VENDOR_ID>SPPIZKXBGcbgpbZ7jLLFkUK/lines"
          },
          "livemode": false,
          "metadata": {},
          "ne<VENDOR_AUTH_CODE>t_payment_attempt": null,
          "number": null,
          "on_behalf_of": null,
          "parent": null,
          "payment_settings": {
            "default_mandate": null,
            "payment_method_options": null,
            "payment_method_types": null
          },
          "period_end": <VENDOR_ID>762<VENDOR_ID>82239,
          "period_start": <VENDOR_ID>762<VENDOR_ID>82239,
          "post_payment_credit_notes_amount": 0,
          "pre_payment_credit_notes_amount": 0,
          "receipt_number": null,
          "rendering": {
            "amount_ta<VENDOR_AUTH_CODE>_display": null,
            "pdf": {
              "page_size": "auto"
            },
            "template": null,
            "template_version": null
          },
          "shipping_cost": null,
          "shipping_details": null,
          "starting_balance": 0,
          "statement_descriptor": null,
          "status": "draft",
          "status_transitions": {
            "finalized_at": null,
            "marked_uncollectible_at": null,
            "paid_at": null,
            "voided_at": null
          },
          "subtotal": <VENDOR_ID>000,
          "subtotal_e<VENDOR_AUTH_CODE>cluding_ta<VENDOR_AUTH_CODE>": <VENDOR_ID>000,
          "test_clock": null,
          "total": <VENDOR_ID>000,
          "total_discount_amounts": [],
          "total_e<VENDOR_AUTH_CODE>cluding_ta<VENDOR_AUTH_CODE>": <VENDOR_ID>000,
          "total_preta<VENDOR_AUTH_CODE>_credit_amounts": [],
          "total_ta<VENDOR_AUTH_CODE>es": [],
          "webhooks_delivered_at": <VENDOR_ID>762<VENDOR_ID>82239
        }
  recorded_at: Mon, 03 Nov 2025 15:04:00 GMT
- request:
    method: post
    uri: https://api.stripe.com/v<VENDOR_ID>/invoices/in_<VENDOR_ID>SPPIZKXBGcbgpbZ7jLLFkUK/pay
    body:
      encoding: US-ASCII
      string: ''
    headers:
      User-Agent:
      - Stripe/v<VENDOR_ID> RubyBindings/<VENDOR_ID>7.<VENDOR_ID>.0 PayRails/<VENDOR_ID><VENDOR_ID>.2.3
        (https://github.com/pay-rails/pay)
      Authorization:
      - Bearer sk_test_e<VENDOR_AUTH_CODE>0JDdQGDv6z2QmAIVQUOyE6
      X-Stripe-Client-Telemetry:
      - '{"last_request_metrics":{"request_id":"req_tdOUgB97ChzuoZ","request_duration_ms":495}}'
      Idempotency-Key:
      - 65abdc<VENDOR_ID>a-b93c-4fad-b273-64<VENDOR_ID>7f9a6<VENDOR_ID>32e
      Stripe-Version:
      - 2025-<VENDOR_ID>0-29.clover
      X-Stripe-Client-User-Agent:
      - '{"application":{"name":"PayRails","partner_id":"pp_partner_IqhY0UE<VENDOR_AUTH_CODE>nJYL<VENDOR_AUTH_CODE>g","url":"https://github.com/pay-rails/pay","version":"<VENDOR_ID><VENDOR_ID>.2.3"},"bindings_version":"<VENDOR_ID>7.<VENDOR_ID>.0","lang":"ruby","lang_version":"3.4.5
        p5<VENDOR_ID> (2025-07-<VENDOR_ID>6)","platform":"arm64-darwin24","engine":"ruby","publisher":"stripe","uname":"Darwin
        MacBookPro.localdomain 25.0.0 Darwin Kernel Version 25.0.0: Wed Sep <VENDOR_ID>7
        2<VENDOR_ID>:4<VENDOR_ID>:45 PDT 2025; root:<VENDOR_AUTH_CODE>nu-<VENDOR_ID>2377.<VENDOR_ID>.9~<VENDOR_ID>4<VENDOR_ID>/RELEASE_ARM64_T6000
        arm64","hostname":"MacBookPro.localdomain"}'
      Content-Type:
      - application/<VENDOR_AUTH_CODE>-www-form-urlencoded
      Accept-Encoding:
      - gzip;q=<VENDOR_ID>.0,deflate;q=0.6,identity;q=0.3
      Accept:
      - "*/*"
  response:
    status:
      code: 200
      message: OK
    headers:
      Server:
      - ngin<VENDOR_AUTH_CODE>
      Date:
      - Mon, 03 Nov 2025 <VENDOR_ID>5:04:03 GMT
      Content-Type:
      - application/json
      Content-Length:
      - 4<VENDOR_ID>07
      Connection:
      - keep-alive
      Access-Control-Allow-Credentials:
      - 'true'
      Access-Control-Allow-Methods:
      - GET, HEAD, PUT, PATCH, POST, DELETE
      Access-Control-Allow-Origin:
      - "*"
      Cache-Control:
      - no-cache, no-store
      Content-Security-Policy:
      - base-uri 'none'; default-src 'none'; form-action 'none'; frame-ancestors 'none';
        img-src 'self'; script-src 'self' 'report-sample'; style-src 'self'; worker-src
        'none'; upgrade-insecure-requests; report-uri https://q.stripe.com/csp-violation?q=B<VENDOR_AUTH_CODE>uYTK4kvcUEvNoeBy_kXarJ8oWgPm5pM0nwBGDITrurp_U5eiyO0OF8BtqfZQ37o_k8FGSbooKREFD-
      Idempotency-Key:
      - 65abdc<VENDOR_ID>a-b93c-4fad-b273-64<VENDOR_ID>7f9a6<VENDOR_ID>32e
      Original-Request:
      - req_yrgXaIRpASkDS7
      Request-Id:
      - req_yrgXaIRpASkDS7
      Stripe-Should-Retry:
      - 'false'
      Stripe-Version:
      - 2025-<VENDOR_ID>0-29.clover
      Vary:
      - Origin
      X-Stripe-Priority-Routing-Enabled:
      - 'true'
      X-Wc:
      - ABGHIJ
      Strict-Transport-Security:
      - ma<VENDOR_AUTH_CODE>-age=63072000; includeSubDomains; preload
      Access-Control-E<VENDOR_AUTH_CODE>pose-Headers:
      - Request-Id, Stripe-Manage-Version, Stripe-Should-Retry, X-Stripe-E<VENDOR_AUTH_CODE>ternal-Auth-Required,
        X-Stripe-Privileged-Session-Required
      Access-Control-Ma<VENDOR_AUTH_CODE>-Age:
      - '300'
      X-Stripe-Routing-Conte<VENDOR_AUTH_CODE>t-Priority-Tier:
      - api-testmode
    body:
      encoding: UTF-8
      string: |-
        {
          "id": "in_<VENDOR_ID>SPPIZKXBGcbgpbZ7jLLFkUK",
          "object": "invoice",
          "account_country": "US",
          "account_name": "Pay",
          "account_ta<VENDOR_AUTH_CODE>_ids": null,
          "amount_due": <VENDOR_ID>000,
          "amount_overpaid": 0,
          "amount_paid": <VENDOR_ID>000,
          "amount_remaining": 0,
          "amount_shipping": 0,
          "application": null,
          "attempt_count": <VENDOR_ID>,
          "attempted": true,
          "auto_advance": false,
          "automatic_ta<VENDOR_AUTH_CODE>": {
            "disabled_reason": null,
            "enabled": false,
            "liability": null,
            "provider": null,
            "status": null
          },
          "automatically_finalizes_at": null,
          "billing_reason": "manual",
          "collection_method": "charge_automatically",
          "created": <VENDOR_ID>762<VENDOR_ID>82239,
          "currency": "usd",
          "custom_fields": null,
          "customer": "cus_TM7XsHEoq<VENDOR_ID>Te<VENDOR_ID>j",
          "customer_address": null,
          "customer_email": "stripe@e<VENDOR_AUTH_CODE>ample.org",
          "customer_name": "Stripe User",
          "customer_phone": null,
          "customer_shipping": null,
          "customer_ta<VENDOR_AUTH_CODE>_e<VENDOR_AUTH_CODE>empt": "none",
          "customer_ta<VENDOR_AUTH_CODE>_ids": [],
          "default_payment_method": null,
          "default_source": null,
          "default_ta<VENDOR_AUTH_CODE>_rates": [],
          "description": null,
          "discounts": [],
          "due_date": null,
          "effective_at": <VENDOR_ID>762<VENDOR_ID>82240,
          "ending_balance": 0,
          "footer": null,
          "from_invoice": null,
          "hosted_invoice_url": "https://invoice.stripe.com/i/acct_<VENDOR_ID>E4bfnKXBGcbgpbZ/test_YWNjdF8<VENDOR_AUTH_CODE>RTRiZm5LWEJHY2JncGJaLF9UTTdYbkE<VENDOR_AUTH_CODE>TTZSQk5EV<VENDOR_ID>FzcTZKb2s4VFpET25aaGRiLDE<VENDOR_ID>MjcyMzA0Mg0200yzdd0foM?s=ap",
          "invoice_pdf": "https://pay.stripe.com/invoice/acct_<VENDOR_ID>E4bfnKXBGcbgpbZ/test_YWNjdF8<VENDOR_AUTH_CODE>RTRiZm5LWEJHY2JncGJaLF9UTTdYbkE<VENDOR_AUTH_CODE>TTZSQk5EV<VENDOR_ID>FzcTZKb2s4VFpET25aaGRiLDE<VENDOR_ID>MjcyMzA0Mg0200yzdd0foM/pdf?s=ap",
          "issuer": {
            "type": "self"
          },
          "last_finalization_error": null,
          "latest_revision": null,
          "lines": {
            "object": "list",
            "data": [
              {
                "id": "il_<VENDOR_ID>SPPIZKXBGcbgpbZ6qyahdAb",
                "object": "line_item",
                "amount": <VENDOR_ID>000,
                "currency": "usd",
                "description": "One-time setup fee",
                "discount_amounts": [],
                "discountable": true,
                "discounts": [],
                "invoice": "in_<VENDOR_ID>SPPIZKXBGcbgpbZ7jLLFkUK",
                "livemode": false,
                "metadata": {},
                "parent": {
                  "invoice_item_details": {
                    "invoice_item": "ii_<VENDOR_ID>SPPIZKXBGcbgpbZ22GX2e3S",
                    "proration": false,
                    "proration_details": {
                      "credited_items": null
                    },
                    "subscription": null
                  },
                  "subscription_item_details": null,
                  "type": "invoice_item_details"
                },
                "period": {
                  "end": <VENDOR_ID>762<VENDOR_ID>82239,
                  "start": <VENDOR_ID>762<VENDOR_ID>82239
                },
                "preta<VENDOR_AUTH_CODE>_credit_amounts": [],
                "pricing": {
                  "price_details": {
                    "price": "price_<VENDOR_ID>PmHofKXBGcbgpbZCVOHQep3",
                    "product": "prod_QdYwATBkKi2FtY"
                  },
                  "type": "price_details",
                  "unit_amount_decimal": "<VENDOR_ID>000"
                },
                "quantity": <VENDOR_ID>,
                "ta<VENDOR_AUTH_CODE>es": []
              }
            ],
            "has_more": false,
            "total_count": <VENDOR_ID>,
            "url": "/v<VENDOR_ID>/invoices/in_<VENDOR_ID>SPPIZKXBGcbgpbZ7jLLFkUK/lines"
          },
          "livemode": false,
          "metadata": {},
          "ne<VENDOR_AUTH_CODE>t_payment_attempt": null,
          "number": "IZB6C9GK-000<VENDOR_ID>",
          "on_behalf_of": null,
          "parent": null,
          "payment_settings": {
            "default_mandate": null,
            "payment_method_options": null,
            "payment_method_types": null
          },
          "period_end": <VENDOR_ID>762<VENDOR_ID>82239,
          "period_start": <VENDOR_ID>762<VENDOR_ID>82239,
          "post_payment_credit_notes_amount": 0,
          "pre_payment_credit_notes_amount": 0,
          "receipt_number": null,
          "rendering": {
            "amount_ta<VENDOR_AUTH_CODE>_display": null,
            "pdf": {
              "page_size": "letter"
            },
            "template": null,
            "template_version": null
          },
          "shipping_cost": null,
          "shipping_details": null,
          "starting_balance": 0,
          "statement_descriptor": null,
          "status": "paid",
          "status_transitions": {
            "finalized_at": <VENDOR_ID>762<VENDOR_ID>82240,
            "marked_uncollectible_at": null,
            "paid_at": <VENDOR_ID>762<VENDOR_ID>82240,
            "voided_at": null
          },
          "subtotal": <VENDOR_ID>000,
          "subtotal_e<VENDOR_AUTH_CODE>cluding_ta<VENDOR_AUTH_CODE>": <VENDOR_ID>000,
          "test_clock": null,
          "total": <VENDOR_ID>000,
          "total_discount_amounts": [],
          "total_e<VENDOR_AUTH_CODE>cluding_ta<VENDOR_AUTH_CODE>": <VENDOR_ID>000,
          "total_preta<VENDOR_AUTH_CODE>_credit_amounts": [],
          "total_ta<VENDOR_AUTH_CODE>es": [],
          "webhooks_delivered_at": <VENDOR_ID>762<VENDOR_ID>82239
        }
  recorded_at: Mon, 03 Nov 2025 15:04:03 GMT
recorded_with: VCR 6.3.1
